Archive member included to satisfy reference by file (symbol)

c:/nxp/mcuxpressoide_11.4.0_6224/ide/plugins/com.nxp.mcuxpresso.tools.win32_11.4.0.202103011116/tools/bin/../lib/gcc/arm-none-eabi/10.2.1/../../../../arm-none-eabi/lib/thumb/v7e-m+fp/hard\libcr_nohost_nf.a(_cr__main.o)
                              ./startup/startup_mk64f12.o (__main)
c:/nxp/mcuxpressoide_11.4.0_6224/ide/plugins/com.nxp.mcuxpresso.tools.win32_11.4.0.202103011116/tools/bin/../lib/gcc/arm-none-eabi/10.2.1/../../../../arm-none-eabi/lib/thumb/v7e-m+fp/hard\libcr_nohost_nf.a(_cr_assert.o)
                              ./drivers/fsl_adc16.o (__assertion_failed)
c:/nxp/mcuxpressoide_11.4.0_6224/ide/plugins/com.nxp.mcuxpresso.tools.win32_11.4.0.202103011116/tools/bin/../lib/gcc/arm-none-eabi/10.2.1/../../../../arm-none-eabi/lib/thumb/v7e-m+fp/hard\libcr_nohost_nf.a(__ciob.o)
                              c:/nxp/mcuxpressoide_11.4.0_6224/ide/plugins/com.nxp.mcuxpresso.tools.win32_11.4.0.202103011116/tools/bin/../lib/gcc/arm-none-eabi/10.2.1/../../../../arm-none-eabi/lib/thumb/v7e-m+fp/hard\libcr_nohost_nf.a(_cr_assert.o) (__Ciob)
c:/nxp/mcuxpressoide_11.4.0_6224/ide/plugins/com.nxp.mcuxpresso.tools.win32_11.4.0.202103011116/tools/bin/../lib/gcc/arm-none-eabi/10.2.1/../../../../arm-none-eabi/lib/thumb/v7e-m+fp/hard\libcr_nohost_nf.a(__sys_appexit.o)
                              c:/nxp/mcuxpressoide_11.4.0_6224/ide/plugins/com.nxp.mcuxpresso.tools.win32_11.4.0.202103011116/tools/bin/../lib/gcc/arm-none-eabi/10.2.1/../../../../arm-none-eabi/lib/thumb/v7e-m+fp/hard\libcr_nohost_nf.a(_cr_assert.o) (__sys_appexit)
c:/nxp/mcuxpressoide_11.4.0_6224/ide/plugins/com.nxp.mcuxpresso.tools.win32_11.4.0.202103011116/tools/bin/../lib/gcc/arm-none-eabi/10.2.1/../../../../arm-none-eabi/lib/thumb/v7e-m+fp/hard\libcr_c.a(memcpy.o)
                              ./utilities/fsl_str.o (memcpy)
c:/nxp/mcuxpressoide_11.4.0_6224/ide/plugins/com.nxp.mcuxpresso.tools.win32_11.4.0.202103011116/tools/bin/../lib/gcc/arm-none-eabi/10.2.1/../../../../arm-none-eabi/lib/thumb/v7e-m+fp/hard\libcr_c.a(memset.o)
                              ./utilities/fsl_debug_console.o (memset)
c:/nxp/mcuxpressoide_11.4.0_6224/ide/plugins/com.nxp.mcuxpresso.tools.win32_11.4.0.202103011116/tools/bin/../lib/gcc/arm-none-eabi/10.2.1/../../../../arm-none-eabi/lib/thumb/v7e-m+fp/hard\libcr_c.a(_deferredlazyseek.o)
                              c:/nxp/mcuxpressoide_11.4.0_6224/ide/plugins/com.nxp.mcuxpresso.tools.win32_11.4.0.202103011116/tools/bin/../lib/gcc/arm-none-eabi/10.2.1/../../../../arm-none-eabi/lib/thumb/v7e-m+fp/hard\libcr_nohost_nf.a(_cr_assert.o) (__flsbuf)
c:/nxp/mcuxpressoide_11.4.0_6224/ide/plugins/com.nxp.mcuxpresso.tools.win32_11.4.0.202103011116/tools/bin/../lib/gcc/arm-none-eabi/10.2.1/../../../../arm-none-eabi/lib/thumb/v7e-m+fp/hard\libcr_c.a(_fflush.o)
                              c:/nxp/mcuxpressoide_11.4.0_6224/ide/plugins/com.nxp.mcuxpresso.tools.win32_11.4.0.202103011116/tools/bin/../lib/gcc/arm-none-eabi/10.2.1/../../../../arm-none-eabi/lib/thumb/v7e-m+fp/hard\libcr_c.a(_deferredlazyseek.o) (_fflush)
c:/nxp/mcuxpressoide_11.4.0_6224/ide/plugins/com.nxp.mcuxpresso.tools.win32_11.4.0.202103011116/tools/bin/../lib/gcc/arm-none-eabi/10.2.1/../../../../arm-none-eabi/lib/thumb/v7e-m+fp/hard\libcr_c.a(_writebuf.o)
                              c:/nxp/mcuxpressoide_11.4.0_6224/ide/plugins/com.nxp.mcuxpresso.tools.win32_11.4.0.202103011116/tools/bin/../lib/gcc/arm-none-eabi/10.2.1/../../../../arm-none-eabi/lib/thumb/v7e-m+fp/hard\libcr_c.a(_deferredlazyseek.o) (_Cwritebuf)
c:/nxp/mcuxpressoide_11.4.0_6224/ide/plugins/com.nxp.mcuxpresso.tools.win32_11.4.0.202103011116/tools/bin/../lib/gcc/arm-none-eabi/10.2.1/../../../../arm-none-eabi/lib/thumb/v7e-m+fp/hard\libcr_c.a(alloc.o)
                              ./drivers/fsl_common.o (malloc)
c:/nxp/mcuxpressoide_11.4.0_6224/ide/plugins/com.nxp.mcuxpresso.tools.win32_11.4.0.202103011116/tools/bin/../lib/gcc/arm-none-eabi/10.2.1/../../../../arm-none-eabi/lib/thumb/v7e-m+fp/hard\libcr_c.a(errno.o)
                              ./utilities/fsl_str.o (errno)
c:/nxp/mcuxpressoide_11.4.0_6224/ide/plugins/com.nxp.mcuxpresso.tools.win32_11.4.0.202103011116/tools/bin/../lib/gcc/arm-none-eabi/10.2.1/../../../../arm-none-eabi/lib/thumb/v7e-m+fp/hard\libcr_c.a(fputs.o)
                              c:/nxp/mcuxpressoide_11.4.0_6224/ide/plugins/com.nxp.mcuxpresso.tools.win32_11.4.0.202103011116/tools/bin/../lib/gcc/arm-none-eabi/10.2.1/../../../../arm-none-eabi/lib/thumb/v7e-m+fp/hard\libcr_nohost_nf.a(_cr_assert.o) (fputs)
c:/nxp/mcuxpressoide_11.4.0_6224/ide/plugins/com.nxp.mcuxpresso.tools.win32_11.4.0.202103011116/tools/bin/../lib/gcc/arm-none-eabi/10.2.1/../../../../arm-none-eabi/lib/thumb/v7e-m+fp/hard\libcr_c.a(fseek.o)
[...]
Memory Configuration

Name             Origin             Length             Attributes
PROGRAM_FLASH    0x00000000         0x00100000         xr
SRAM_UPPER       0x20000000         0x00030000         xrw
SRAM_LOWER       0x1fff0000         0x00010000         xrw
FLEX_RAM         0x14000000         0x00001000         xrw
*default*        0x00000000         0xffffffff

Linker script and memory map

LOAD ./utilities/fsl_debug_console.o
LOAD ./utilities/fsl_str.o
LOAD ./startup/startup_mk64f12.o
LOAD ./source/MK64F12_UART_Arduino_Interrupt.o
LOAD ./source/semihost_hardfault.o
LOAD ./drivers/fsl_adc16.o
LOAD ./drivers/fsl_clock.o
LOAD ./drivers/fsl_common.o
LOAD ./drivers/fsl_common_arm.o
LOAD ./drivers/fsl_gpio.o
LOAD ./drivers/fsl_i2c.o
LOAD ./drivers/fsl_pit.o
LOAD ./drivers/fsl_smc.o
LOAD ./drivers/fsl_uart.o
LOAD ./device/system_MK64F12.o
LOAD ./component/uart/fsl_adapter_uart.o
LOAD ./component/serial_manager/fsl_component_serial_manager.o
LOAD ./component/serial_manager/fsl_component_serial_port_uart.o
LOAD ./component/lists/fsl_component_generic_list.o
LOAD ./board/board.o
LOAD ./board/clock_config.o
LOAD ./board/peripherals.o
LOAD ./board/pin_mux.o
START GROUP
LOAD c:/nxp/mcuxpressoide_11.4.0_6224/ide/plugins/com.nxp.mcuxpresso.tools.win32_11.4.0.202103011116/tools/bin/../lib/gcc/arm-none-eabi/10.2.1/../../../../arm-none-eabi/lib/thumb/v7e-m+fp/hard\libcr_nohost_nf.a
LOAD c:/nxp/mcuxpressoide_11.4.0_6224/ide/plugins/com.nxp.mcuxpresso.tools.win32_11.4.0.202103011116/tools/bin/../lib/gcc/arm-none-eabi/10.2.1/../../../../arm-none-eabi/lib/thumb/v7e-m+fp/hard\libcr_c.a
LOAD c:/nxp/mcuxpressoide_11.4.0_6224/ide/plugins/com.nxp.mcuxpresso.tools.win32_11.4.0.202103011116/tools/bin/../lib/gcc/arm-none-eabi/10.2.1/thumb/v7e-m+fp/hard\libcr_eabihelpers.a
LOAD c:/nxp/mcuxpressoide_11.4.0_6224/ide/plugins/com.nxp.mcuxpresso.tools.win32_11.4.0.202103011116/tools/bin/../lib/gcc/arm-none-eabi/10.2.1/thumb/v7e-m+fp/hard\libgcc.a
END GROUP
                0x00000000                __base_PROGRAM_FLASH = 0x0
                0x00000000                __base_Flash = 0x0
                0x00100000                __top_PROGRAM_FLASH = 0x100000
                0x00100000                __top_Flash = 0x100000
                0x20000000                __base_SRAM_UPPER = 0x20000000
                0x20000000                __base_RAM = 0x20000000
                0x20030000                __top_SRAM_UPPER = 0x20030000
                0x20030000                __top_RAM = 0x20030000
                0x1fff0000                __base_SRAM_LOWER = 0x1fff0000
                0x1fff0000                __base_RAM2 = 0x1fff0000
                0x20000000                __top_SRAM_LOWER = 0x20000000
                0x20000000                __top_RAM2 = 0x20000000
                0x14000000                __base_FLEX_RAM = 0x14000000
                0x14000000                __base_RAM3 = 0x14000000
                0x14001000                __top_FLEX_RAM = 0x14001000
                0x14001000                __top_RAM3 = 0x14001000

.text           0x00000000     0x4ee8
 FILL mask 0xff
                0x00000000                __vectors_start__ = ABSOLUTE (.)
 *(SORT_BY_ALIGNMENT(.isr_vector))
 .isr_vector    0x00000000      0x198 ./startup/startup_mk64f12.o
                0x00000000                g_pfnVectors
                0x00000000                __Vectors
                0x00000198                . = ALIGN (0x4)
                0x00000198                __section_table_start = .
                0x00000198                __data_section_table = .
                0x00000198        0x4 LONG 0x4ee8 LOADADDR (.data)
                0x0000019c        0x4 LONG 0x20000000 ADDR (.data)
                0x000001a0        0x4 LONG 0x10 SIZEOF (.data)
                0x000001a4        0x4 LONG 0x4ee8 LOADADDR (.data_RAM2)
                0x000001a8        0x4 LONG 0x1fff0000 ADDR (.data_RAM2)
                0x000001ac        0x4 LONG 0x0 SIZEOF (.data_RAM2)
                0x000001b0        0x4 LONG 0x4ee8 LOADADDR (.data_RAM3)
                0x000001b4        0x4 LONG 0x14000000 ADDR (.data_RAM3)
                0x000001b8        0x4 LONG 0x0 SIZEOF (.data_RAM3)
                0x000001bc                __data_section_table_end = .
                0x000001bc                __bss_section_table = .
                0x000001bc        0x4 LONG 0x20000010 ADDR (.bss)
                0x000001c0        0x4 LONG 0x178 SIZEOF (.bss)
                0x000001c4        0x4 LONG 0x1fff0000 ADDR (.bss_RAM2)
                0x000001c8        0x4 LONG 0x0 SIZEOF (.bss_RAM2)
                0x000001cc        0x4 LONG 0x14000000 ADDR (.bss_RAM3)
                0x000001d0        0x4 LONG 0x0 SIZEOF (.bss_RAM3)
                0x000001d4                __bss_section_table_end = .
                0x000001d4                __section_table_end = .
 *(SORT_BY_ALIGNMENT(.after_vectors*))
 .after_vectors.reset
                0x000001d4       0x4c ./startup/startup_mk64f12.o
                0x000001d4                ResetISR
 .after_vectors.init_data
                0x00000220       0x1e ./startup/startup_mk64f12.o
                0x00000220                data_init
 .after_vectors.init_bss
                0x0000023e       0x12 ./startup/startup_mk64f12.o
                0x0000023e                bss_init
 .after_vectors
                0x00000250       0x14 ./startup/startup_mk64f12.o
                0x00000250                NMI_Handler
                0x00000254                MemManage_Handler
                0x00000256                BusFault_Handler
                0x00000258                UsageFault_Handler
                0x0000025a                SVC_Handler
                0x0000025c                DebugMon_Handler
                0x0000025e                PendSV_Handler
                0x00000260                SysTick_Handler
                0x00000262                DMA_Error_DriverIRQHandler
                0x00000262                LPTMR0_DriverIRQHandler
                0x00000262                FTM1_DriverIRQHandler
                0x00000262                FTM2_DriverIRQHandler
                0x00000262                PIT2_DriverIRQHandler
                0x00000262                SDHC_DriverIRQHandler
                0x00000262                I2S0_Tx_DriverIRQHandler
                0x00000262                RTC_Seconds_DriverIRQHandler
                0x00000262                DMA6_DriverIRQHandler
                0x00000262                LLWU_DriverIRQHandler
                0x00000262                MCM_DriverIRQHandler
                0x00000262                MCG_DriverIRQHandler
                0x00000262                ENET_1588_Timer_DriverIRQHandler
                0x00000262                DAC1_DriverIRQHandler
                0x00000262                SPI1_DriverIRQHandler
                0x00000262                CMP1_DriverIRQHandler
                0x00000262                FTM0_DriverIRQHandler
                0x00000262                IntDefaultHandler
                0x00000262                USB0_DriverIRQHandler
                0x00000262                UART5_ERR_DriverIRQHandler
                0x00000262                PORTC_DriverIRQHandler
                0x00000262                DMA11_DriverIRQHandler
                0x00000262                DAC0_DriverIRQHandler
                0x00000262                DMA10_DriverIRQHandler
                0x00000262                CMP2_DriverIRQHandler
                0x00000262                UART2_ERR_DriverIRQHandler
                0x00000262                SPI2_DriverIRQHandler
                0x00000262                LVD_LVW_DriverIRQHandler
                0x00000262                PIT0_DriverIRQHandler
                0x00000262                DMA12_DriverIRQHandler
                0x00000262                DMA5_DriverIRQHandler
                0x00000262                DMA4_DriverIRQHandler
                0x00000262                USBDCD_DriverIRQHandler
                0x00000262                UART3_ERR_DriverIRQHandler
                0x00000262                DMA3_DriverIRQHandler
                0x00000262                DMA8_DriverIRQHandler
                0x00000262                DMA9_DriverIRQHandler
                0x00000262                UART0_ERR_DriverIRQHandler
                0x00000262                CMT_DriverIRQHandler
                0x00000262                Reserved71_DriverIRQHandler
                0x00000262                ADC1_DriverIRQHandler
                0x00000262                PORTA_DriverIRQHandler
                0x00000262                DMA14_DriverIRQHandler
                0x00000262                PIT3_DriverIRQHandler
                0x00000262                PIT1_DriverIRQHandler
                0x00000262                WDOG_EWM_DriverIRQHandler
                0x00000262                PDB0_DriverIRQHandler
                0x00000262                RTC_DriverIRQHandler
                0x00000262                I2S0_Rx_DriverIRQHandler
                0x00000262                Read_Collision_DriverIRQHandler
                0x00000262                SWI_DriverIRQHandler
                0x00000262                UART4_ERR_DriverIRQHandler
                0x00000262                PORTB_DriverIRQHandler
                0x00000262                UART0_LON_DriverIRQHandler
                0x00000262                DMA0_DriverIRQHandler
                0x00000262                DMA1_DriverIRQHandler
                0x00000262                ENET_Receive_DriverIRQHandler
                0x00000262                DMA13_DriverIRQHandler
                0x00000262                ENET_Error_DriverIRQHandler
                0x00000262                DMA15_DriverIRQHandler
                0x00000262                SPI0_DriverIRQHandler
                0x00000262                ADC0_DriverIRQHandler
                0x00000262                CMP0_DriverIRQHandler
                0x00000262                CAN0_DriverIRQHandler
                0x00000262                FTM3_DriverIRQHandler
                0x00000262                RNG_DriverIRQHandler
                0x00000262                UART1_ERR_DriverIRQHandler
                0x00000262                DMA2_DriverIRQHandler
                0x00000262                ENET_Transmit_DriverIRQHandler
                0x00000262                PORTD_DriverIRQHandler
                0x00000262                PORTE_DriverIRQHandler
                0x00000262                FTFE_DriverIRQHandler
                0x00000262                DMA7_DriverIRQHandler
                0x00000400                . = 0x400
 *fill*         0x00000264      0x19c ff
                0x00000400                PROVIDE (__FLASH_CONFIG_START__ = .)
 *(SORT_BY_ALIGNMENT(.FlashConfig))
 .FlashConfig   0x00000400       0x10 ./startup/startup_mk64f12.o
                0x00000400                Flash_Config
                0x00000410                PROVIDE (__FLASH_CONFIG_END__ = .)
                0x00000001                ASSERT (! ((__FLASH_CONFIG_START__ == __FLASH_CONFIG_END__)), Linker Flash Config Support Enabled, but no .FlashConfig section provided within application)
 *(SORT_BY_ALIGNMENT(.text*))
 .text.ConvertFloatRadixNumToString
                0x00000410      0x2a0 ./utilities/fsl_str.o
 .text.pow      0x000006b0      0x564 c:/nxp/mcuxpressoide_11.4.0_6224/ide/plugins/com.nxp.mcuxpresso.tools.win32_11.4.0.202103011116/tools/bin/../lib/gcc/arm-none-eabi/10.2.1/../../../../arm-none-eabi/lib/thumb/v7e-m+fp/hard\libcr_c.a(pow.o)
                0x000006b0                pow
 *fill*         0x00000c14        0x4 ff
 .text.frexp    0x00000c18       0x68 c:/nxp/mcuxpressoide_11.4.0_6224/ide/plugins/com.nxp.mcuxpresso.tools.win32_11.4.0.202103011116/tools/bin/../lib/gcc/arm-none-eabi/10.2.1/../../../../arm-none-eabi/lib/thumb/v7e-m+fp/hard\libcr_c.a(frexp.o)
                0x00000c18                frexp
 .text.ldexp    0x00000c80       0x5c c:/nxp/mcuxpressoide_11.4.0_6224/ide/plugins/com.nxp.mcuxpresso.tools.win32_11.4.0.202103011116/tools/bin/../lib/gcc/arm-none-eabi/10.2.1/../../../../arm-none-eabi/lib/thumb/v7e-m+fp/hard\libcr_c.a(ldexp.o)
                0x00000c80                ldexp
 .text.DbgConsole_SendDataReliable
                0x00000cdc       0x54 ./utilities/fsl_debug_console.o
                0x00000cdc                DbgConsole_SendDataReliable
 .text.DbgConsole_Init
                0x00000d30      0x118 ./utilities/fsl_debug_console.o
                0x00000d30                DbgConsole_Init
 .text.DbgConsole_Printf
                0x00000e48       0x78 ./utilities/fsl_debug_console.o
                0x00000e48                DbgConsole_Printf
 .text.main     0x00000ec0       0x94 ./source/MK64F12_UART_Arduino_Interrupt.o
                0x00000ec0                main
 .text.PIT0_IRQHandler
                0x00000f54       0x5c ./source/MK64F12_UART_Arduino_Interrupt.o
                0x00000f54                PIT0_IRQHandler
 .text.UART1_RX_TX_IRQHandler
                0x00000fb0       0x58 ./source/MK64F12_UART_Arduino_Interrupt.o
                0x00000fb0                UART1_RX_TX_IRQHandler
 .text.CLOCK_SetEr32kClock
                0x00001008       0x30 ./drivers/fsl_clock.o
 .text.CLOCK_SetPllFllSelClock
                0x00001038       0x38 ./drivers/fsl_clock.o
 .text.CLOCK_GetMcgExtClkFreq
                0x00001070       0x7c ./drivers/fsl_clock.o
 .text.CLOCK_GetFllExtRefClkFreq
                0x000010ec       0xb0 ./drivers/fsl_clock.o
 .text.CLOCK_GetInternalRefClkSelectFreq
                0x0000119c       0x4c ./drivers/fsl_clock.o
 .text.CLOCK_GetFllRefClkFreq
                0x000011e8       0x34 ./drivers/fsl_clock.o
 .text.CLOCK_GetOscRangeFromFreq
                0x0000121c       0x3c ./drivers/fsl_clock.o
 .text.CLOCK_GetCoreSysClkFreq
                0x00001258       0x28 ./drivers/fsl_clock.o
                0x00001258                CLOCK_GetCoreSysClkFreq
 .text.CLOCK_SetSimConfig
                0x00001280       0x34 ./drivers/fsl_clock.o
                0x00001280                CLOCK_SetSimConfig
 .text.CLOCK_EnableUsbfs0Clock
                0x000012b4      0x108 ./drivers/fsl_clock.o
                0x000012b4                CLOCK_EnableUsbfs0Clock
 .text.CLOCK_GetOutClkFreq
                0x000013bc       0x64 ./drivers/fsl_clock.o
                0x000013bc                CLOCK_GetOutClkFreq
 .text.CLOCK_GetFllFreq
                0x00001420       0x84 ./drivers/fsl_clock.o
                0x00001420                CLOCK_GetFllFreq
 .text.CLOCK_GetPll0Freq
                0x000014a4       0x78 ./drivers/fsl_clock.o
                0x000014a4                CLOCK_GetPll0Freq
 .text.CLOCK_SetExternalRefClkConfig
                0x0000151c       0x6c ./drivers/fsl_clock.o
                0x0000151c                CLOCK_SetExternalRefClkConfig
 .text.CLOCK_SetInternalRefClkConfig
                0x00001588      0x104 ./drivers/fsl_clock.o
                0x00001588                CLOCK_SetInternalRefClkConfig
 .text.CLOCK_EnablePll0
                0x0000168c       0x88 ./drivers/fsl_clock.o
                0x0000168c                CLOCK_EnablePll0
 .text.CLOCK_InitOsc0
                0x00001714       0x8c ./drivers/fsl_clock.o
                0x00001714                CLOCK_InitOsc0
 .text.CLOCK_SetPbeMode
                0x000017a0       0xa8 ./drivers/fsl_clock.o
                0x000017a0                CLOCK_SetPbeMode
 .text.CLOCK_BootToPeeMode
                0x00001848       0x64 ./drivers/fsl_clock.o
                0x00001848                CLOCK_BootToPeeMode
 .text.I2C_TransferCommonIRQHandler
                0x000018ac       0x58 ./drivers/fsl_i2c.o
 .text.I2C0_DriverIRQHandler
                0x00001904       0x1c ./drivers/fsl_i2c.o
                0x00001904                I2C0_DriverIRQHandler
 .text.I2C1_DriverIRQHandler
                0x00001920       0x1c ./drivers/fsl_i2c.o
                0x00001920                I2C1_DriverIRQHandler
 .text.I2C2_DriverIRQHandler
                0x0000193c       0x1c ./drivers/fsl_i2c.o
                0x0000193c                I2C2_DriverIRQHandler
 .text.PIT_GetInstance
                0x00001958       0x44 ./drivers/fsl_pit.o
 .text.PIT_Init
                0x0000199c       0x94 ./drivers/fsl_pit.o
                0x0000199c                PIT_Init
 .text.UART_GetInstance
                0x00001a30       0x54 ./drivers/fsl_uart.o
                0x00001a30                UART_GetInstance
 .text.UART_Init
                0x00001a84      0x2f4 ./drivers/fsl_uart.o
                0x00001a84                UART_Init
 .text.UART_GetDefaultConfig
                0x00001d78       0x68 ./drivers/fsl_uart.o
                0x00001d78                UART_GetDefaultConfig
 .text.UART_EnableInterrupts
                0x00001de0       0x70 ./drivers/fsl_uart.o
                0x00001de0                UART_EnableInterrupts
 .text.UART0_DriverIRQHandler
                0x00001e50       0x28 ./drivers/fsl_uart.o
                0x00001e50                UART0_DriverIRQHandler
 .text.UART2_DriverIRQHandler
                0x00001e78       0x28 ./drivers/fsl_uart.o
                0x00001e78                UART2_DriverIRQHandler
 .text.UART3_DriverIRQHandler
                0x00001ea0       0x28 ./drivers/fsl_uart.o
                0x00001ea0                UART3_DriverIRQHandler
 .text.UART4_DriverIRQHandler
                0x00001ec8       0x28 ./drivers/fsl_uart.o
                0x00001ec8                UART4_DriverIRQHandler
 .text.UART5_DriverIRQHandler
                0x00001ef0       0x28 ./drivers/fsl_uart.o
                0x00001ef0                UART5_DriverIRQHandler
 .text.SystemInit
                0x00001f18       0x3c ./device/system_MK64F12.o
                0x00001f18                SystemInit
 .text.HAL_UartInit
                0x00001f54      0x128 ./component/uart/fsl_adapter_uart.o
                0x00001f54                HAL_UartInit
 .text.HAL_UartSendBlocking
                0x0000207c       0x64 ./component/uart/fsl_adapter_uart.o
                0x0000207c                HAL_UartSendBlocking
 .text.CLOCK_SetSdhc0Clock
                0x000020e0       0x38 ./board/clock_config.o
 .text.CLOCK_SetEnetTime0Clock
                0x00002118       0x38 ./board/clock_config.o
 .text.CLOCK_SetRmii0Clock
                0x00002150       0x38 ./board/clock_config.o
 .text.CLOCK_SetTraceClock
                0x00002188       0x38 ./board/clock_config.o
 .text.CLOCK_SetClkOutClock
                0x000021c0       0x34 ./board/clock_config.o
 .text.CLOCK_SetSimSafeDivs
                0x000021f4       0x20 ./board/clock_config.o
 .text.CLOCK_SetXtal0Freq
                0x00002214       0x20 ./board/clock_config.o
 .text.CLOCK_CONFIG_SetFllExtRefDiv
                0x00002234       0x3c ./board/clock_config.o
 .text.BOARD_BootClockRUN
                0x00002270       0x88 ./board/clock_config.o
                0x00002270                BOARD_BootClockRUN
 .text.__NVIC_EnableIRQ
                0x000022f8       0x3c ./board/peripherals.o
 .text.PIT_SetTimerPeriod
                0x00002334       0x38 ./board/peripherals.o
 .text.PIT_init
                0x0000236c       0x40 ./board/peripherals.o
 .text.UART1_init
                0x000023ac       0x30 ./board/peripherals.o
 .text.PORT_SetPinConfig
                0x000023dc       0x38 ./board/pin_mux.o
 .text.BOARD_InitPins
                0x00002414       0x6c ./board/pin_mux.o
                0x00002414                BOARD_InitPins
 .text.BOARD_InitDEBUG_UARTPins
                0x00002480       0x68 ./board/pin_mux.o
                0x00002480                BOARD_InitDEBUG_UARTPins
 .text.__assertion_failed
                0x000024e8       0x4c c:/nxp/mcuxpressoide_11.4.0_6224/ide/plugins/com.nxp.mcuxpresso.tools.win32_11.4.0.202103011116/tools/bin/../lib/gcc/arm-none-eabi/10.2.1/../../../../arm-none-eabi/lib/thumb/v7e-m+fp/hard\libcr_nohost_nf.a(_cr_assert.o)
                0x000024e8                __assertion_failed
 .text._Cwritebuf
                0x00002534       0x6c c:/nxp/mcuxpressoide_11.4.0_6224/ide/plugins/com.nxp.mcuxpresso.tools.win32_11.4.0.202103011116/tools/bin/../lib/gcc/arm-none-eabi/10.2.1/../../../../arm-none-eabi/lib/thumb/v7e-m+fp/hard\libcr_c.a(_writebuf.o)
                0x00002534                _Cwritebuf
 .text.malloc   0x000025a0       0xc8 c:/nxp/mcuxpressoide_11.4.0_6224/ide/plugins/com.nxp.mcuxpresso.tools.win32_11.4.0.202103011116/tools/bin/../lib/gcc/arm-none-eabi/10.2.1/../../../../arm-none-eabi/lib/thumb/v7e-m+fp/hard\libcr_c.a(alloc.o)
                0x000025a0                malloc
 .text._Csys_alloc
                0x00002668       0x20 c:/nxp/mcuxpressoide_11.4.0_6224/ide/plugins/com.nxp.mcuxpresso.tools.win32_11.4.0.202103011116/tools/bin/../lib/gcc/arm-none-eabi/10.2.1/../../../../arm-none-eabi/lib/thumb/v7e-m+fp/hard\libcr_c.a(alloc.o)
                0x00002668                _Csys_alloc
 .text.fseek    0x00002688      0x100 c:/nxp/mcuxpressoide_11.4.0_6224/ide/plugins/com.nxp.mcuxpresso.tools.win32_11.4.0.202103011116/tools/bin/../lib/gcc/arm-none-eabi/10.2.1/../../../../arm-none-eabi/lib/thumb/v7e-m+fp/hard\libcr_c.a(fseek.o)
                0x00002688                fseek
 .text.ftell    0x00002788       0x44 c:/nxp/mcuxpressoide_11.4.0_6224/ide/plugins/com.nxp.mcuxpresso.tools.win32_11.4.0.202103011116/tools/bin/../lib/gcc/arm-none-eabi/10.2.1/../../../../arm-none-eabi/lib/thumb/v7e-m+fp/hard\libcr_c.a(ftell.o)
                0x00002788                ftell
 .text._initio  0x000027cc       0x78 c:/nxp/mcuxpressoide_11.4.0_6224/ide/plugins/com.nxp.mcuxpresso.tools.win32_11.4.0.202103011116/tools/bin/../lib/gcc/arm-none-eabi/10.2.1/../../../../arm-none-eabi/lib/thumb/v7e-m+fp/hard\libcr_c.a(initio.o)
                0x000027cc                _initio
 .text.modf     0x00002844       0x8c c:/nxp/mcuxpressoide_11.4.0_6224/ide/plugins/com.nxp.mcuxpresso.tools.win32_11.4.0.202103011116/tools/bin/../lib/gcc/arm-none-eabi/10.2.1/../../../../arm-none-eabi/lib/thumb/v7e-m+fp/hard\libcr_c.a(modf.o)
                0x00002844                modf
 .text._sbrk    0x000028d0       0x3c c:/nxp/mcuxpressoide_11.4.0_6224/ide/plugins/com.nxp.mcuxpresso.tools.win32_11.4.0.202103011116/tools/bin/../lib/gcc/arm-none-eabi/10.2.1/../../../../arm-none-eabi/lib/thumb/v7e-m+fp/hard\libcr_c.a(_cr_sbrk.o)
                0x000028d0                _sbrk
 .text.fflush   0x0000290c       0x3c c:/nxp/mcuxpressoide_11.4.0_6224/ide/plugins/com.nxp.mcuxpresso.tools.win32_11.4.0.202103011116/tools/bin/../lib/gcc/arm-none-eabi/10.2.1/../../../../arm-none-eabi/lib/thumb/v7e-m+fp/hard\libcr_c.a(fflush.o)
                0x0000290c                fflush
 .text.__check_heap_overflow
                0x00002948       0x18 c:/nxp/mcuxpressoide_11.4.0_6224/ide/plugins/com.nxp.mcuxpresso.tools.win32_11.4.0.202103011116/tools/bin/../lib/gcc/arm-none-eabi/10.2.1/../../../../arm-none-eabi/lib/thumb/v7e-m+fp/hard\libcr_c.a(_cr_check_heap.o)
                0x00002948                __check_heap_overflow
 .text.__aeabi_dmul
                0x00002960       0xfc c:/nxp/mcuxpressoide_11.4.0_6224/ide/plugins/com.nxp.mcuxpresso.tools.win32_11.4.0.202103011116/tools/bin/../lib/gcc/arm-none-eabi/10.2.1/thumb/v7e-m+fp/hard\libcr_eabihelpers.a(double.o)
                0x00002960                __aeabi_dmul
 .text.__aeabi_ddiv
                0x00002a5c      0x138 c:/nxp/mcuxpressoide_11.4.0_6224/ide/plugins/com.nxp.mcuxpresso.tools.win32_11.4.0.202103011116/tools/bin/../lib/gcc/arm-none-eabi/10.2.1/thumb/v7e-m+fp/hard\libcr_eabihelpers.a(double.o)
                0x00002a5c                __aeabi_ddiv
 .text.__aeabi_dsub
                0x00002b94      0x1ac c:/nxp/mcuxpressoide_11.4.0_6224/ide/plugins/com.nxp.mcuxpresso.tools.win32_11.4.0.202103011116/tools/bin/../lib/gcc/arm-none-eabi/10.2.1/thumb/v7e-m+fp/hard\libcr_eabihelpers.a(double.o)
                0x00002b94                __aeabi_dsub
 .text.__aeabi_dadd
                0x00002d40      0x114 c:/nxp/mcuxpressoide_11.4.0_6224/ide/plugins/com.nxp.mcuxpresso.tools.win32_11.4.0.202103011116/tools/bin/../lib/gcc/arm-none-eabi/10.2.1/thumb/v7e-m+fp/hard\libcr_eabihelpers.a(double.o)
                0x00002d40                __aeabi_dadd
 .text.DbgConsole_PrintCallback
                0x00002e54       0x66 ./utilities/fsl_debug_console.o
 .text.PrintGetWidth
                0x00002eba       0x6a ./utilities/fsl_str.o
 .text.PrintGetPrecision
                0x00002f24       0x8c ./utilities/fsl_str.o
 .text.PrintIsobpu
                0x00002fb0       0x38 ./utilities/fsl_str.o
 .text.PrintIsdi
                0x00002fe8       0x2c ./utilities/fsl_str.o
 .text.PrintOutputdifFobpu
                0x00003014       0x44 ./utilities/fsl_str.o
 .text.PrintOutputxX
                0x00003058       0x44 ./utilities/fsl_str.o
 .text.PrintIsfF
                0x0000309c       0x2c ./utilities/fsl_str.o
 .text.PrintIsxX
                0x000030c8       0x2c ./utilities/fsl_str.o
 .text.PrintFilterLengthFlag
                0x000030f4       0x3e ./utilities/fsl_str.o
 .text.PrintGetRadixFromobpu
                0x00003132       0x40 ./utilities/fsl_str.o
 .text.ConvertRadixNumToString
                0x00003172      0x114 ./utilities/fsl_str.o
 .text.StrFormatPrintf
                0x00003286      0x2d4 ./utilities/fsl_str.o
                0x00003286                StrFormatPrintf
 .text.DMA0_IRQHandler
                0x0000355a        0x8 ./startup/startup_mk64f12.o
                0x0000355a                DMA0_IRQHandler
 .text.DMA1_IRQHandler
                0x00003562        0x8 ./startup/startup_mk64f12.o
                0x00003562                DMA1_IRQHandler
 .text.DMA2_IRQHandler
                0x0000356a        0x8 ./startup/startup_mk64f12.o
                0x0000356a                DMA2_IRQHandler
 .text.DMA3_IRQHandler
                0x00003572        0x8 ./startup/startup_mk64f12.o
                0x00003572                DMA3_IRQHandler
 .text.DMA4_IRQHandler
                0x0000357a        0x8 ./startup/startup_mk64f12.o
                0x0000357a                DMA4_IRQHandler
 .text.DMA5_IRQHandler
                0x00003582        0x8 ./startup/startup_mk64f12.o
                0x00003582                DMA5_IRQHandler
 .text.DMA6_IRQHandler
                0x0000358a        0x8 ./startup/startup_mk64f12.o
                0x0000358a                DMA6_IRQHandler
 .text.DMA7_IRQHandler
                0x00003592        0x8 ./startup/startup_mk64f12.o
                0x00003592                DMA7_IRQHandler
 .text.DMA8_IRQHandler
                0x0000359a        0x8 ./startup/startup_mk64f12.o
                0x0000359a                DMA8_IRQHandler
 .text.DMA9_IRQHandler
                0x000035a2        0x8 ./startup/startup_mk64f12.o
                0x000035a2                DMA9_IRQHandler
 .text.DMA10_IRQHandler
                0x000035aa        0x8 ./startup/startup_mk64f12.o
                0x000035aa                DMA10_IRQHandler
 .text.DMA11_IRQHandler
                0x000035b2        0x8 ./startup/startup_mk64f12.o
                0x000035b2                DMA11_IRQHandler
 .text.DMA12_IRQHandler
                0x000035ba        0x8 ./startup/startup_mk64f12.o
                0x000035ba                DMA12_IRQHandler
 .text.DMA13_IRQHandler
                0x000035c2        0x8 ./startup/startup_mk64f12.o
                0x000035c2                DMA13_IRQHandler
 .text.DMA14_IRQHandler
                0x000035ca        0x8 ./startup/startup_mk64f12.o
                0x000035ca                DMA14_IRQHandler
 .text.DMA15_IRQHandler
                0x000035d2        0x8 ./startup/startup_mk64f12.o
                0x000035d2                DMA15_IRQHandler
 .text.DMA_Error_IRQHandler
                0x000035da        0x8 ./startup/startup_mk64f12.o
                0x000035da                DMA_Error_IRQHandler
 .text.MCM_IRQHandler
                0x000035e2        0x8 ./startup/startup_mk64f12.o
                0x000035e2                MCM_IRQHandler
 .text.FTFE_IRQHandler
                0x000035ea        0x8 ./startup/startup_mk64f12.o
                0x000035ea                FTFE_IRQHandler
 .text.Read_Collision_IRQHandler
                0x000035f2        0x8 ./startup/startup_mk64f12.o
                0x000035f2                Read_Collision_IRQHandler
 .text.LVD_LVW_IRQHandler
                0x000035fa        0x8 ./startup/startup_mk64f12.o
                0x000035fa                LVD_LVW_IRQHandler
 .text.LLWU_IRQHandler
                0x00003602        0x8 ./startup/startup_mk64f12.o
                0x00003602                LLWU_IRQHandler
 .text.WDOG_EWM_IRQHandler
                0x0000360a        0x8 ./startup/startup_mk64f12.o
                0x0000360a                WDOG_EWM_IRQHandler
 .text.RNG_IRQHandler
                0x00003612        0x8 ./startup/startup_mk64f12.o
                0x00003612                RNG_IRQHandler
 .text.I2C0_IRQHandler
                0x0000361a        0x8 ./startup/startup_mk64f12.o
                0x0000361a                I2C0_IRQHandler
 .text.I2C1_IRQHandler
                0x00003622        0x8 ./startup/startup_mk64f12.o
                0x00003622                I2C1_IRQHandler
 .text.SPI0_IRQHandler
                0x0000362a        0x8 ./startup/startup_mk64f12.o
                0x0000362a                SPI0_IRQHandler
 .text.SPI1_IRQHandler
                0x00003632        0x8 ./startup/startup_mk64f12.o
                0x00003632                SPI1_IRQHandler
 .text.I2S0_Tx_IRQHandler
                0x0000363a        0x8 ./startup/startup_mk64f12.o
                0x0000363a                I2S0_Tx_IRQHandler
 .text.I2S0_Rx_IRQHandler
                0x00003642        0x8 ./startup/startup_mk64f12.o
                0x00003642                I2S0_Rx_IRQHandler
 .text.UART0_LON_IRQHandler
                0x0000364a        0x8 ./startup/startup_mk64f12.o
                0x0000364a                UART0_LON_IRQHandler
 .text.UART0_RX_TX_IRQHandler
                0x00003652        0x8 ./startup/startup_mk64f12.o
                0x00003652                UART0_RX_TX_IRQHandler
 .text.UART0_ERR_IRQHandler
                0x0000365a        0x8 ./startup/startup_mk64f12.o
                0x0000365a                UART0_ERR_IRQHandler
 .text.UART1_ERR_IRQHandler
                0x00003662        0x8 ./startup/startup_mk64f12.o
                0x00003662                UART1_ERR_IRQHandler
 .text.UART2_RX_TX_IRQHandler
                0x0000366a        0x8 ./startup/startup_mk64f12.o
                0x0000366a                UART2_RX_TX_IRQHandler
 .text.UART2_ERR_IRQHandler
                0x00003672        0x8 ./startup/startup_mk64f12.o
                0x00003672                UART2_ERR_IRQHandler
 .text.UART3_RX_TX_IRQHandler
                0x0000367a        0x8 ./startup/startup_mk64f12.o
                0x0000367a                UART3_RX_TX_IRQHandler
 .text.UART3_ERR_IRQHandler
                0x00003682        0x8 ./startup/startup_mk64f12.o
                0x00003682                UART3_ERR_IRQHandler
 .text.ADC0_IRQHandler
                0x0000368a        0x8 ./startup/startup_mk64f12.o
                0x0000368a                ADC0_IRQHandler
 .text.CMP0_IRQHandler
                0x00003692        0x8 ./startup/startup_mk64f12.o
                0x00003692                CMP0_IRQHandler
 .text.CMP1_IRQHandler
                0x0000369a        0x8 ./startup/startup_mk64f12.o
                0x0000369a                CMP1_IRQHandler
 .text.FTM0_IRQHandler
                0x000036a2        0x8 ./startup/startup_mk64f12.o
                0x000036a2                FTM0_IRQHandler
 .text.FTM1_IRQHandler
                0x000036aa        0x8 ./startup/startup_mk64f12.o
                0x000036aa                FTM1_IRQHandler
 .text.FTM2_IRQHandler
                0x000036b2        0x8 ./startup/startup_mk64f12.o
                0x000036b2                FTM2_IRQHandler
 .text.CMT_IRQHandler
                0x000036ba        0x8 ./startup/startup_mk64f12.o
                0x000036ba                CMT_IRQHandler
 .text.RTC_IRQHandler
                0x000036c2        0x8 ./startup/startup_mk64f12.o
                0x000036c2                RTC_IRQHandler
 .text.RTC_Seconds_IRQHandler
                0x000036ca        0x8 ./startup/startup_mk64f12.o
                0x000036ca                RTC_Seconds_IRQHandler
 .text.PIT1_IRQHandler
                0x000036d2        0x8 ./startup/startup_mk64f12.o
                0x000036d2                PIT1_IRQHandler
 .text.PIT2_IRQHandler
                0x000036da        0x8 ./startup/startup_mk64f12.o
                0x000036da                PIT2_IRQHandler
 .text.PIT3_IRQHandler
                0x000036e2        0x8 ./startup/startup_mk64f12.o
                0x000036e2                PIT3_IRQHandler
 .text.PDB0_IRQHandler
                0x000036ea        0x8 ./startup/startup_mk64f12.o
                0x000036ea                PDB0_IRQHandler
 .text.USB0_IRQHandler
                0x000036f2        0x8 ./startup/startup_mk64f12.o
                0x000036f2                USB0_IRQHandler
 .text.USBDCD_IRQHandler
                0x000036fa        0x8 ./startup/startup_mk64f12.o
                0x000036fa                USBDCD_IRQHandler
 .text.Reserved71_IRQHandler
                0x00003702        0x8 ./startup/startup_mk64f12.o
                0x00003702                Reserved71_IRQHandler
 .text.DAC0_IRQHandler
                0x0000370a        0x8 ./startup/startup_mk64f12.o
                0x0000370a                DAC0_IRQHandler
 .text.MCG_IRQHandler
                0x00003712        0x8 ./startup/startup_mk64f12.o
                0x00003712                MCG_IRQHandler
 .text.LPTMR0_IRQHandler
                0x0000371a        0x8 ./startup/startup_mk64f12.o
                0x0000371a                LPTMR0_IRQHandler
 .text.PORTA_IRQHandler
                0x00003722        0x8 ./startup/startup_mk64f12.o
                0x00003722                PORTA_IRQHandler
 .text.PORTB_IRQHandler
                0x0000372a        0x8 ./startup/startup_mk64f12.o
                0x0000372a                PORTB_IRQHandler
 .text.PORTC_IRQHandler
                0x00003732        0x8 ./startup/startup_mk64f12.o
                0x00003732                PORTC_IRQHandler
 .text.PORTD_IRQHandler
                0x0000373a        0x8 ./startup/startup_mk64f12.o
                0x0000373a                PORTD_IRQHandler
 .text.PORTE_IRQHandler
                0x00003742        0x8 ./startup/startup_mk64f12.o
                0x00003742                PORTE_IRQHandler
 .text.SWI_IRQHandler
                0x0000374a        0x8 ./startup/startup_mk64f12.o
                0x0000374a                SWI_IRQHandler
 .text.SPI2_IRQHandler
                0x00003752        0x8 ./startup/startup_mk64f12.o
                0x00003752                SPI2_IRQHandler
 .text.UART4_RX_TX_IRQHandler
                0x0000375a        0x8 ./startup/startup_mk64f12.o
                0x0000375a                UART4_RX_TX_IRQHandler
 .text.UART4_ERR_IRQHandler
                0x00003762        0x8 ./startup/startup_mk64f12.o
                0x00003762                UART4_ERR_IRQHandler
 .text.UART5_RX_TX_IRQHandler
                0x0000376a        0x8 ./startup/startup_mk64f12.o
                0x0000376a                UART5_RX_TX_IRQHandler
 .text.UART5_ERR_IRQHandler
                0x00003772        0x8 ./startup/startup_mk64f12.o
                0x00003772                UART5_ERR_IRQHandler
 .text.CMP2_IRQHandler
                0x0000377a        0x8 ./startup/startup_mk64f12.o
                0x0000377a                CMP2_IRQHandler
 .text.FTM3_IRQHandler
                0x00003782        0x8 ./startup/startup_mk64f12.o
                0x00003782                FTM3_IRQHandler
 .text.DAC1_IRQHandler
                0x0000378a        0x8 ./startup/startup_mk64f12.o
                0x0000378a                DAC1_IRQHandler
 .text.ADC1_IRQHandler
                0x00003792        0x8 ./startup/startup_mk64f12.o
                0x00003792                ADC1_IRQHandler
 .text.I2C2_IRQHandler
                0x0000379a        0x8 ./startup/startup_mk64f12.o
                0x0000379a                I2C2_IRQHandler
 .text.CAN0_ORed_Message_buffer_IRQHandler
                0x000037a2        0x8 ./startup/startup_mk64f12.o
                0x000037a2                CAN0_ORed_Message_buffer_IRQHandler
 .text.CAN0_Bus_Off_IRQHandler
                0x000037aa        0x8 ./startup/startup_mk64f12.o
                0x000037aa                CAN0_Bus_Off_IRQHandler
 .text.CAN0_Error_IRQHandler
                0x000037b2        0x8 ./startup/startup_mk64f12.o
                0x000037b2                CAN0_Error_IRQHandler
 .text.CAN0_Tx_Warning_IRQHandler
                0x000037ba        0x8 ./startup/startup_mk64f12.o
                0x000037ba                CAN0_Tx_Warning_IRQHandler
 .text.CAN0_Rx_Warning_IRQHandler
                0x000037c2        0x8 ./startup/startup_mk64f12.o
                0x000037c2                CAN0_Rx_Warning_IRQHandler
 .text.CAN0_Wake_Up_IRQHandler
                0x000037ca        0x8 ./startup/startup_mk64f12.o
                0x000037ca                CAN0_Wake_Up_IRQHandler
 .text.SDHC_IRQHandler
                0x000037d2        0x8 ./startup/startup_mk64f12.o
                0x000037d2                SDHC_IRQHandler
 .text.ENET_1588_Timer_IRQHandler
                0x000037da        0x8 ./startup/startup_mk64f12.o
                0x000037da                ENET_1588_Timer_IRQHandler
 .text.ENET_Transmit_IRQHandler
                0x000037e2        0x8 ./startup/startup_mk64f12.o
                0x000037e2                ENET_Transmit_IRQHandler
 .text.ENET_Receive_IRQHandler
                0x000037ea        0x8 ./startup/startup_mk64f12.o
                0x000037ea                ENET_Receive_IRQHandler
 .text.ENET_Error_IRQHandler
                0x000037f2        0x8 ./startup/startup_mk64f12.o
                0x000037f2                ENET_Error_IRQHandler
 .text.PIT_GetStatusFlags
                0x000037fa       0x2a ./source/MK64F12_UART_Arduino_Interrupt.o
 .text.PIT_ClearStatusFlags
                0x00003824       0x2a ./source/MK64F12_UART_Arduino_Interrupt.o
 .text.UART_WriteByte
                0x0000384e       0x1e ./source/MK64F12_UART_Arduino_Interrupt.o
 .text.UART_ReadByte
                0x0000386c       0x1a ./source/MK64F12_UART_Arduino_Interrupt.o
 .text.Q_Init   0x00003886       0x42 ./source/MK64F12_UART_Arduino_Interrupt.o
                0x00003886                Q_Init
 .text.Q_Empty  0x000038c8       0x22 ./source/MK64F12_UART_Arduino_Interrupt.o
                0x000038c8                Q_Empty
 .text.Q_Full   0x000038ea       0x22 ./source/MK64F12_UART_Arduino_Interrupt.o
                0x000038ea                Q_Full
 .text.Q_Enqueue
                0x0000390c       0x4c ./source/MK64F12_UART_Arduino_Interrupt.o
                0x0000390c                Q_Enqueue
 .text.Q_Dequeue
                0x00003958       0x52 ./source/MK64F12_UART_Arduino_Interrupt.o
                0x00003958                Q_Dequeue
 .text.HardFault_Handler
                0x000039aa       0x2c ./source/semihost_hardfault.o
                0x000039aa                HardFault_Handler
 .text.CLOCK_EnableClock
                0x000039d6       0x34 ./drivers/fsl_clock.o
 .text.CLOCK_DisableClock
                0x00003a0a       0x38 ./drivers/fsl_clock.o
 .text.OSC_SetExtRefClkConfig
                0x00003a42       0x34 ./drivers/fsl_clock.o
 .text.OSC_SetCapLoad
                0x00003a76       0x34 ./drivers/fsl_clock.o
 .text.CLOCK_GetPll0RefFreq
                0x00003aaa        0xe ./drivers/fsl_clock.o
 .text.CLOCK_EnableClock
                0x00003ab8       0x34 ./drivers/fsl_pit.o
 .text.CLOCK_EnableClock
                0x00003aec       0x34 ./drivers/fsl_uart.o
 .text.UART_GetStatusFlags
                0x00003b20       0x48 ./drivers/fsl_uart.o
                0x00003b20                UART_GetStatusFlags
 .text.UART_ClearStatusFlags
                0x00003b68       0x80 ./drivers/fsl_uart.o
                0x00003b68                UART_ClearStatusFlags
 .text.UART_WriteBlocking
                0x00003be8       0x50 ./drivers/fsl_uart.o
                0x00003be8                UART_WriteBlocking
 .text.UART0_RX_TX_DriverIRQHandler
                0x00003c38       0x12 ./drivers/fsl_uart.o
                0x00003c38                UART0_RX_TX_DriverIRQHandler
 .text.UART2_RX_TX_DriverIRQHandler
                0x00003c4a       0x12 ./drivers/fsl_uart.o
                0x00003c4a                UART2_RX_TX_DriverIRQHandler
 .text.UART3_RX_TX_DriverIRQHandler
                0x00003c5c       0x12 ./drivers/fsl_uart.o
                0x00003c5c                UART3_RX_TX_DriverIRQHandler
 .text.UART4_RX_TX_DriverIRQHandler
                0x00003c6e       0x12 ./drivers/fsl_uart.o
                0x00003c6e                UART4_RX_TX_DriverIRQHandler
 .text.UART5_RX_TX_DriverIRQHandler
                0x00003c80       0x12 ./drivers/fsl_uart.o
                0x00003c80                UART5_RX_TX_DriverIRQHandler
 .text.SystemInitHook
                0x00003c92        0xe ./device/system_MK64F12.o
                0x00003c92                SystemInitHook
 .text.HAL_UartGetStatus
                0x00003ca0       0x22 ./component/uart/fsl_adapter_uart.o
 .text.DisableGlobalIRQ
                0x00003cc2       0x22 ./component/serial_manager/fsl_component_serial_manager.o
 .text.EnableGlobalIRQ
                0x00003ce4       0x20 ./component/serial_manager/fsl_component_serial_manager.o
 .text.SerialManager_StartWriting
                0x00003d04       0x38 ./component/serial_manager/fsl_component_serial_manager.o
 .text.SerialManager_Write
                0x00003d3c       0x44 ./component/serial_manager/fsl_component_serial_manager.o
 .text.SerialManager_Init
                0x00003d80       0x60 ./component/serial_manager/fsl_component_serial_manager.o
                0x00003d80                SerialManager_Init
 .text.SerialManager_OpenWriteHandle
                0x00003de0       0x50 ./component/serial_manager/fsl_component_serial_manager.o
                0x00003de0                SerialManager_OpenWriteHandle
 .text.SerialManager_OpenReadHandle
                0x00003e30       0x60 ./component/serial_manager/fsl_component_serial_manager.o
                0x00003e30                SerialManager_OpenReadHandle
 .text.SerialManager_WriteBlocking
                0x00003e90       0x20 ./component/serial_manager/fsl_component_serial_manager.o
                0x00003e90                SerialManager_WriteBlocking
 .text.Serial_UartInit
                0x00003eb0       0x3e ./component/serial_manager/fsl_component_serial_port_uart.o
                0x00003eb0                Serial_UartInit
 .text.Serial_UartWrite
                0x00003eee       0x38 ./component/serial_manager/fsl_component_serial_port_uart.o
                0x00003eee                Serial_UartWrite
 .text.BOARD_InitDebugConsole
                0x00003f26       0x22 ./board/board.o
                0x00003f26                BOARD_InitDebugConsole
 .text.BOARD_InitBootClocks
                0x00003f48        0xc ./board/clock_config.o
                0x00003f48                BOARD_InitBootClocks
 .text.EnableIRQ
                0x00003f54       0x32 ./board/peripherals.o
 .text.PIT_EnableInterrupts
                0x00003f86       0x3a ./board/peripherals.o
 .text.PIT_StartTimer
                0x00003fc0       0x38 ./board/peripherals.o
 .text.BOARD_InitPeripherals
                0x00003ff8       0x10 ./board/peripherals.o
                0x00003ff8                BOARD_InitPeripherals
 .text.BOARD_InitBootPeripherals
                0x00004008        0xc ./board/peripherals.o
                0x00004008                BOARD_InitBootPeripherals
 .text.CLOCK_EnableClock
                0x00004014       0x34 ./board/pin_mux.o
 .text.PORT_SetPinMux
                0x00004048       0x3a ./board/pin_mux.o
 .text.BOARD_InitBootPins
                0x00004082       0x10 ./board/pin_mux.o
                0x00004082                BOARD_InitBootPins
 .text.__main   0x00004092        0xe c:/nxp/mcuxpressoide_11.4.0_6224/ide/plugins/com.nxp.mcuxpresso.tools.win32_11.4.0.202103011116/tools/bin/../lib/gcc/arm-none-eabi/10.2.1/../../../../arm-none-eabi/lib/thumb/v7e-m+fp/hard\libcr_nohost_nf.a(_cr__main.o)
                0x00004092                __main
 .text.__sys_appexit
                0x000040a0        0x2 c:/nxp/mcuxpressoide_11.4.0_6224/ide/plugins/com.nxp.mcuxpresso.tools.win32_11.4.0.202103011116/tools/bin/../lib/gcc/arm-none-eabi/10.2.1/../../../../arm-none-eabi/lib/thumb/v7e-m+fp/hard\libcr_nohost_nf.a(__sys_appexit.o)
                0x000040a0                __sys_appexit
                0x000040a0                __exit
 .text.memset   0x000040a2        0x4 c:/nxp/mcuxpressoide_11.4.0_6224/ide/plugins/com.nxp.mcuxpresso.tools.win32_11.4.0.202103011116/tools/bin/../lib/gcc/arm-none-eabi/10.2.1/../../../../arm-none-eabi/lib/thumb/v7e-m+fp/hard\libcr_c.a(memset.o)
                0x000040a2                memset
 .text._deferredlazyseek
                0x000040a6       0x40 c:/nxp/mcuxpressoide_11.4.0_6224/ide/plugins/com.nxp.mcuxpresso.tools.win32_11.4.0.202103011116/tools/bin/../lib/gcc/arm-none-eabi/10.2.1/../../../../arm-none-eabi/lib/thumb/v7e-m+fp/hard\libcr_c.a(_deferredlazyseek.o)
                0x000040a6                _deferredlazyseek
 .text.__flsbuf
                0x000040e6      0x140 c:/nxp/mcuxpressoide_11.4.0_6224/ide/plugins/com.nxp.mcuxpresso.tools.win32_11.4.0.202103011116/tools/bin/../lib/gcc/arm-none-eabi/10.2.1/../../../../arm-none-eabi/lib/thumb/v7e-m+fp/hard\libcr_c.a(_deferredlazyseek.o)
                0x000040e6                __flsbuf
 .text._fflush  0x00004226       0x52 c:/nxp/mcuxpressoide_11.4.0_6224/ide/plugins/com.nxp.mcuxpresso.tools.win32_11.4.0.202103011116/tools/bin/../lib/gcc/arm-none-eabi/10.2.1/../../../../arm-none-eabi/lib/thumb/v7e-m+fp/hard\libcr_c.a(_fflush.o)
                0x00004226                _fflush
 .text.free     0x00004278       0x30 c:/nxp/mcuxpressoide_11.4.0_6224/ide/plugins/com.nxp.mcuxpresso.tools.win32_11.4.0.202103011116/tools/bin/../lib/gcc/arm-none-eabi/10.2.1/../../../../arm-none-eabi/lib/thumb/v7e-m+fp/hard\libcr_c.a(alloc.o)
                0x00004278                free
 .text.fputs    0x000042a8       0x2c c:/nxp/mcuxpressoide_11.4.0_6224/ide/plugins/com.nxp.mcuxpresso.tools.win32_11.4.0.202103011116/tools/bin/../lib/gcc/arm-none-eabi/10.2.1/../../../../arm-none-eabi/lib/thumb/v7e-m+fp/hard\libcr_c.a(fputs.o)
                0x000042a8                fputs
 .text.setvbuf  0x000042d4       0x3e c:/nxp/mcuxpressoide_11.4.0_6224/ide/plugins/com.nxp.mcuxpresso.tools.win32_11.4.0.202103011116/tools/bin/../lib/gcc/arm-none-eabi/10.2.1/../../../../arm-none-eabi/lib/thumb/v7e-m+fp/hard\libcr_c.a(setvbuf.o)
                0x000042d4                setvbuf
 .text.strlen   0x00004312       0x48 c:/nxp/mcuxpressoide_11.4.0_6224/ide/plugins/com.nxp.mcuxpresso.tools.win32_11.4.0.202103011116/tools/bin/../lib/gcc/arm-none-eabi/10.2.1/../../../../arm-none-eabi/lib/thumb/v7e-m+fp/hard\libcr_c.a(strlen.o)
                0x00004312                strlen
 .text._fdopen  0x0000435a       0x68 c:/nxp/mcuxpressoide_11.4.0_6224/ide/plugins/com.nxp.mcuxpresso.tools.win32_11.4.0.202103011116/tools/bin/../lib/gcc/arm-none-eabi/10.2.1/../../../../arm-none-eabi/lib/thumb/v7e-m+fp/hard\libcr_c.a(_fdopen.o)
                0x0000435a                _fdopen
 .text.fclose   0x000043c2       0x58 c:/nxp/mcuxpressoide_11.4.0_6224/ide/plugins/com.nxp.mcuxpresso.tools.win32_11.4.0.202103011116/tools/bin/../lib/gcc/arm-none-eabi/10.2.1/../../../../arm-none-eabi/lib/thumb/v7e-m+fp/hard\libcr_c.a(fclose.o)
                0x000043c2                fclose
 .text.remove   0x0000441a       0x14 c:/nxp/mcuxpressoide_11.4.0_6224/ide/plugins/com.nxp.mcuxpresso.tools.win32_11.4.0.202103011116/tools/bin/../lib/gcc/arm-none-eabi/10.2.1/../../../../arm-none-eabi/lib/thumb/v7e-m+fp/hard\libcr_c.a(remove.o)
                0x0000441a                remove
 .text._do_fflush
                0x0000442e       0x40 c:/nxp/mcuxpressoide_11.4.0_6224/ide/plugins/com.nxp.mcuxpresso.tools.win32_11.4.0.202103011116/tools/bin/../lib/gcc/arm-none-eabi/10.2.1/../../../../arm-none-eabi/lib/thumb/v7e-m+fp/hard\libcr_c.a(_do_fflush.o)
                0x0000442e                _do_fflush
 .text.__aeabi_d2iz
                0x0000446e       0x40 c:/nxp/mcuxpressoide_11.4.0_6224/ide/plugins/com.nxp.mcuxpresso.tools.win32_11.4.0.202103011116/tools/bin/../lib/gcc/arm-none-eabi/10.2.1/thumb/v7e-m+fp/hard\libcr_eabihelpers.a(double.o)
                0x0000446e                __aeabi_d2iz
 .text.__aeabi_d2lz
                0x000044ae       0x74 c:/nxp/mcuxpressoide_11.4.0_6224/ide/plugins/com.nxp.mcuxpresso.tools.win32_11.4.0.202103011116/tools/bin/../lib/gcc/arm-none-eabi/10.2.1/thumb/v7e-m+fp/hard\libcr_eabihelpers.a(double.o)
                0x000044ae                __aeabi_d2lz
 .text.__bhs_ui2d
                0x00004522       0x46 c:/nxp/mcuxpressoide_11.4.0_6224/ide/plugins/com.nxp.mcuxpresso.tools.win32_11.4.0.202103011116/tools/bin/../lib/gcc/arm-none-eabi/10.2.1/thumb/v7e-m+fp/hard\libcr_eabihelpers.a(double.o)
                0x00004522                __bhs_ui2d
 .text.__bhs_ul2d
                0x00004568       0x8a c:/nxp/mcuxpressoide_11.4.0_6224/ide/plugins/com.nxp.mcuxpresso.tools.win32_11.4.0.202103011116/tools/bin/../lib/gcc/arm-none-eabi/10.2.1/thumb/v7e-m+fp/hard\libcr_eabihelpers.a(double.o)
                0x00004568                __bhs_ul2d
 .text.__aeabi_i2d
                0x000045f2       0x12 c:/nxp/mcuxpressoide_11.4.0_6224/ide/plugins/com.nxp.mcuxpresso.tools.win32_11.4.0.202103011116/tools/bin/../lib/gcc/arm-none-eabi/10.2.1/thumb/v7e-m+fp/hard\libcr_eabihelpers.a(double.o)
                0x000045f2                __aeabi_i2d
 .text.__aeabi_ui2d
                0x00004604        0x8 c:/nxp/mcuxpressoide_11.4.0_6224/ide/plugins/com.nxp.mcuxpresso.tools.win32_11.4.0.202103011116/tools/bin/../lib/gcc/arm-none-eabi/10.2.1/thumb/v7e-m+fp/hard\libcr_eabihelpers.a(double.o)
                0x00004604                __aeabi_ui2d
 .text.__aeabi_l2d
                0x0000460c       0x1c c:/nxp/mcuxpressoide_11.4.0_6224/ide/plugins/com.nxp.mcuxpresso.tools.win32_11.4.0.202103011116/tools/bin/../lib/gcc/arm-none-eabi/10.2.1/thumb/v7e-m+fp/hard\libcr_eabihelpers.a(double.o)
                0x0000460c                __aeabi_l2d
 .text.__aeabi_dcmpeq
                0x00004628       0x30 c:/nxp/mcuxpressoide_11.4.0_6224/ide/plugins/com.nxp.mcuxpresso.tools.win32_11.4.0.202103011116/tools/bin/../lib/gcc/arm-none-eabi/10.2.1/thumb/v7e-m+fp/hard\libcr_eabihelpers.a(double.o)
                0x00004628                __aeabi_dcmpeq
 .text.__aeabi_dcmplt
                0x00004658       0x56 c:/nxp/mcuxpressoide_11.4.0_6224/ide/plugins/com.nxp.mcuxpresso.tools.win32_11.4.0.202103011116/tools/bin/../lib/gcc/arm-none-eabi/10.2.1/thumb/v7e-m+fp/hard\libcr_eabihelpers.a(double.o)
                0x00004658                __aeabi_dcmplt
 .text.__aeabi_dcmpgt
                0x000046ae       0x56 c:/nxp/mcuxpressoide_11.4.0_6224/ide/plugins/com.nxp.mcuxpresso.tools.win32_11.4.0.202103011116/tools/bin/../lib/gcc/arm-none-eabi/10.2.1/thumb/v7e-m+fp/hard\libcr_eabihelpers.a(double.o)
                0x000046ae                __aeabi_dcmpgt
 .text.__aeabi_dcmple
                0x00004704       0x56 c:/nxp/mcuxpressoide_11.4.0_6224/ide/plugins/com.nxp.mcuxpresso.tools.win32_11.4.0.202103011116/tools/bin/../lib/gcc/arm-none-eabi/10.2.1/thumb/v7e-m+fp/hard\libcr_eabihelpers.a(double.o)
                0x00004704                __aeabi_dcmple
 .text.__aeabi_dcmpge
                0x0000475a       0x56 c:/nxp/mcuxpressoide_11.4.0_6224/ide/plugins/com.nxp.mcuxpresso.tools.win32_11.4.0.202103011116/tools/bin/../lib/gcc/arm-none-eabi/10.2.1/thumb/v7e-m+fp/hard\libcr_eabihelpers.a(double.o)
                0x0000475a                __aeabi_dcmpge
 .text.__aeabi_memset_lowlevel
                0x000047b0       0x32 c:/nxp/mcuxpressoide_11.4.0_6224/ide/plugins/com.nxp.mcuxpresso.tools.win32_11.4.0.202103011116/tools/bin/../lib/gcc/arm-none-eabi/10.2.1/thumb/v7e-m+fp/hard\libcr_eabihelpers.a(memcpy.o)
                0x000047b0                __aeabi_lowlevel_memset
 .text.__sys_close
                0x000047e2        0x6 c:/nxp/mcuxpressoide_11.4.0_6224/ide/plugins/com.nxp.mcuxpresso.tools.win32_11.4.0.202103011116/tools/bin/../lib/gcc/arm-none-eabi/10.2.1/../../../../arm-none-eabi/lib/thumb/v7e-m+fp/hard\libcr_nohost_nf.a(__sys_close.o)
                0x000047e2                __sys_close
 .text.__sys_flen
                0x000047e8        0x6 c:/nxp/mcuxpressoide_11.4.0_6224/ide/plugins/com.nxp.mcuxpresso.tools.win32_11.4.0.202103011116/tools/bin/../lib/gcc/arm-none-eabi/10.2.1/../../../../arm-none-eabi/lib/thumb/v7e-m+fp/hard\libcr_nohost_nf.a(__sys_flen.o)
                0x000047e8                __sys_flen
 .text.__sys_istty
                0x000047ee        0x6 c:/nxp/mcuxpressoide_11.4.0_6224/ide/plugins/com.nxp.mcuxpresso.tools.win32_11.4.0.202103011116/tools/bin/../lib/gcc/arm-none-eabi/10.2.1/../../../../arm-none-eabi/lib/thumb/v7e-m+fp/hard\libcr_nohost_nf.a(__sys_istty.o)
                0x000047ee                __sys_istty
 .text.__sys_remove
                0x000047f4        0x6 c:/nxp/mcuxpressoide_11.4.0_6224/ide/plugins/com.nxp.mcuxpresso.tools.win32_11.4.0.202103011116/tools/bin/../lib/gcc/arm-none-eabi/10.2.1/../../../../arm-none-eabi/lib/thumb/v7e-m+fp/hard\libcr_nohost_nf.a(__sys_remove.o)
                0x000047f4                __sys_remove
 .text.__sys_seek
                0x000047fa        0x6 c:/nxp/mcuxpressoide_11.4.0_6224/ide/plugins/com.nxp.mcuxpresso.tools.win32_11.4.0.202103011116/tools/bin/../lib/gcc/arm-none-eabi/10.2.1/../../../../arm-none-eabi/lib/thumb/v7e-m+fp/hard\libcr_nohost_nf.a(__sys_seek.o)
                0x000047fa                __sys_seek
 .text.__sys_tmpnam
                0x00004800        0x6 c:/nxp/mcuxpressoide_11.4.0_6224/ide/plugins/com.nxp.mcuxpresso.tools.win32_11.4.0.202103011116/tools/bin/../lib/gcc/arm-none-eabi/10.2.1/../../../../arm-none-eabi/lib/thumb/v7e-m+fp/hard\libcr_nohost_nf.a(__sys_tmpnam.o)
                0x00004800                __sys_tmpnam
 .text.__sys_write
                0x00004806        0x4 c:/nxp/mcuxpressoide_11.4.0_6224/ide/plugins/com.nxp.mcuxpresso.tools.win32_11.4.0.202103011116/tools/bin/../lib/gcc/arm-none-eabi/10.2.1/../../../../arm-none-eabi/lib/thumb/v7e-m+fp/hard\libcr_nohost_nf.a(__sys_write.o)
                0x00004806                __sys_write
 *(SORT_BY_ALIGNMENT(.rodata) SORT_BY_ALIGNMENT(.rodata.*) SORT_BY_ALIGNMENT(.constdata) SORT_BY_ALIGNMENT(.constdata.*))
 *fill*         0x0000480a        0x6 ff
 .rodata.a1.1   0x00004810       0x88 c:/nxp/mcuxpressoide_11.4.0_6224/ide/plugins/com.nxp.mcuxpresso.tools.win32_11.4.0.202103011116/tools/bin/../lib/gcc/arm-none-eabi/10.2.1/../../../../arm-none-eabi/lib/thumb/v7e-m+fp/hard\libcr_c.a(pow.o)
 .rodata.a2.0   0x00004898       0x40 c:/nxp/mcuxpressoide_11.4.0_6224/ide/plugins/com.nxp.mcuxpresso.tools.win32_11.4.0.202103011116/tools/bin/../lib/gcc/arm-none-eabi/10.2.1/../../../../arm-none-eabi/lib/thumb/v7e-m+fp/hard\libcr_c.a(pow.o)
 .rodata.main.str1.4
                0x000048d8       0x13 ./source/MK64F12_UART_Arduino_Interrupt.o
 *fill*         0x000048eb        0x1 ff
 .rodata.CLOCK_GetMcgExtClkFreq.str1.4
                0x000048ec       0x4e ./drivers/fsl_clock.o
 *fill*         0x0000493a        0x2 ff
 .rodata.CLOCK_GetPll0Freq.str1.4
                0x0000493c       0x1e ./drivers/fsl_clock.o
 *fill*         0x0000495a        0x2 ff
 .rodata.CLOCK_EnablePll0.str1.4
                0x0000495c       0x1b ./drivers/fsl_clock.o
 *fill*         0x00004977        0x1 ff
 .rodata.CLOCK_SetPbeMode.str1.4
                0x00004978       0x1b ./drivers/fsl_clock.o
 *fill*         0x00004993        0x1 ff
 .rodata.CLOCK_BootToPeeMode.str1.4
                0x00004994       0x1b ./drivers/fsl_clock.o
 *fill*         0x000049af        0x1 ff
 .rodata.fllFactorTable.1
                0x000049b0       0x10 ./drivers/fsl_clock.o
 .rodata.PIT_GetInstance.str1.4
                0x000049c0       0x32 ./drivers/fsl_pit.o
 *fill*         0x000049f2        0x2 ff
 .rodata.PIT_Init.str1.4
                0x000049f4       0x1f ./drivers/fsl_pit.o
 *fill*         0x00004a13        0x1 ff
 .rodata.s_uartBases
                0x00004a14       0x18 ./drivers/fsl_uart.o
 .rodata.s_uartClock
                0x00004a2c       0x18 ./drivers/fsl_uart.o
 .rodata.UART_GetInstance.str1.4
                0x00004a44       0x2c ./drivers/fsl_uart.o
 .rodata.UART_Init.str1.4
                0x00004a70      0x104 ./drivers/fsl_uart.o
 .rodata.UART_GetDefaultConfig.str1.4
                0x00004b74       0x21 ./drivers/fsl_uart.o
 *fill*         0x00004b95        0x3 ff
 .rodata.s_UartAdapterBase
                0x00004b98       0x18 ./component/uart/fsl_adapter_uart.o
 .rodata.HAL_UartInit.str1.4
                0x00004bb0       0xe6 ./component/uart/fsl_adapter_uart.o
 *fill*         0x00004c96        0x2 ff
 .rodata.HAL_UartSendBlocking.str1.4
                0x00004c98       0x65 ./component/uart/fsl_adapter_uart.o
 *fill*         0x00004cfd        0x3 ff
 .rodata.mcgConfig_BOARD_BootClockRUN
                0x00004d00        0xb ./board/clock_config.o
                0x00004d00                mcgConfig_BOARD_BootClockRUN
 *fill*         0x00004d0b        0x1 ff
 .rodata.simConfig_BOARD_BootClockRUN
                0x00004d0c        0x8 ./board/clock_config.o
                0x00004d0c                simConfig_BOARD_BootClockRUN
 .rodata.oscConfig_BOARD_BootClockRUN
                0x00004d14        0x8 ./board/clock_config.o
                0x00004d14                oscConfig_BOARD_BootClockRUN
 .rodata.PIT_SetTimerPeriod.str1.4
                0x00004d1c       0xbe ./board/peripherals.o
 *fill*         0x00004dda        0x2 ff
 .rodata.PIT_config
                0x00004ddc        0x1 ./board/peripherals.o
                0x00004ddc                PIT_config
 *fill*         0x00004ddd        0x3 ff
 .rodata.UART1_config
                0x00004de0       0x10 ./board/peripherals.o
                0x00004de0                UART1_config
 .rodata.PORT_SetPinConfig.str1.4
                0x00004df0       0xba ./board/pin_mux.o
 *fill*         0x00004eaa        0x2 ff
 .rodata.__num_Ciob_streams
                0x00004eac        0x4 c:/nxp/mcuxpressoide_11.4.0_6224/ide/plugins/com.nxp.mcuxpresso.tools.win32_11.4.0.202103011116/tools/bin/../lib/gcc/arm-none-eabi/10.2.1/../../../../arm-none-eabi/lib/thumb/v7e-m+fp/hard\libcr_nohost_nf.a(__ciob.o)
                0x00004eac                __num_Ciob_streams
 .rodata.__assertion_failed.str1.1
                0x00004eb0       0x15 c:/nxp/mcuxpressoide_11.4.0_6224/ide/plugins/com.nxp.mcuxpresso.tools.win32_11.4.0.202103011116/tools/bin/../lib/gcc/arm-none-eabi/10.2.1/../../../../arm-none-eabi/lib/thumb/v7e-m+fp/hard\libcr_nohost_nf.a(_cr_assert.o)
 .rodata._Csys_alloc.str1.1
                0x00004ec5       0x18 c:/nxp/mcuxpressoide_11.4.0_6224/ide/plugins/com.nxp.mcuxpresso.tools.win32_11.4.0.202103011116/tools/bin/../lib/gcc/arm-none-eabi/10.2.1/../../../../arm-none-eabi/lib/thumb/v7e-m+fp/hard\libcr_c.a(alloc.o)
 .rodata._initio.str1.1
                0x00004edd        0x4 c:/nxp/mcuxpressoide_11.4.0_6224/ide/plugins/com.nxp.mcuxpresso.tools.win32_11.4.0.202103011116/tools/bin/../lib/gcc/arm-none-eabi/10.2.1/../../../../arm-none-eabi/lib/thumb/v7e-m+fp/hard\libcr_c.a(initio.o)
                0x00004ee8                . = ALIGN (0x8)
 *fill*         0x00004ee1        0x7 ff

.glue_7         0x00004ee8        0x0
 .glue_7        0x00004ee8        0x0 linker stubs

.glue_7t        0x00004ee8        0x0
 .glue_7t       0x00004ee8        0x0 linker stubs

.vfp11_veneer   0x00004ee8        0x0
 .vfp11_veneer  0x00004ee8        0x0 linker stubs

.v4_bx          0x00004ee8        0x0
 .v4_bx         0x00004ee8        0x0 linker stubs

.iplt           0x00004ee8        0x0
 .iplt          0x00004ee8        0x0 ./utilities/fsl_debug_console.o

.rel.dyn        0x00004ee8        0x0
 .rel.iplt      0x00004ee8        0x0 ./utilities/fsl_debug_console.o

.ARM.extab
 *(SORT_BY_ALIGNMENT(.ARM.extab*) SORT_BY_ALIGNMENT(.gnu.linkonce.armextab.*))

.ARM.exidx      0x00004ee8        0x0
                0x00004ee8                __exidx_start = .
 *(SORT_BY_ALIGNMENT(.ARM.exidx*) SORT_BY_ALIGNMENT(.gnu.linkonce.armexidx.*))
                0x00004ee8                __exidx_end = .
                0x00004ee8                _etext = .

.m_usb_data
 *(SORT_BY_ALIGNMENT(m_usb_bdt))

.data_RAM2      0x1fff0000        0x0 load address 0x00004ee8
 FILL mask 0xff
                [!provide]                PROVIDE (__start_data_RAM2 = .)
                [!provide]                PROVIDE (__start_data_SRAM_LOWER = .)
 *(SORT_BY_ALIGNMENT(.ramfunc.$RAM2))
 *(SORT_BY_ALIGNMENT(.ramfunc.$SRAM_LOWER))
 *(SORT_BY_ALIGNMENT(.data.$RAM2))
 *(SORT_BY_ALIGNMENT(.data.$SRAM_LOWER))
 *(SORT_BY_ALIGNMENT(.data.$RAM2.*))
 *(SORT_BY_ALIGNMENT(.data.$SRAM_LOWER.*))
                0x1fff0000                . = ALIGN (0x8)
                [!provide]                PROVIDE (__end_data_RAM2 = .)
                [!provide]                PROVIDE (__end_data_SRAM_LOWER = .)

.data_RAM3      0x14000000        0x0 load address 0x00004ee8
 FILL mask 0xff
                [!provide]                PROVIDE (__start_data_RAM3 = .)
                [!provide]                PROVIDE (__start_data_FLEX_RAM = .)
 *(SORT_BY_ALIGNMENT(.ramfunc.$RAM3))
 *(SORT_BY_ALIGNMENT(.ramfunc.$FLEX_RAM))
 *(SORT_BY_ALIGNMENT(.data.$RAM3))
 *(SORT_BY_ALIGNMENT(.data.$FLEX_RAM))
 *(SORT_BY_ALIGNMENT(.data.$RAM3.*))
 *(SORT_BY_ALIGNMENT(.data.$FLEX_RAM.*))
                0x14000000                . = ALIGN (0x8)
                [!provide]                PROVIDE (__end_data_RAM3 = .)
                [!provide]                PROVIDE (__end_data_FLEX_RAM = .)

.uninit_RESERVED
                0x20000000        0x0
                0x20000000                _start_uninit_RESERVED = .
 *(SORT_BY_ALIGNMENT(.bss.$RESERVED*))
                0x20000000                . = ALIGN (0x8)
                0x20000000                _end_uninit_RESERVED = .

.data           0x20000000       0x10 load address 0x00004ee8
 FILL mask 0xff
                0x20000000                _data = .
                [!provide]                PROVIDE (__start_data_RAM = .)
                [!provide]                PROVIDE (__start_data_SRAM_UPPER = .)
 *(SORT_BY_ALIGNMENT(vtable))
 *(SORT_BY_ALIGNMENT(.ramfunc*))
 *(SORT_BY_ALIGNMENT(CodeQuickAccess))
 *(SORT_BY_ALIGNMENT(DataQuickAccess))
 *(SORT_BY_ALIGNMENT(RamFunction))
 *(SORT_BY_ALIGNMENT(.data*))
 .data.s_slowIrcFreq
                0x20000000        0x4 ./drivers/fsl_clock.o
 .data.s_fastIrcFreq
                0x20000004        0x4 ./drivers/fsl_clock.o
 .data.SystemCoreClock
                0x20000008        0x4 ./device/system_MK64F12.o
                0x20000008                SystemCoreClock
 .data.dataTx   0x2000000c        0x1 ./source/MK64F12_UART_Arduino_Interrupt.o
                0x2000000c                dataTx
                0x20000010                . = ALIGN (0x8)
 *fill*         0x2000000d        0x3 ff
                0x20000010                _edata = .
                [!provide]                PROVIDE (__end_data_RAM = .)
                [!provide]                PROVIDE (__end_data_SRAM_UPPER = .)

.igot.plt       0x20000010        0x0 load address 0x00004ef8
 .igot.plt      0x20000010        0x0 ./utilities/fsl_debug_console.o

.bss_RAM2       0x1fff0000        0x0
                [!provide]                PROVIDE (__start_bss_RAM2 = .)
                [!provide]                PROVIDE (__start_bss_SRAM_LOWER = .)
 *(SORT_BY_ALIGNMENT(.bss.$RAM2))
 *(SORT_BY_ALIGNMENT(.bss.$SRAM_LOWER))
 *(SORT_BY_ALIGNMENT(.bss.$RAM2.*))
 *(SORT_BY_ALIGNMENT(.bss.$SRAM_LOWER.*))
                0x1fff0000                . = ALIGN ((. != 0x0)?0x8:0x1)
                [!provide]                PROVIDE (__end_bss_RAM2 = .)
                [!provide]                PROVIDE (__end_bss_SRAM_LOWER = .)

.bss_RAM3       0x14000000        0x0
                [!provide]                PROVIDE (__start_bss_RAM3 = .)
                [!provide]                PROVIDE (__start_bss_FLEX_RAM = .)
 *(SORT_BY_ALIGNMENT(.bss.$RAM3))
 *(SORT_BY_ALIGNMENT(.bss.$FLEX_RAM))
 *(SORT_BY_ALIGNMENT(.bss.$RAM3.*))
 *(SORT_BY_ALIGNMENT(.bss.$FLEX_RAM.*))
                0x14000000                . = ALIGN ((. != 0x0)?0x8:0x1)
                [!provide]                PROVIDE (__end_bss_RAM3 = .)
                [!provide]                PROVIDE (__end_bss_FLEX_RAM = .)

.bss            0x20000010      0x178
                0x20000010                _bss = .
                [!provide]                PROVIDE (__start_bss_RAM = .)
                [!provide]                PROVIDE (__start_bss_SRAM_UPPER = .)
 *(SORT_BY_ALIGNMENT(.bss*))
 .bss.s_debugConsoleState
                0x20000010       0x20 ./utilities/fsl_debug_console.o
 .bss.g_serialHandle
                0x20000030        0x4 ./utilities/fsl_debug_console.o
                0x20000030                g_serialHandle
 .bss.tx_q      0x20000034       0x2c ./source/MK64F12_UART_Arduino_Interrupt.o
                0x20000034                tx_q
 .bss.rx_q      0x20000060       0x2c ./source/MK64F12_UART_Arduino_Interrupt.o
                0x20000060                rx_q
 .bss.g_xtal0Freq
                0x2000008c        0x4 ./drivers/fsl_clock.o
                0x2000008c                g_xtal0Freq
 .bss.g_xtal32Freq
                0x20000090        0x4 ./drivers/fsl_clock.o
                0x20000090                g_xtal32Freq
 .bss.s_i2cHandle
                0x20000094        0xc ./drivers/fsl_i2c.o
 .bss.s_i2cMasterIsr
                0x200000a0        0x4 ./drivers/fsl_i2c.o
 .bss.s_i2cSlaveIsr
                0x200000a4        0x4 ./drivers/fsl_i2c.o
 .bss.s_uartHandle
                0x200000a8       0x18 ./drivers/fsl_uart.o
                0x200000a8                s_uartHandle
 .bss.s_uartIsr
                0x200000c0        0x4 ./drivers/fsl_uart.o
                0x200000c0                s_uartIsr
 .bss.__Ciob    0x200000c4       0xb4 c:/nxp/mcuxpressoide_11.4.0_6224/ide/plugins/com.nxp.mcuxpresso.tools.win32_11.4.0.202103011116/tools/bin/../lib/gcc/arm-none-eabi/10.2.1/../../../../arm-none-eabi/lib/thumb/v7e-m+fp/hard\libcr_nohost_nf.a(__ciob.o)
                0x200000c4                __Ciob
 .bss.errno     0x20000178        0x4 c:/nxp/mcuxpressoide_11.4.0_6224/ide/plugins/com.nxp.mcuxpresso.tools.win32_11.4.0.202103011116/tools/bin/../lib/gcc/arm-none-eabi/10.2.1/../../../../arm-none-eabi/lib/thumb/v7e-m+fp/hard\libcr_c.a(errno.o)
                0x20000178                errno
 .bss.__end_of_heap
                0x2000017c        0x4 c:/nxp/mcuxpressoide_11.4.0_6224/ide/plugins/com.nxp.mcuxpresso.tools.win32_11.4.0.202103011116/tools/bin/../lib/gcc/arm-none-eabi/10.2.1/../../../../arm-none-eabi/lib/thumb/v7e-m+fp/hard\libcr_c.a(__init_alloc.o)
                0x2000017c                __end_of_heap
 .bss.__heaps   0x20000180        0x4 c:/nxp/mcuxpressoide_11.4.0_6224/ide/plugins/com.nxp.mcuxpresso.tools.win32_11.4.0.202103011116/tools/bin/../lib/gcc/arm-none-eabi/10.2.1/../../../../arm-none-eabi/lib/thumb/v7e-m+fp/hard\libcr_c.a(__init_alloc.o)
                0x20000180                __heaps
 .bss.s_debugConsoleReadWaitSemaphore
                0x20000184        0x1 ./utilities/fsl_debug_console.o
 .bss.band      0x20000185        0x1 ./source/MK64F12_UART_Arduino_Interrupt.o
                0x20000185                band
 .bss.band2     0x20000186        0x1 ./source/MK64F12_UART_Arduino_Interrupt.o
                0x20000186                band2
 *(SORT_BY_ALIGNMENT(COMMON))
                0x20000188                . = ALIGN (0x8)
 *fill*         0x20000187        0x1 
                0x20000188                _ebss = .
                [!provide]                PROVIDE (__end_bss_RAM = .)
                [!provide]                PROVIDE (__end_bss_SRAM_UPPER = .)
                [!provide]                PROVIDE (end = .)

.noinit_RAM2    0x1fff0000        0x0
                [!provide]                PROVIDE (__start_noinit_RAM2 = .)
                [!provide]                PROVIDE (__start_noinit_SRAM_LOWER = .)
 *(SORT_BY_ALIGNMENT(.noinit.$RAM2))
 *(SORT_BY_ALIGNMENT(.noinit.$SRAM_LOWER))
 *(SORT_BY_ALIGNMENT(.noinit.$RAM2.*))
 *(SORT_BY_ALIGNMENT(.noinit.$SRAM_LOWER.*))
                0x1fff0000                . = ALIGN (0x8)
                [!provide]                PROVIDE (__end_noinit_RAM2 = .)
                [!provide]                PROVIDE (__end_noinit_SRAM_LOWER = .)

.noinit_RAM3    0x14000000        0x0
                [!provide]                PROVIDE (__start_noinit_RAM3 = .)
                [!provide]                PROVIDE (__start_noinit_FLEX_RAM = .)
 *(SORT_BY_ALIGNMENT(.noinit.$RAM3))
 *(SORT_BY_ALIGNMENT(.noinit.$FLEX_RAM))
 *(SORT_BY_ALIGNMENT(.noinit.$RAM3.*))
 *(SORT_BY_ALIGNMENT(.noinit.$FLEX_RAM.*))
                0x14000000                . = ALIGN (0x8)
                [!provide]                PROVIDE (__end_noinit_RAM3 = .)
                [!provide]                PROVIDE (__end_noinit_FLEX_RAM = .)

.noinit         0x20000188        0x0
                0x20000188                _noinit = .
                [!provide]                PROVIDE (__start_noinit_RAM = .)
                [!provide]                PROVIDE (__start_noinit_SRAM_UPPER = .)
 *(SORT_BY_ALIGNMENT(.noinit*))
                0x20000188                . = ALIGN (0x8)
                0x20000188                _end_noinit = .
                [!provide]                PROVIDE (__end_noinit_RAM = .)
                [!provide]                PROVIDE (__end_noinit_SRAM_UPPER = .)
                0x00001000                _HeapSize = 0x1000

.heap           0x20000188     0x1000
                0x20000188                _pvHeapStart = .
                0x20001188                . = (. + _HeapSize)
 *fill*         0x20000188     0x1000 
                0x20001188                . = ALIGN (0x8)
                0x20001188                _pvHeapLimit = .
                0x00001000                _StackSize = 0x1000

.heap2stackfill
                0x20001188     0x1000
                0x20002188                . = (. + _StackSize)
 *fill*         0x20001188     0x1000 

.stack          0x2002f000        0x0
                0x2002f000                _vStackBase = .
                0x2002f000                . = ALIGN (0x8)
                0x20030000                _vStackTop = (. + _StackSize)
                0x00000000                _image_start = LOADADDR (.text)
                0x00004ef8                _image_end = (LOADADDR (.data) + SIZEOF (.data))
                0x00004ef8                _image_size = (_image_end - _image_start)
OUTPUT(MK64F12_UART_Arduino_Interrupt.axf elf32-littlearm)
LOAD linker stubs

.debug_info     0x00000000     0xd696
 .debug_info    0x00000000      0xb58 ./utilities/fsl_debug_console.o
 .debug_info    0x00000b58      0xbf9 ./utilities/fsl_str.o
 .debug_info    0x00001751      0x93a ./startup/startup_mk64f12.o
 .debug_info    0x0000208b      0x98c ./source/MK64F12_UART_Arduino_Interrupt.o
 .debug_info    0x00002a17       0x3c ./source/semihost_hardfault.o
 .debug_info    0x00002a53     0x21ab ./drivers/fsl_clock.o
 .debug_info    0x00004bfe     0x1e7a ./drivers/fsl_i2c.o
 .debug_info    0x00006a78      0x759 ./drivers/fsl_pit.o
 .debug_info    0x000071d1     0x1f78 ./drivers/fsl_uart.o
 .debug_info    0x00009149      0x649 ./device/system_MK64F12.o
 .debug_info    0x00009792      0xa66 ./component/uart/fsl_adapter_uart.o
 .debug_info    0x0000a1f8      0x8e1 ./component/serial_manager/fsl_component_serial_manager.o
 .debug_info    0x0000aad9      0x46b ./component/serial_manager/fsl_component_serial_port_uart.o
 .debug_info    0x0000af44       0xd0 ./board/board.o
 .debug_info    0x0000b014      0xcb8 ./board/clock_config.o
 .debug_info    0x0000bccc      0xd91 ./board/peripherals.o
 .debug_info    0x0000ca5d      0xc39 ./board/pin_mux.o

.debug_abbrev   0x00000000     0x246b
 .debug_abbrev  0x00000000      0x232 ./utilities/fsl_debug_console.o
 .debug_abbrev  0x00000232      0x24d ./utilities/fsl_str.o
 .debug_abbrev  0x0000047f      0x185 ./startup/startup_mk64f12.o
 .debug_abbrev  0x00000604      0x2d2 ./source/MK64F12_UART_Arduino_Interrupt.o
 .debug_abbrev  0x000008d6       0x31 ./source/semihost_hardfault.o
 .debug_abbrev  0x00000907      0x359 ./drivers/fsl_clock.o
 .debug_abbrev  0x00000c60      0x363 ./drivers/fsl_i2c.o
 .debug_abbrev  0x00000fc3      0x1eb ./drivers/fsl_pit.o
 .debug_abbrev  0x000011ae      0x42e ./drivers/fsl_uart.o
 .debug_abbrev  0x000015dc      0x148 ./device/system_MK64F12.o
 .debug_abbrev  0x00001724      0x1c9 ./component/uart/fsl_adapter_uart.o
 .debug_abbrev  0x000018ed      0x23d ./component/serial_manager/fsl_component_serial_manager.o
 .debug_abbrev  0x00001b2a      0x167 ./component/serial_manager/fsl_component_serial_port_uart.o
 .debug_abbrev  0x00001c91       0x85 ./board/board.o
 .debug_abbrev  0x00001d16      0x246 ./board/clock_config.o
 .debug_abbrev  0x00001f5c      0x27d ./board/peripherals.o
 .debug_abbrev  0x000021d9      0x292 ./board/pin_mux.o

.debug_aranges  0x00000000      0xd78
 .debug_aranges
                0x00000000       0x98 ./utilities/fsl_debug_console.o
 .debug_aranges
                0x00000098       0xc0 ./utilities/fsl_str.o
 .debug_aranges
                0x00000158      0x330 ./startup/startup_mk64f12.o
 .debug_aranges
                0x00000488       0x78 ./source/MK64F12_UART_Arduino_Interrupt.o
 .debug_aranges
                0x00000500       0x20 ./source/semihost_hardfault.o
 .debug_aranges
                0x00000520      0x1f8 ./drivers/fsl_clock.o
 .debug_aranges
                0x00000718      0x180 ./drivers/fsl_i2c.o
 .debug_aranges
                0x00000898       0x40 ./drivers/fsl_pit.o
 .debug_aranges
                0x000008d8      0x1b8 ./drivers/fsl_uart.o
 .debug_aranges
                0x00000a90       0x30 ./device/system_MK64F12.o
 .debug_aranges
                0x00000ac0       0x50 ./component/uart/fsl_adapter_uart.o
 .debug_aranges
                0x00000b10       0x98 ./component/serial_manager/fsl_component_serial_manager.o
 .debug_aranges
                0x00000ba8       0x48 ./component/serial_manager/fsl_component_serial_port_uart.o
 .debug_aranges
                0x00000bf0       0x20 ./board/board.o
 .debug_aranges
                0x00000c10       0x80 ./board/clock_config.o
 .debug_aranges
                0x00000c90       0x60 ./board/peripherals.o
 .debug_aranges
                0x00000cf0       0x88 ./board/pin_mux.o

.debug_ranges   0x00000000      0xc98
 .debug_ranges  0x00000000       0x88 ./utilities/fsl_debug_console.o
 .debug_ranges  0x00000088       0xe0 ./utilities/fsl_str.o
 .debug_ranges  0x00000168      0x320 ./startup/startup_mk64f12.o
 .debug_ranges  0x00000488       0x68 ./source/MK64F12_UART_Arduino_Interrupt.o
 .debug_ranges  0x000004f0       0x10 ./source/semihost_hardfault.o
 .debug_ranges  0x00000500      0x1e8 ./drivers/fsl_clock.o
 .debug_ranges  0x000006e8      0x170 ./drivers/fsl_i2c.o
 .debug_ranges  0x00000858       0x30 ./drivers/fsl_pit.o
 .debug_ranges  0x00000888      0x1a8 ./drivers/fsl_uart.o
 .debug_ranges  0x00000a30       0x20 ./device/system_MK64F12.o
 .debug_ranges  0x00000a50       0x40 ./component/uart/fsl_adapter_uart.o
 .debug_ranges  0x00000a90       0x88 ./component/serial_manager/fsl_component_serial_manager.o
 .debug_ranges  0x00000b18       0x38 ./component/serial_manager/fsl_component_serial_port_uart.o
 .debug_ranges  0x00000b50       0x10 ./board/board.o
 .debug_ranges  0x00000b60       0x70 ./board/clock_config.o
 .debug_ranges  0x00000bd0       0x50 ./board/peripherals.o
 .debug_ranges  0x00000c20       0x78 ./board/pin_mux.o

.debug_macro    0x00000000    0x14482
 .debug_macro   0x00000000      0x1b9 ./utilities/fsl_debug_console.o
 .debug_macro   0x000001b9      0xaae ./utilities/fsl_debug_console.o
 .debug_macro   0x00000c67       0x10 ./utilities/fsl_debug_console.o
 .debug_macro   0x00000c77       0x16 ./utilities/fsl_debug_console.o
 .debug_macro   0x00000c8d       0x10 ./utilities/fsl_debug_console.o
 .debug_macro   0x00000c9d      0x12e ./utilities/fsl_debug_console.o
 .debug_macro   0x00000dcb       0x28 ./utilities/fsl_debug_console.o
 .debug_macro   0x00000df3       0x16 ./utilities/fsl_debug_console.o
 .debug_macro   0x00000e09       0x22 ./utilities/fsl_debug_console.o
 .debug_macro   0x00000e2b      0x5b3 ./utilities/fsl_debug_console.o
 .debug_macro   0x000013de       0x10 ./utilities/fsl_debug_console.o
 .debug_macro   0x000013ee       0x58 ./utilities/fsl_debug_console.o
 .debug_macro   0x00001446       0x1c ./utilities/fsl_debug_console.o
 .debug_macro   0x00001462       0x22 ./utilities/fsl_debug_console.o
 .debug_macro   0x00001484       0xfb ./utilities/fsl_debug_console.o
 .debug_macro   0x0000157f      0xeeb ./utilities/fsl_debug_console.o
 .debug_macro   0x0000246a       0x40 ./utilities/fsl_debug_console.o
 .debug_macro   0x000024aa     0xec5f ./utilities/fsl_debug_console.o
 .debug_macro   0x00011109     0x12e8 ./utilities/fsl_debug_console.o
 .debug_macro   0x000123f1       0x7a ./utilities/fsl_debug_console.o
 .debug_macro   0x0001246b       0xa1 ./utilities/fsl_debug_console.o
 .debug_macro   0x0001250c      0x174 ./utilities/fsl_debug_console.o
 .debug_macro   0x00012680       0x50 ./utilities/fsl_debug_console.o
 .debug_macro   0x000126d0       0x58 ./utilities/fsl_debug_console.o
 .debug_macro   0x00012728       0x40 ./utilities/fsl_debug_console.o
 .debug_macro   0x00012768       0x10 ./utilities/fsl_debug_console.o
 .debug_macro   0x00012778       0x66 ./utilities/fsl_debug_console.o
 .debug_macro   0x000127de       0x34 ./utilities/fsl_debug_console.o
 .debug_macro   0x00012812      0x140 ./utilities/fsl_str.o
 .debug_macro   0x00012952       0xc4 ./utilities/fsl_str.o
 .debug_macro   0x00012a16       0x1c ./utilities/fsl_str.o
 .debug_macro   0x00012a32      0x1c7 ./utilities/fsl_str.o
 .debug_macro   0x00012bf9       0x56 ./utilities/fsl_str.o
 .debug_macro   0x00012c4f       0x29 ./startup/startup_mk64f12.o
 .debug_macro   0x00012c78      0x1c0 ./source/MK64F12_UART_Arduino_Interrupt.o
 .debug_macro   0x00012e38       0xd8 ./source/MK64F12_UART_Arduino_Interrupt.o
 .debug_macro   0x00012f10       0x22 ./source/MK64F12_UART_Arduino_Interrupt.o
 .debug_macro   0x00012f32       0x16 ./source/MK64F12_UART_Arduino_Interrupt.o
 .debug_macro   0x00012f48       0x16 ./source/MK64F12_UART_Arduino_Interrupt.o
 .debug_macro   0x00012f5e       0x16 ./source/MK64F12_UART_Arduino_Interrupt.o
 .debug_macro   0x00012f74      0x1ab ./source/MK64F12_UART_Arduino_Interrupt.o
 .debug_macro   0x0001311f       0x10 ./source/MK64F12_UART_Arduino_Interrupt.o
 .debug_macro   0x0001312f       0x16 ./source/MK64F12_UART_Arduino_Interrupt.o
 .debug_macro   0x00013145       0x64 ./source/MK64F12_UART_Arduino_Interrupt.o
 .debug_macro   0x000131a9      0x2d2 ./source/MK64F12_UART_Arduino_Interrupt.o
 .debug_macro   0x0001347b       0x2e ./source/MK64F12_UART_Arduino_Interrupt.o
 .debug_macro   0x000134a9       0x11 ./source/semihost_hardfault.o
 .debug_macro   0x000134ba      0x1d8 ./drivers/fsl_clock.o
 .debug_macro   0x00013692      0x121 ./drivers/fsl_i2c.o
 .debug_macro   0x000137b3       0x1c ./drivers/fsl_i2c.o
 .debug_macro   0x000137cf      0x122 ./drivers/fsl_pit.o
 .debug_macro   0x000138f1      0x127 ./drivers/fsl_uart.o
 .debug_macro   0x00013a18       0x10 ./drivers/fsl_uart.o
 .debug_macro   0x00013a28       0x98 ./device/system_MK64F12.o
 .debug_macro   0x00013ac0      0x11e ./component/uart/fsl_adapter_uart.o
 .debug_macro   0x00013bde       0x40 ./component/uart/fsl_adapter_uart.o
 .debug_macro   0x00013c1e      0x17e ./component/serial_manager/fsl_component_serial_manager.o
 .debug_macro   0x00013d9c       0x52 ./component/serial_manager/fsl_component_serial_manager.o
 .debug_macro   0x00013dee      0x14e ./component/serial_manager/fsl_component_serial_port_uart.o
 .debug_macro   0x00013f3c      0x171 ./board/board.o
 .debug_macro   0x000140ad      0x17d ./board/clock_config.o
 .debug_macro   0x0001422a      0x131 ./board/peripherals.o
 .debug_macro   0x0001435b      0x127 ./board/pin_mux.o

.debug_line     0x00000000     0xa360
 .debug_line    0x00000000      0xa1d ./utilities/fsl_debug_console.o
 .debug_line    0x00000a1d      0xd3b ./utilities/fsl_str.o
 .debug_line    0x00001758      0x911 ./startup/startup_mk64f12.o
 .debug_line    0x00002069      0x9f8 ./source/MK64F12_UART_Arduino_Interrupt.o
 .debug_line    0x00002a61       0x59 ./source/semihost_hardfault.o
 .debug_line    0x00002aba     0x1584 ./drivers/fsl_clock.o
 .debug_line    0x0000403e     0x1471 ./drivers/fsl_i2c.o
 .debug_line    0x000054af      0x4bd ./drivers/fsl_pit.o
 .debug_line    0x0000596c     0x1560 ./drivers/fsl_uart.o
 .debug_line    0x00006ecc      0x43e ./device/system_MK64F12.o
 .debug_line    0x0000730a      0x629 ./component/uart/fsl_adapter_uart.o
 .debug_line    0x00007933      0x910 ./component/serial_manager/fsl_component_serial_manager.o
 .debug_line    0x00008243      0x6c9 ./component/serial_manager/fsl_component_serial_port_uart.o
 .debug_line    0x0000890c      0x70f ./board/board.o
 .debug_line    0x0000901b      0x639 ./board/clock_config.o
 .debug_line    0x00009654      0x5a0 ./board/peripherals.o
 .debug_line    0x00009bf4      0x76c ./board/pin_mux.o

.debug_str      0x00000000    0x84134
 .debug_str     0x00000000    0x7b9c5 ./utilities/fsl_debug_console.o
                              0x7bae2 (size before relaxing)
 .debug_str     0x0007b9c5      0xbe5 ./utilities/fsl_str.o
                              0x7a9fb (size before relaxing)
 .debug_str     0x0007c5aa      0x7a4 ./startup/startup_mk64f12.o
                               0x3684 (size before relaxing)
 .debug_str     0x0007cd4e     0x1f8c ./source/MK64F12_UART_Arduino_Interrupt.o
                              0x7ce84 (size before relaxing)
 .debug_str     0x0007ecda       0x1f ./source/semihost_hardfault.o
                               0x2e29 (size before relaxing)
 .debug_str     0x0007ecf9     0x1e23 ./drivers/fsl_clock.o
                              0x7c377 (size before relaxing)
 .debug_str     0x00080b1c     0x119f ./drivers/fsl_i2c.o
                              0x7ba66 (size before relaxing)
 .debug_str     0x00081cbb       0xa2 ./drivers/fsl_pit.o
                              0x7a815 (size before relaxing)
 .debug_str     0x00081d5d      0xd36 ./drivers/fsl_uart.o
                              0x7bcb1 (size before relaxing)
 .debug_str     0x00082a93      0x127 ./device/system_MK64F12.o
                              0x78469 (size before relaxing)
 .debug_str     0x00082bba      0x2ec ./component/uart/fsl_adapter_uart.o
                              0x7ac13 (size before relaxing)
 .debug_str     0x00082ea6      0x401 ./component/serial_manager/fsl_component_serial_manager.o
                              0x7abe5 (size before relaxing)
 .debug_str     0x000832a7      0x106 ./component/serial_manager/fsl_component_serial_port_uart.o
                              0x7a996 (size before relaxing)
 .debug_str     0x000833ad       0x37 ./board/board.o
                              0x7b2b2 (size before relaxing)
 .debug_str     0x000833e4      0x506 ./board/clock_config.o
                              0x7ae73 (size before relaxing)
 .debug_str     0x000838ea       0xda ./board/peripherals.o
                              0x7b28b (size before relaxing)
 .debug_str     0x000839c4      0x770 ./board/pin_mux.o
                              0x7b391 (size before relaxing)

.comment        0x00000000       0x4d
 .comment       0x00000000       0x4d ./utilities/fsl_debug_console.o
                                 0x4e (size before relaxing)
 .comment       0x0000004d       0x4e ./utilities/fsl_str.o
 .comment       0x0000004d       0x4e ./startup/startup_mk64f12.o
 .comment       0x0000004d       0x4e ./source/MK64F12_UART_Arduino_Interrupt.o
 .comment       0x0000004d       0x4e ./source/semihost_hardfault.o
 .comment       0x0000004d       0x4e ./drivers/fsl_clock.o
 .comment       0x0000004d       0x4e ./drivers/fsl_i2c.o
 .comment       0x0000004d       0x4e ./drivers/fsl_pit.o
 .comment       0x0000004d       0x4e ./drivers/fsl_uart.o
 .comment       0x0000004d       0x4e ./device/system_MK64F12.o
 .comment       0x0000004d       0x4e ./component/uart/fsl_adapter_uart.o
 .comment       0x0000004d       0x4e ./component/serial_manager/fsl_component_serial_manager.o
 .comment       0x0000004d       0x4e ./component/serial_manager/fsl_component_serial_port_uart.o
 .comment       0x0000004d       0x4e ./board/board.o
 .comment       0x0000004d       0x4e ./board/clock_config.o
 .comment       0x0000004d       0x4e ./board/peripherals.o
 .comment       0x0000004d       0x4e ./board/pin_mux.o
 .comment       0x0000004d       0x4e c:/nxp/mcuxpressoide_11.4.0_6224/ide/plugins/com.nxp.mcuxpresso.tools.win32_11.4.0.202103011116/tools/bin/../lib/gcc/arm-none-eabi/10.2.1/../../../../arm-none-eabi/lib/thumb/v7e-m+fp/hard\libcr_nohost_nf.a(_cr__main.o)
 .comment       0x0000004d       0x4e c:/nxp/mcuxpressoide_11.4.0_6224/ide/plugins/com.nxp.mcuxpresso.tools.win32_11.4.0.202103011116/tools/bin/../lib/gcc/arm-none-eabi/10.2.1/../../../../arm-none-eabi/lib/thumb/v7e-m+fp/hard\libcr_nohost_nf.a(_cr_assert.o)
 .comment       0x0000004d       0x4e c:/nxp/mcuxpressoide_11.4.0_6224/ide/plugins/com.nxp.mcuxpresso.tools.win32_11.4.0.202103011116/tools/bin/../lib/gcc/arm-none-eabi/10.2.1/../../../../arm-none-eabi/lib/thumb/v7e-m+fp/hard\libcr_nohost_nf.a(__ciob.o)
 .comment       0x0000004d       0x4e c:/nxp/mcuxpressoide_11.4.0_6224/ide/plugins/com.nxp.mcuxpresso.tools.win32_11.4.0.202103011116/tools/bin/../lib/gcc/arm-none-eabi/10.2.1/../../../../arm-none-eabi/lib/thumb/v7e-m+fp/hard\libcr_nohost_nf.a(__sys_appexit.o)
 .comment       0x0000004d       0x4e c:/nxp/mcuxpressoide_11.4.0_6224/ide/plugins/com.nxp.mcuxpresso.tools.win32_11.4.0.202103011116/tools/bin/../lib/gcc/arm-none-eabi/10.2.1/../../../../arm-none-eabi/lib/thumb/v7e-m+fp/hard\libcr_c.a(memset.o)
 .comment       0x0000004d       0x4e c:/nxp/mcuxpressoide_11.4.0_6224/ide/plugins/com.nxp.mcuxpresso.tools.win32_11.4.0.202103011116/tools/bin/../lib/gcc/arm-none-eabi/10.2.1/../../../../arm-none-eabi/lib/thumb/v7e-m+fp/hard\libcr_c.a(_deferredlazyseek.o)
 .comment       0x0000004d       0x4e c:/nxp/mcuxpressoide_11.4.0_6224/ide/plugins/com.nxp.mcuxpresso.tools.win32_11.4.0.202103011116/tools/bin/../lib/gcc/arm-none-eabi/10.2.1/../../../../arm-none-eabi/lib/thumb/v7e-m+fp/hard\libcr_c.a(_fflush.o)
 .comment       0x0000004d       0x4e c:/nxp/mcuxpressoide_11.4.0_6224/ide/plugins/com.nxp.mcuxpresso.tools.win32_11.4.0.202103011116/tools/bin/../lib/gcc/arm-none-eabi/10.2.1/../../../../arm-none-eabi/lib/thumb/v7e-m+fp/hard\libcr_c.a(_writebuf.o)
 .comment       0x0000004d       0x4e c:/nxp/mcuxpressoide_11.4.0_6224/ide/plugins/com.nxp.mcuxpresso.tools.win32_11.4.0.202103011116/tools/bin/../lib/gcc/arm-none-eabi/10.2.1/../../../../arm-none-eabi/lib/thumb/v7e-m+fp/hard\libcr_c.a(alloc.o)
 .comment       0x0000004d       0x4e c:/nxp/mcuxpressoide_11.4.0_6224/ide/plugins/com.nxp.mcuxpresso.tools.win32_11.4.0.202103011116/tools/bin/../lib/gcc/arm-none-eabi/10.2.1/../../../../arm-none-eabi/lib/thumb/v7e-m+fp/hard\libcr_c.a(errno.o)
 .comment       0x0000004d       0x4e c:/nxp/mcuxpressoide_11.4.0_6224/ide/plugins/com.nxp.mcuxpresso.tools.win32_11.4.0.202103011116/tools/bin/../lib/gcc/arm-none-eabi/10.2.1/../../../../arm-none-eabi/lib/thumb/v7e-m+fp/hard\libcr_c.a(fputs.o)
 .comment       0x0000004d       0x4e c:/nxp/mcuxpressoide_11.4.0_6224/ide/plugins/com.nxp.mcuxpresso.tools.win32_11.4.0.202103011116/tools/bin/../lib/gcc/arm-none-eabi/10.2.1/../../../../arm-none-eabi/lib/thumb/v7e-m+fp/hard\libcr_c.a(fseek.o)
 .comment       0x0000004d       0x4e c:/nxp/mcuxpressoide_11.4.0_6224/ide/plugins/com.nxp.mcuxpresso.tools.win32_11.4.0.202103011116/tools/bin/../lib/gcc/arm-none-eabi/10.2.1/../../../../arm-none-eabi/lib/thumb/v7e-m+fp/hard\libcr_c.a(ftell.o)
 .comment       0x0000004d       0x4e c:/nxp/mcuxpressoide_11.4.0_6224/ide/plugins/com.nxp.mcuxpresso.tools.win32_11.4.0.202103011116/tools/bin/../lib/gcc/arm-none-eabi/10.2.1/../../../../arm-none-eabi/lib/thumb/v7e-m+fp/hard\libcr_c.a(initio.o)
 .comment       0x0000004d       0x4e c:/nxp/mcuxpressoide_11.4.0_6224/ide/plugins/com.nxp.mcuxpresso.tools.win32_11.4.0.202103011116/tools/bin/../lib/gcc/arm-none-eabi/10.2.1/../../../../arm-none-eabi/lib/thumb/v7e-m+fp/hard\libcr_c.a(modf.o)
 .comment       0x0000004d       0x4e c:/nxp/mcuxpressoide_11.4.0_6224/ide/plugins/com.nxp.mcuxpresso.tools.win32_11.4.0.202103011116/tools/bin/../lib/gcc/arm-none-eabi/10.2.1/../../../../arm-none-eabi/lib/thumb/v7e-m+fp/hard\libcr_c.a(pow.o)
 .comment       0x0000004d       0x4e c:/nxp/mcuxpressoide_11.4.0_6224/ide/plugins/com.nxp.mcuxpresso.tools.win32_11.4.0.202103011116/tools/bin/../lib/gcc/arm-none-eabi/10.2.1/../../../../arm-none-eabi/lib/thumb/v7e-m+fp/hard\libcr_c.a(setvbuf.o)
 .comment       0x0000004d       0x4e c:/nxp/mcuxpressoide_11.4.0_6224/ide/plugins/com.nxp.mcuxpresso.tools.win32_11.4.0.202103011116/tools/bin/../lib/gcc/arm-none-eabi/10.2.1/../../../../arm-none-eabi/lib/thumb/v7e-m+fp/hard\libcr_c.a(strlen.o)
 .comment       0x0000004d       0x4e c:/nxp/mcuxpressoide_11.4.0_6224/ide/plugins/com.nxp.mcuxpresso.tools.win32_11.4.0.202103011116/tools/bin/../lib/gcc/arm-none-eabi/10.2.1/../../../../arm-none-eabi/lib/thumb/v7e-m+fp/hard\libcr_c.a(__init_alloc.o)
 .comment       0x0000004d       0x4e c:/nxp/mcuxpressoide_11.4.0_6224/ide/plugins/com.nxp.mcuxpresso.tools.win32_11.4.0.202103011116/tools/bin/../lib/gcc/arm-none-eabi/10.2.1/../../../../arm-none-eabi/lib/thumb/v7e-m+fp/hard\libcr_c.a(_cr_sbrk.o)
 .comment       0x0000004d       0x4e c:/nxp/mcuxpressoide_11.4.0_6224/ide/plugins/com.nxp.mcuxpresso.tools.win32_11.4.0.202103011116/tools/bin/../lib/gcc/arm-none-eabi/10.2.1/../../../../arm-none-eabi/lib/thumb/v7e-m+fp/hard\libcr_c.a(_fdopen.o)
 .comment       0x0000004d       0x4e c:/nxp/mcuxpressoide_11.4.0_6224/ide/plugins/com.nxp.mcuxpresso.tools.win32_11.4.0.202103011116/tools/bin/../lib/gcc/arm-none-eabi/10.2.1/../../../../arm-none-eabi/lib/thumb/v7e-m+fp/hard\libcr_c.a(fclose.o)
 .comment       0x0000004d       0x4e c:/nxp/mcuxpressoide_11.4.0_6224/ide/plugins/com.nxp.mcuxpresso.tools.win32_11.4.0.202103011116/tools/bin/../lib/gcc/arm-none-eabi/10.2.1/../../../../arm-none-eabi/lib/thumb/v7e-m+fp/hard\libcr_c.a(fflush.o)
 .comment       0x0000004d       0x4e c:/nxp/mcuxpressoide_11.4.0_6224/ide/plugins/com.nxp.mcuxpresso.tools.win32_11.4.0.202103011116/tools/bin/../lib/gcc/arm-none-eabi/10.2.1/../../../../arm-none-eabi/lib/thumb/v7e-m+fp/hard\libcr_c.a(frexp.o)
 .comment       0x0000004d       0x4e c:/nxp/mcuxpressoide_11.4.0_6224/ide/plugins/com.nxp.mcuxpresso.tools.win32_11.4.0.202103011116/tools/bin/../lib/gcc/arm-none-eabi/10.2.1/../../../../arm-none-eabi/lib/thumb/v7e-m+fp/hard\libcr_c.a(ldexp.o)
 .comment       0x0000004d       0x4e c:/nxp/mcuxpressoide_11.4.0_6224/ide/plugins/com.nxp.mcuxpresso.tools.win32_11.4.0.202103011116/tools/bin/../lib/gcc/arm-none-eabi/10.2.1/../../../../arm-none-eabi/lib/thumb/v7e-m+fp/hard\libcr_c.a(remove.o)
 .comment       0x0000004d       0x4e c:/nxp/mcuxpressoide_11.4.0_6224/ide/plugins/com.nxp.mcuxpresso.tools.win32_11.4.0.202103011116/tools/bin/../lib/gcc/arm-none-eabi/10.2.1/../../../../arm-none-eabi/lib/thumb/v7e-m+fp/hard\libcr_c.a(_cr_check_heap.o)
 .comment       0x0000004d       0x4e c:/nxp/mcuxpressoide_11.4.0_6224/ide/plugins/com.nxp.mcuxpresso.tools.win32_11.4.0.202103011116/tools/bin/../lib/gcc/arm-none-eabi/10.2.1/../../../../arm-none-eabi/lib/thumb/v7e-m+fp/hard\libcr_c.a(_do_fflush.o)
 .comment       0x0000004d       0x4e c:/nxp/mcuxpressoide_11.4.0_6224/ide/plugins/com.nxp.mcuxpresso.tools.win32_11.4.0.202103011116/tools/bin/../lib/gcc/arm-none-eabi/10.2.1/thumb/v7e-m+fp/hard\libcr_eabihelpers.a(double.o)
 .comment       0x0000004d       0x4e c:/nxp/mcuxpressoide_11.4.0_6224/ide/plugins/com.nxp.mcuxpresso.tools.win32_11.4.0.202103011116/tools/bin/../lib/gcc/arm-none-eabi/10.2.1/../../../../arm-none-eabi/lib/thumb/v7e-m+fp/hard\libcr_nohost_nf.a(__sys_close.o)
 .comment       0x0000004d       0x4e c:/nxp/mcuxpressoide_11.4.0_6224/ide/plugins/com.nxp.mcuxpresso.tools.win32_11.4.0.202103011116/tools/bin/../lib/gcc/arm-none-eabi/10.2.1/../../../../arm-none-eabi/lib/thumb/v7e-m+fp/hard\libcr_nohost_nf.a(__sys_flen.o)
 .comment       0x0000004d       0x4e c:/nxp/mcuxpressoide_11.4.0_6224/ide/plugins/com.nxp.mcuxpresso.tools.win32_11.4.0.202103011116/tools/bin/../lib/gcc/arm-none-eabi/10.2.1/../../../../arm-none-eabi/lib/thumb/v7e-m+fp/hard\libcr_nohost_nf.a(__sys_istty.o)
 .comment       0x0000004d       0x4e c:/nxp/mcuxpressoide_11.4.0_6224/ide/plugins/com.nxp.mcuxpresso.tools.win32_11.4.0.202103011116/tools/bin/../lib/gcc/arm-none-eabi/10.2.1/../../../../arm-none-eabi/lib/thumb/v7e-m+fp/hard\libcr_nohost_nf.a(__sys_remove.o)
 .comment       0x0000004d       0x4e c:/nxp/mcuxpressoide_11.4.0_6224/ide/plugins/com.nxp.mcuxpresso.tools.win32_11.4.0.202103011116/tools/bin/../lib/gcc/arm-none-eabi/10.2.1/../../../../arm-none-eabi/lib/thumb/v7e-m+fp/hard\libcr_nohost_nf.a(__sys_seek.o)
 .comment       0x0000004d       0x4e c:/nxp/mcuxpressoide_11.4.0_6224/ide/plugins/com.nxp.mcuxpresso.tools.win32_11.4.0.202103011116/tools/bin/../lib/gcc/arm-none-eabi/10.2.1/../../../../arm-none-eabi/lib/thumb/v7e-m+fp/hard\libcr_nohost_nf.a(__sys_tmpnam.o)
 .comment       0x0000004d       0x4e c:/nxp/mcuxpressoide_11.4.0_6224/ide/plugins/com.nxp.mcuxpresso.tools.win32_11.4.0.202103011116/tools/bin/../lib/gcc/arm-none-eabi/10.2.1/../../../../arm-none-eabi/lib/thumb/v7e-m+fp/hard\libcr_nohost_nf.a(__sys_write.o)

.ARM.attributes
                0x00000000       0x32
 .ARM.attributes
                0x00000000       0x34 ./utilities/fsl_debug_console.o
 .ARM.attributes