C:\Users\SANTIAGO RUA PEREZ\OneDrive\Documents\Docencia\UdeM\2021\2021-02\Sistemas Embebidos\03_Software\K64FRDM_Workspace\MK64F12_UART_Arduino_Interrupt\CMSIS/core_cm4.h:1679:22:__NVIC_EnableIRQ	16	static
C:\Users\SANTIAGO RUA PEREZ\OneDrive\Documents\Docencia\UdeM\2021\2021-02\Sistemas Embebidos\03_Software\K64FRDM_Workspace\MK64F12_UART_Arduino_Interrupt\drivers/fsl_common_arm.h:488:24:EnableIRQ	24	static
C:\Users\SANTIAGO RUA PEREZ\OneDrive\Documents\Docencia\UdeM\2021\2021-02\Sistemas Embebidos\03_Software\K64FRDM_Workspace\MK64F12_UART_Arduino_Interrupt\drivers/fsl_pit.h:159:20:PIT_EnableInterrupts	24	static
C:\Users\SANTIAGO RUA PEREZ\OneDrive\Documents\Docencia\UdeM\2021\2021-02\Sistemas Embebidos\03_Software\K64FRDM_Workspace\MK64F12_UART_Arduino_Interrupt\drivers/fsl_pit.h:246:20:PIT_SetTimerPeriod	24	static
C:\Users\SANTIAGO RUA PEREZ\OneDrive\Documents\Docencia\UdeM\2021\2021-02\Sistemas Embebidos\03_Software\K64FRDM_Workspace\MK64F12_UART_Arduino_Interrupt\drivers/fsl_pit.h:288:20:PIT_StartTimer	16	static
../board/peripherals.c:105:13:PIT_init	8	static
../board/peripherals.c:174:13:UART1_init	8	static
../board/peripherals.c:184:6:BOARD_InitPeripherals	8	static
../board/peripherals.c:194:6:BOARD_InitBootPeripherals	8	static
