C:\Users\SANTIAGO RUA PEREZ\OneDrive\Documents\Docencia\UdeM\2021\2021-02\Sistemas Embebidos\03_Software\K64FRDM_Workspace\MK64F12_UART_Arduino_Interrupt\drivers/fsl_clock.h:668:20:CLOCK_EnableClock	24	static
C:\Users\SANTIAGO RUA PEREZ\OneDrive\Documents\Docencia\UdeM\2021\2021-02\Sistemas Embebidos\03_Software\K64FRDM_Workspace\MK64F12_UART_Arduino_Interrupt\drivers/fsl_port.h:271:20:PORT_SetPinConfig	32	static
C:\Users\SANTIAGO RUA PEREZ\OneDrive\Documents\Docencia\UdeM\2021\2021-02\Sistemas Embebidos\03_Software\K64FRDM_Workspace\MK64F12_UART_Arduino_Interrupt\drivers/fsl_port.h:374:20:PORT_SetPinMux	24	static
C:\Users\SANTIAGO RUA PEREZ\OneDrive\Documents\Docencia\UdeM\2021\2021-02\Sistemas Embebidos\03_Software\K64FRDM_Workspace\MK64F12_UART_Arduino_Interrupt\drivers/fsl_port.h:443:20:PORT_SetPinInterruptConfig	24	static
../board/pin_mux.c:132:6:BOARD_InitBootPins	8	static
../board/pin_mux.c:157:6:BOARD_InitPins	8	static
../board/pin_mux.c:217:6:BOARD_InitButtonsPins	24	static
../board/pin_mux.c:301:6:BOARD_InitLEDsPins	32	static
../board/pin_mux.c:401:6:BOARD_InitDEBUG_UARTPins	16	static
../board/pin_mux.c:468:6:BOARD_InitOSCPins	8	static
../board/pin_mux.c:501:6:BOARD_InitACCELPins	32	static
../board/pin_mux.c:627:6:BOARD_InitENETPins	48	static
../board/pin_mux.c:842:6:BOARD_InitSDHCPins	40	static
../board/pin_mux.c:992:6:BOARD_InitUSBPins	4	static
