C:\Users\SANTIAGO RUA PEREZ\OneDrive\Documents\Docencia\UdeM\2021\2021-02\Sistemas Embebidos\03_Software\K64FRDM_Workspace\MK64F12_ExampleRGB\drivers/fsl_clock.h:668:20:CLOCK_EnableClock	24	static
C:\Users\SANTIAGO RUA PEREZ\OneDrive\Documents\Docencia\UdeM\2021\2021-02\Sistemas Embebidos\03_Software\K64FRDM_Workspace\MK64F12_ExampleRGB\drivers/fsl_port.h:271:20:PORT_SetPinConfig	32	static
C:\Users\SANTIAGO RUA PEREZ\OneDrive\Documents\Docencia\UdeM\2021\2021-02\Sistemas Embebidos\03_Software\K64FRDM_Workspace\MK64F12_ExampleRGB\drivers/fsl_port.h:374:20:PORT_SetPinMux	24	static
C:\Users\SANTIAGO RUA PEREZ\OneDrive\Documents\Docencia\UdeM\2021\2021-02\Sistemas Embebidos\03_Software\K64FRDM_Workspace\MK64F12_ExampleRGB\drivers/fsl_port.h:443:20:PORT_SetPinInterruptConfig	24	static
../board/pin_mux.c:132:6:BOARD_InitBootPins	8	static
../board/pin_mux.c:158:6:BOARD_InitPins	8	static
../board/pin_mux.c:216:6:BOARD_InitButtonsPins	24	static
../board/pin_mux.c:300:6:BOARD_InitLEDsPins	32	static
../board/pin_mux.c:400:6:BOARD_InitDEBUG_UARTPins	16	static
../board/pin_mux.c:467:6:BOARD_InitOSCPins	8	static
../board/pin_mux.c:500:6:BOARD_InitACCELPins	32	static
../board/pin_mux.c:626:6:BOARD_InitENETPins	48	static
../board/pin_mux.c:841:6:BOARD_InitSDHCPins	40	static
../board/pin_mux.c:991:6:BOARD_InitUSBPins	4	static
