10:39:01 **** Build of configuration Debug for project frdmk64f_hello_world ****
make -r -j12 all 
Building file: ../utilities/fsl_assert.c
Building file: ../utilities/fsl_debug_console.c
Building file: ../source/hello_world.c
Building file: ../drivers/fsl_clock.c
Building file: ../drivers/fsl_common.c
Invoking: MCU C Compiler
Invoking: MCU C Compiler
arm-none-eabi-gcc -std=gnu99 -D__REDLIB__ -DCPU_MK64FN1M0VLL12 -DCPU_MK64FN1M0VLL12_cm4 -DPRINTF_FLOAT_ENABLE=0 -DSCANF_FLOAT_ENABLE=0 -DPRINTF_ADVANCED_ENABLE=0 -DSCANF_ADVANCED_ENABLE=0 -DFRDM_K64F -DFREEDOM -DMCUXPRESSO_SDK -DSDK_DEBUGCONSOLE=1 -DCR_INTEGER_PRINTF -D__MCUXPRESSO -D__USE_CMSIS -DDEBUG -I"D:\OneDrive\Documents\Docencia\UdeM\2021\2021-02\Sistemas Embebidos\03_Software\K64FRDM_Workspace\frdmk64f_hello_world\board" -I"D:\OneDrive\Documents\Docencia\UdeM\2021\2021-02\Sistemas Embebidos\03_Software\K64FRDM_Workspace\frdmk64f_hello_world\source" -I"D:\OneDrive\Documents\Docencia\UdeM\2021\2021-02\Sistemas Embebidos\03_Software\K64FRDM_Workspace\frdmk64f_hello_world\utilities" -I"D:\OneDrive\Documents\Docencia\UdeM\2021\2021-02\Sistemas Embebidos\03_Software\K64FRDM_Workspace\frdmk64f_hello_world\drivers" -I"D:\OneDrive\Documents\Docencia\UdeM\2021\2021-02\Sistemas Embebidos\03_Software\K64FRDM_Workspace\frdmk64f_hello_world\device" -I"D:\OneDrive\Documents\Docencia\UdeM\2021\2021-02\Sistemas Embebidos\03_Software\K64FRDM_Workspace\frdmk64f_hello_world\component\uart" -I"D:\OneDrive\Documents\Docencia\UdeM\2021\2021-02\Sistemas Embebidos\03_Software\K64FRDM_Workspace\frdmk64f_hello_world\component\lists" -I"D:\OneDrive\Documents\Docencia\UdeM\2021\2021-02\Sistemas Embebidos\03_Software\K64FRDM_Workspace\frdmk64f_hello_world\CMSIS" -O0 -fno-common -g3 -c -ffunction-sections -fdata-sections -ffreestanding -fno-builtin -fmerge-constants -fmacro-prefix-map="../utilities/"=. -mcpu=cortex-m4 -mfpu=fpv4-sp-d16 -mfloat-abi=hard -mthumb -D__REDLIB__ -fstack-usage -specs=redlib.specs -MMD -MP -MF"utilities/fsl_assert.d" -MT"utilities/fsl_assert.o" -MT"utilities/fsl_assert.d" -o "utilities/fsl_assert.o" "../utilities/fsl_assert.c"
Invoking: MCU C Compiler
Invoking: MCU C Compiler
arm-none-eabi-gcc -std=gnu99 -D__REDLIB__ -DCPU_MK64FN1M0VLL12 -DCPU_MK64FN1M0VLL12_cm4 -DPRINTF_FLOAT_ENABLE=0 -DSCANF_FLOAT_ENABLE=0 -DPRINTF_ADVANCED_ENABLE=0 -DSCANF_ADVANCED_ENABLE=0 -DFRDM_K64F -DFREEDOM -DMCUXPRESSO_SDK -DSDK_DEBUGCONSOLE=1 -DCR_INTEGER_PRINTF -D__MCUXPRESSO -D__USE_CMSIS -DDEBUG -I"D:\OneDrive\Documents\Docencia\UdeM\2021\2021-02\Sistemas Embebidos\03_Software\K64FRDM_Workspace\frdmk64f_hello_world\board" -I"D:\OneDrive\Documents\Docencia\UdeM\2021\2021-02\Sistemas Embebidos\03_Software\K64FRDM_Workspace\frdmk64f_hello_world\source" -I"D:\OneDrive\Documents\Docencia\UdeM\2021\2021-02\Sistemas Embebidos\03_Software\K64FRDM_Workspace\frdmk64f_hello_world\utilities" -I"D:\OneDrive\Documents\Docencia\UdeM\2021\2021-02\Sistemas Embebidos\03_Software\K64FRDM_Workspace\frdmk64f_hello_world\drivers" -I"D:\OneDrive\Documents\Docencia\UdeM\2021\2021-02\Sistemas Embebidos\03_Software\K64FRDM_Workspace\frdmk64f_hello_world\device" -I"D:\OneDrive\Documents\Docencia\UdeM\2021\2021-02\Sistemas Embebidos\03_Software\K64FRDM_Workspace\frdmk64f_hello_world\component\uart" -I"D:\OneDrive\Documents\Docencia\UdeM\2021\2021-02\Sistemas Embebidos\03_Software\K64FRDM_Workspace\frdmk64f_hello_world\component\lists" -I"D:\OneDrive\Documents\Docencia\UdeM\2021\2021-02\Sistemas Embebidos\03_Software\K64FRDM_Workspace\frdmk64f_hello_world\CMSIS" -O0 -fno-common -g3 -c -ffunction-sections -fdata-sections -ffreestanding -fno-builtin -fmerge-constants -fmacro-prefix-map="../utilities/"=. -mcpu=cortex-m4 -mfpu=fpv4-sp-Building file: ../drivers/fsl_common_arm.c
d16 -mfloat-abi=hard -mthumb -D__REDLIB__ -fstack-usage -specs=redlib.specs -MMD -MP -MF"utilities/fsl_debug_console.d" -MT"utilities/fsl_debug_console.o" -MT"utilities/fsl_debug_console.d" -o "utilities/fsl_debug_console.o" "../utilities/fsl_debug_console.c"
Invoking: MCU C Compiler
arm-none-eabi-gcc -std=gnu99 -D__REDLIB__ -DCPU_MK64FN1M0VLL12 -DCPU_MK64FN1M0VLL12_cm4 -DPRINTF_FLOAT_ENABLE=0 -DSCANF_FLOAT_ENABLE=0 -DPRINTF_ADVANCED_ENABLE=0 -DSCANF_ADVANCED_ENABLE=0 -DFRDM_K64F -DFREEDOM -DMCUXPRESSO_SDK -DSDK_DEBUGCONSOLE=1 -DCR_INTEGER_PRINTF -D__MCUXPRESSO -D__USE_CMSIS -DDEBUG -I"D:\OneDrive\Documents\Docencia\UdeM\2021\2021-02\Sistemas Embebidos\03_Software\K64FRDM_Workspace\frdmk64f_hello_world\board" -I"D:\OneDrive\Documents\Docencia\UdeM\2021\2021-02\Sistemas Embebidos\03_Software\K64FRDM_Workspace\frdmk64f_hello_world\source" -I"D:\OneDrive\Documents\Docencia\UdeM\2021\2021-02\Sistemas Embebidos\03_Software\K64FRDM_Workspace\frdmk64f_hello_world\utilities" -I"D:\OneDrive\Documents\Docencia\UdeM\2021\2021-02\Sistemas Embebidos\03_Software\K64FRDM_Workspace\frdmk64f_hello_world\drivers" -I"D:\OneDrive\Documents\Docencia\UdeM\2021\2021-02\Sistemas Embebidos\03_Software\K64FRDM_Workspace\frdmk64f_hello_world\device" -I"D:\OneDrive\Documents\Docencia\UdeM\2021\2021-02\Sistemas Embebidos\03_Software\K64FRDM_Workspace\frdmk64f_hello_world\component\uart" -I"D:\OneDrive\Documents\Docencia\UdeM\2021\2021-02\Sistemas Embebidos\03_Software\K64FRDM_Workspace\frdmk64f_hello_world\component\lists" -I"D:\OneDrive\Documents\Docencia\UdeM\2021\2021-02\Sistemas Embebidos\03_Software\K64FRDM_Workspace\frdmk64f_hello_world\CMSIS" -O0 -fno-common -g3 -c -ffunction-sections -fdata-sections -ffreestanding -fno-builtin -fmerge-constants -fmacro-prefix-map="../source/"=. -mcpu=cortex-m4 -mfpu=fpv4-sp-d16 -mfloat-abi=hard -mthumb -D__REDLIB__ -fstack-usage -specs=redlib.specs -MMD -MP -MF"source/hello_world.d" -MT"source/hello_world.o" -MT"source/hello_world.d" -o "source/hello_world.o" "../source/hello_world.c"
arm-none-eabi-gcc -std=gnu99 -D__REDLIB__ -DCPU_MK64FN1M0VLL12 -DCPU_MK64FN1M0VLL12_cm4 -DPRINTF_FLOAT_ENABLE=0 -DSCANF_FLOAT_ENABLE=0 -DPRINTF_ADVANCED_ENABLE=0 -DSCANF_ADVANCED_ENABLE=0 -DFRDM_K64F -DFREEDOM -DMCUXPRESSO_SDK -DSDK_DEBUGCONSOLE=1 -DCR_INTEGER_PRINTF -D__MCUXPRESSO -D__USE_CMSIS -DDEBUG -I"D:\OneDrive\Documents\Docencia\UdeM\2021\2021-02\Sistemas Embebidos\03_Software\K64FRDM_Workspace\frdmk64f_hello_world\board" -I"D:\OneDrive\Documents\Docencia\UdeM\2021\2021-02\Sistemas Embebidos\03_Software\K64FRDM_Workspace\frdmk64f_hello_world\source" -I"D:\OneDrive\Documents\Docencia\UdeM\2021\2021-02\Sistemas Embebidos\03_Software\K64FRDM_Workspace\frdmk64f_hello_world\utilities" -I"D:\OneDrive\Documents\Docencia\UdeM\2021\2021-02\Sistemas Embebidos\03_Software\K64FRDM_Workspace\frdmk64f_hello_world\drivers" -I"D:\OneDrive\Documents\Docencia\UdeM\2021\2021-02\Sistemas Embebidos\03_Software\K64FRDM_Workspace\frdmk64f_hello_world\device" -I"D:\OneDrive\Documents\Docencia\UdeM\2021\2021-02\Sistemas Embebidos\03_Software\K64FRDM_Workspace\frdmk64f_hello_world\component\uart" -I"D:\OneDrive\Documents\Docencia\UdeM\2021\2021-02\Sistemas Embebidos\03_Software\K64FRDM_Workspace\frdmk64f_hello_world\component\lists" -I"D:\OneDrive\Documents\Docencia\UdeM\2021\2021-02\Sistemas Embebidos\03_Software\K64FRDM_Workspace\frdmk64f_hello_world\CMSIS" -O0 -fno-common -g3 -c -ffunction-sections -fdata-sections -ffreestanding -fno-builtin -fmerge-constants -fmacro-prefix-map="../drivers/"=. -mcpu=cortex-m4 -mfpu=fpv4-sp-d16 -mfloat-abi=hard -mthumb -D__REDLIB__ -fstack-usage -specs=redlib.specs -MMD -MP -MF"drivers/fsl_clock.d" -MT"drivers/fsl_clock.o" -MT"drivers/fsl_clock.d" -o "drivers/fsl_clock.o" "../drivers/fsl_clock.c"
arm-none-eabi-gcc -std=gnu99 -D__REDLIB__ -DCPU_MK64FN1M0VLL12 -DCPU_MK64FN1M0VLL12_cm4 -DPRINTF_FLOAT_ENABLE=0 -DSCANF_FLOAT_ENABLE=0 -DPRINTF_ADVANCED_ENABLE=0 -DSCANF_ADVANCED_ENABLE=0 -DFRDM_K64F -DFREEDOM -DMCUXPRESSO_SDK -DSDK_DEBUGCONSOLE=1 -DCR_INTEGER_PRINTF -D__MCUXPRESSO -D__USE_CMSIS -DDEBUG -I"D:\OneDrive\Documents\Docencia\UdeM\2021\2021-02\Sistemas Embebidos\03_Software\K64FRDM_Workspace\frdmk64f_hello_world\board" -I"D:\OneDrive\Documents\Docencia\UdeM\2021\2021-02\Sistemas Embebidos\03_Software\K64FRDM_Workspace\frdmk64f_hello_world\source" -I"D:\OneDrive\Documents\Docencia\UdeM\2021\2021-02\Sistemas Embebidos\03_Software\K64FRDM_Workspace\frdmk64f_hello_world\utilities" -I"D:\OneDrive\Documents\Docencia\UdeM\2021\2021-02\Sistemas Embebidos\03_Software\K64FRDM_Workspace\frdmk64f_hello_world\drivers" -I"D:\OneDrive\Documents\Docencia\UdeM\2021\2021-02\Sistemas Embebidos\03_Software\K64FRDM_Workspace\frdmk64f_hello_world\device" -I"D:\OneDrive\Documents\Docencia\UdeM\2021\2021-02\Sistemas Embebidos\03_Software\K64FRDM_Workspace\frdmk64f_hello_world\component\uart" -I"D:\OneDrive\Documents\Docencia\UdeM\2021\2021-02\Sistemas Embebidos\03_Software\K64FRDM_Workspace\frdmk64f_hello_world\component\lists" -I"D:\OneDrive\Documents\Docencia\UdeM\2021\2021-02\Sistemas Embebidos\03_Software\K64FRDM_Workspace\frdmk64f_hello_world\CMSIS" -O0 -fno-common -g3 -c -ffunction-sections -fdata-sections -ffreestanding -fno-builtin -fmerge-constants -fmacro-prefix-map="../drivers/"=. -mcpu=cortex-m4 -mfpu=fpv4-sp-d16 -mfloat-abi=hard -mthumb -D__REDLIB__ -fstack-usage -specs=redlib.specs -MMD -MP -MF"drivers/fsl_common.d" -MT"drivers/fsl_common.o" -MT"drivers/fsl_common.d" -o "drivers/fsl_common.o" "../drivers/fsl_common.c"
Invoking: MCU C Compiler
arm-none-eabi-gcc -std=gnu99 -D__REDLIB__ -DCPU_MK64FN1M0VLL12 -DCPU_MK64FN1M0VLL12_cm4 -DPRINTF_FLOAT_ENABLE=0 -DSCANF_FLOAT_ENABLE=0 -DPRINTF_ADVANCED_ENABLE=0 -DSCANF_ADVANCED_ENABLE=0 -DFRDM_K64F -DFREEDOM -DMCUXPRESSO_SDK -DSDK_DEBUGCONSOLE=1 -DCR_INTEGER_PRINTF -D__MCUXPRESSO -D__USE_CMSIS -DDEBUG -I"D:\OneDrive\Documents\Docencia\UdeM\2021\2021-02\Sistemas Embebidos\03_Software\K64FRDM_Workspace\frdmk64f_hello_world\board" -I"D:\OneDrive\Documents\Docencia\UdeM\2021\2021-02\Sistemas Embebidos\03_Software\K64FRDM_Workspace\frdmk64f_hello_world\source" -I"D:\OneDrive\Documents\Docencia\UdeM\2021\2021-02\Sistemas Embebidos\03_Software\K64FRDM_Workspace\frdmk64f_hello_world\utilities" -I"D:\OneDrive\Documents\Docencia\UdeM\2021\2021-02\Sistemas Embebidos\03_Software\K64FRDM_Workspace\frdmk64f_hello_world\drivers" -I"D:\OneDrive\Documents\Docencia\UdeM\2021\2021-02\Sistemas Embebidos\03_Software\K64FRDM_Workspace\frdmk64f_hello_world\device" -I"D:\OneDrive\Documents\Docencia\UdeM\2021\2021-02\Sistemas Embebidos\03_Software\K64FRDM_Workspace\frdmk64f_hello_world\component\uart" -I"D:\OneDrive\Documents\Docencia\UdeM\2021\2021-02\Sistemas Embebidos\03_Software\K64FRDM_Workspace\frdmk64f_hello_world\component\lists" -I"D:\OneDrive\Documents\Docencia\UdeM\2021\2021-02\Sistemas Embebidos\03_Software\K64FRDM_Workspace\frdmk64f_hello_world\CMSIS" -O0 -fno-common -g3 -c -ffunction-sections -fdata-sections -ffreestanding -fno-builtin -fmerge-constants -fmacro-prefix-map="../drivers/"=. -mcpu=cortex-m4 -mfpu=fpv4-sp-d16 -mfloat-abi=hard -mthumb -D__REDLIB__ -fstack-usage -specs=redlib.specs -MMD -MP -MF"drivers/fsl_common_arm.d" -MT"drivers/fsl_common_arm.o" -MT"drivers/fsl_common_arm.d" -o "drivers/fsl_common_arm.o" "../drivers/fsl_common_arm.c"
Building file: ../drivers/fsl_ftfx_cache.c
Building file: ../drivers/fsl_ftfx_flash.c
Building file: ../drivers/fsl_ftfx_controller.c
Building file: ../drivers/fsl_ftfx_flexnvm.c
Building file: ../drivers/fsl_smc.c
Invoking: MCU C Compiler
arm-none-eabi-gcc -std=gnu99 -D__REDLIB__ -DCPU_MK64FN1M0VLL12 -DCPU_MK64FN1M0VLL12_cm4 -DPRINTF_FLOAT_ENABLE=0 -DSCANF_FLOAT_ENABLE=0 -DPRINTF_ADVANCED_ENABLE=0 -DSCANF_ADVANCED_ENABLE=0 -DFRDM_K64F -DFREEDOM -DMCUXPRESSO_SDK -DSDK_DEBUGCONSOLE=1 -DCR_INTEGER_PRINTF -D__MCUXPRESSO -D__USE_CMSIS -DDEBUG -I"D:\OneDrive\Documents\Docencia\UdeM\2021\2021-02\Sistemas Embebidos\03_Software\K64FRDM_Workspace\frdmk64f_hello_world\board" -I"D:\OneDrive\Documents\Docencia\UdeM\2021\2021-02\Sistemas Embebidos\03_Software\K64FRDM_Workspace\frdmk64f_hello_world\source" -I"D:\OneDrive\Documents\Docencia\UdeM\2021\2021-02\Sistemas Embebidos\03_Software\K64FRDM_Workspace\frdmk64f_hello_world\utilities" -I"D:\OneDrive\Documents\Docencia\UdeM\2021\2021-02\Sistemas Embebidos\03_Software\K64FRDM_Workspace\frdmk64f_hello_world\drivers" -I"D:\OneDrive\Documents\Docencia\UdeM\2021\2021-02\Sistemas Embebidos\03_Software\K64FRDM_Workspace\frdmk64f_hello_world\device" -I"D:\OneDrive\Documents\Docencia\UdeM\2021\2021-02\Sistemas Embebidos\03_Software\K64FRDM_Workspace\frdmk64f_hello_world\component\uart" -I"D:\OneDrive\Documents\Docencia\UdeM\2021\2021-02\Sistemas Embebidos\03_Software\K64FRDM_Workspace\frdmk64f_hello_world\component\lists" -I"D:\OneDrive\Documents\Docencia\UdeM\2021\2021-02\Sistemas Embebidos\03_Software\K64FRDM_Workspace\frdmk64f_hello_world\CMSIS" -O0 -fno-common -g3 -c -ffunction-sections -fdata-sections -ffreestanding -fno-builtin -fmerge-constants -fmacro-prefix-map="../drivers/"=. -mcpu=cortex-m4 -mfpu=fpv4-sp-d16 -mfloat-abi=hard -mthumb -D__REDLIB__ -fstack-usage -specs=redlib.specs -MMD -MP -MF"drivers/fsl_ftfx_flash.d" -MT"drivers/fsl_ftfx_flash.o" -MT"drivers/fsl_ftfx_flash.d" -o "drivers/fsl_ftfx_flash.o" "../drivers/fsl_ftfx_flash.c"
Invoking: MCU C Compiler
arm-none-eabi-gcc -std=gnu99 -D__REDLIB__ -DCPU_MK64FN1M0VLL12 -DCPU_MK64FN1M0VLL12_cm4 -DPRINTF_FLOAT_ENABLE=0 -DSCANF_FLOAT_ENABLE=0 -DPRINTF_ADVANCED_ENABLE=0 -DSCANF_ADVANCED_ENABLE=0 -DFRDM_K64F -DFREEDOM -DMCUXPRESSO_SDK -DSDK_DEBUGCONSOLE=1 -DCR_INTEGER_PRINTF -D__MCUXPRESSO -D__USE_CMSIS -DDEBUG -I"D:\OneDrive\Documents\Docencia\UdeM\2021\2021-02\Sistemas Embebidos\03_Software\K64FRDM_Workspace\frdmk64f_hello_world\board" -I"D:\OneDrive\Documents\Docencia\UdeM\2021\2021-02\Sistemas Embebidos\03_Software\K64FRDM_Workspace\frdmk64f_hello_world\source" -I"D:\OneDrive\Documents\Docencia\UdeM\2021\2021-02\Sistemas Embebidos\03_Software\K64FRDM_Workspace\frdmk64f_hello_world\utilities" -I"D:\OneDrive\Documents\Docencia\UdeM\2021\2021-02\Sistemas Embebidos\03_Software\K64FRDM_Workspace\frdmk64f_hello_world\drivers" -I"D:\OneDrive\Documents\Docencia\UdeM\2021\2021-02\Sistemas Embebidos\03_Software\K64FRDM_Workspace\frdmk64f_hello_world\device" -I"D:\OneDrive\Documents\Docencia\UdeM\2021\2021-02\Sistemas Embebidos\03_Software\K64FRDM_Workspace\frdmk64f_hello_world\component\uart" -I"D:\OneDrive\Documents\Docencia\UdeM\2021\2021-02\Sistemas Embebidos\03_Software\K64FRDM_Workspace\frdmk64f_hello_world\component\lists" -I"D:\OneDrive\Documents\Docencia\UdeM\2021\2021-02\Sistemas Embebidos\03_Software\K64FRDM_Workspace\frdmk64f_hello_world\CMSIS" -O0 -fno-common -g3 -c -ffunction-sections -fdata-sections -ffreestanding -fno-builtin -fmerge-constants -fmacro-prefix-map="../drivers/"=. -mcpu=cortex-m4 -mfpu=fpv4-sp-d16 -mfloat-abi=hard -mthumb -D__REDLIB__ -fstack-usage -specs=redlib.specs -MMD -MP -MF"drivers/fsl_smc.d" -MT"drivers/fsl_smc.o" -MT"drivers/fsl_smc.d" -o "drivers/fsl_smc.o" "../drivers/fsl_smc.c"
Invoking: MCU C Compiler
Invoking: MCU C Compiler
Invoking: MCU C Compiler
Building file: ../drivers/fsl_gpio.c
arm-none-eabi-gcc -std=gnu99 -D__REDLIB__ -DCPU_MK64FN1M0VLL12 -DCPU_MK64FN1M0VLL12_cm4 -DPRINTF_FLOAT_ENABLE=0 -DSCANF_FLOAT_ENABLE=0 -DPRINTF_ADVANCED_ENABLE=0 -DSCANF_ADVANCED_ENABLE=0 -DFRDM_K64F -DFREEDOM -DMCUXPRESSO_SDK -DSDK_DEBUGCONSOLE=1 -DCR_INTEGER_PRINTF -D__MCUXPRESSO -D__USE_CMSIS -DDEBUG -I"D:\OneDrive\Documents\Docencia\UdeM\2021\2021-02\Sistemas Embebidos\03_Software\K64FRDM_Workspace\frdmk64f_hello_world\board" -I"D:\OneDrive\Documents\Docencia\UdeM\2021\2021-02\Sistemas Embebidos\03_Software\K64FRDM_Workspace\frdmk64f_hello_world\source" -I"D:\OneDrive\Documents\Docencia\UdeM\2021\2021-02\Sistemas Embebidos\03_Software\K64FRDM_Workspace\frdmk64f_hello_world\utilities" -I"D:\OneDrive\Documents\Docencia\UdeM\2021\2021-02\Sistemas Embebidos\03_Software\K64FRDM_Workspace\frdmk64f_hello_world\drivers" -I"D:\OneDrive\Documents\Docencia\UdeM\2021\2021-02\Sistemas Embebidos\03_Software\K64FRDM_Workspace\frdmk64f_hello_world\device" -I"D:\OneDrive\Documents\Docencia\UdeM\2021\2021-02\Sistemas Embebidos\03_Software\K64FRDM_Workspace\frdmk64f_hello_world\component\uart" -I"D:\OneDrive\Documents\Docencia\UdeM\2021\2021-02\Sistemas Embebidos\03_Software\K64FRDM_Workspace\frdmk64f_hello_world\component\lists" -I"D:\OneDrive\Documents\Docencia\UdeM\2021\2021-02\Sistemas Embebidos\03_Software\K64FRDM_Workspace\frdmk64f_hello_world\CMSIS" -O0 -fno-common -g3 -c -ffunction-sections -fdata-sections -ffreestanding -fno-builtin -fmerge-constants -fmacro-prefix-map="../drivers/"=. -mcpu=cortex-m4 -mfpu=fpv4-sp-d16 -mfloat-abi=hard -mthumb -D__REDLIB__ -fstack-usage -specs=redlib.specs -MMD -MP -MF"drivers/fsl_ftfx_flexnvm.d" -MT"drivers/fsl_ftfx_flexnvm.o" -MT"drivers/fsl_ftfx_flexnvm.d" -o "drivers/fsl_ftfx_flexnvm.o" "../drivers/fsl_ftfx_flexnvm.c"
arm-none-eabi-gcc -std=gnu99 -D__REDLIB__ -DCPU_MK64FN1M0VLL12 -DCPU_MK64FN1M0VLL12_cm4 -DPRINTF_FLOAT_ENABLE=0 -DSCANF_FLOAT_ENABLE=0 -DPRINTF_ADVANCED_ENABLE=0 -DSCANF_ADVANCED_ENABLE=0 -DFRDM_K64F -DFREEDOM -DMCUXPRESSO_SDK -DSDK_DEBUGCONSOLE=1 -DCR_INTEGER_PRINTF -D__MCUXPRESSO -D__USE_CMSIS -DDEBUG -I"D:\OneDrive\Documents\Docencia\UdeM\2021\2021-02\Sistemas Embebidos\03_Software\K64FRDM_Workspace\frdmk64f_hello_world\board" -I"D:\OneDrive\Documents\Docencia\UdeM\2021\2021-02\Sistemas Embebidos\03_Software\K64FRDM_Workspace\frdmk64f_hello_world\source" -I"D:\OneDrive\Documents\Docencia\UdeM\2021\2021-02\Sistemas Embebidos\03_Software\K64FRDM_Workspace\frdmk64f_hello_world\utilities" -I"D:\OneDrive\Documents\Docencia\UdeM\2021\2021-02\Sistemas Embebidos\03_Software\K64FRDM_Workspace\frdmk64f_hello_world\drivers" -I"D:\OneDrive\Documents\Docencia\UdeM\2021\2021-02\Sistemas Embebidos\03_Software\K64FRDM_Workspace\frdmk64f_hello_world\device" -I"D:\OneDrive\Documents\Docencia\UdeM\2021\2021-02\Sistemas Embebidos\03_Software\K64FRDM_Workspace\frdmk64f_hello_world\component\uart" -I"D:\OneDrive\Documents\Docencia\UdeM\2021\2021-02\Sistemas Embebidos\03_Software\K64FRDM_Workspace\frdmk64f_hello_world\component\lists" -I"D:\OneDrive\Documents\Docencia\UdeM\2021\2021-02\Sistemas Embebidos\03_Software\K64FRDM_Workspace\frdmk64f_hello_world\CMSIS" -O0 -fno-common -g3 -c -ffunction-sections -fdata-sections -ffreestanding -fno-builtin -fmerge-constants -fmacro-prefix-map="../drivers/"=. -mcpu=cortex-m4 -mfpu=fpv4-sp-d16 -mfloat-abi=hard -mthumb -D__REDLIB__ -fstack-usage -specs=redlib.specs -MMD -MP -MF"drivers/fsl_ftfx_cache.d" -MT"drivers/fsl_ftfx_cache.o" -MT"drivers/fsl_ftfx_cache.d" -o "drivers/fsl_ftfx_cache.o" "../drivers/fsl_ftfx_cache.c"
Invoking: MCU C Compiler
arm-none-eabi-gcc -std=gnu99 -D__REDLIB__ -DCPU_MK64FN1M0VLL12 -DCPU_MK64FN1M0VLL12_cm4 -DPRINTF_FLOAT_ENABLE=0 -DSCANF_FLOAT_ENABLE=0 -DPRINTF_ADVANCED_ENABLE=0 -DSCANF_ADVANCED_ENABLE=0 -DFRDM_K64F -DFREEDOM -DMCUXPRESSO_SDK -DSDK_DEBUGCONSOLE=1 -DCR_INTEGER_PRINTF -D__MCUXPRESSO -D__USE_CMSIS -DDEBUG -I"D:\OneDrive\Documents\Docencia\UdeM\2021\2021-02\Sistemas Embebidos\03_Software\K64FRDM_Workspace\frdmk64f_hello_world\board" -I"D:\OneDrive\Documents\Docencia\UdeM\2021\2021-02\Sistemas Embebidos\03_Software\K64FRDM_Workspace\frdmk64f_hello_world\source" -I"D:\OneDrive\Documents\Docencia\UdeM\2021\2021-02\Sistemas Embebidos\03_Software\K64FRDM_Workspace\frdmk64f_hello_world\utilities" -I"D:\OneDrive\Documents\Docencia\UdeM\2021\2021-02\Sistemas Embebidos\03_Software\K64FRDM_Workspace\frdmk64f_hello_world\drivers" -I"D:\OneDrive\Documents\Docencia\UdeM\2021\2021-02\Sistemas Embebidos\03_Software\K64FRDM_Workspace\frdmk64f_hello_world\device" -I"D:\OneDrive\Documents\Docencia\UdeM\2021\2021-02\Sistemas Embebidos\03_Software\K64FRDM_Workspace\frdmk64f_hello_world\component\uart" -I"D:\OneDrive\Documents\Docencia\UdeM\2021\2021-02\Sistemas Embebidos\03_Software\K64FRDM_Workspace\frdmk64f_hello_world\component\lists" -I"D:\OneDrive\Documents\Docencia\UdeM\2021\2021-02\Sistemas Embebidos\03_Software\K64FRDM_Workspace\frdmk64f_hello_world\CMSIS" -O0 -fno-common -g3 -c -ffunction-sections -fdata-sections -ffreestanding -fno-builtin -fmerge-constants -fmacro-prefix-map="../drivers/"=. -mcpu=cortex-m4 -mfpu=fpv4-sp-d16 -mfloat-abi=hard -mthumb -D__REDLIB__ -fstack-usage -specs=redlib.specs -MMD -MP -MF"drivers/fsl_ftfx_controller.d" -MT"drivers/fsl_ftfx_controller.o" -MT"drivers/fsl_ftfx_controller.d" -o "drivers/fsl_ftfx_controller.o" "../drivers/fsl_ftfx_controller.c"
arm-none-eabi-gcc -std=gnu99 -D__REDLIB__ -DCPU_MK64FN1M0VLL12 -DCPU_MK64FN1M0VLL12_cm4 -DPRINTF_FLOAT_ENABLE=0 -DSCANF_FLOAT_ENABLE=0 -DPRINTF_ADVANCED_ENABLE=0 -DSCANF_ADVANCED_ENABLE=0 -DFRDM_K64F -DFREEDOM -DMCUXPRESSO_SDK -DSDK_DEBUGCONSOLE=1 -DCR_INTEGER_PRINTF -D__MCUXPRESSO -D__USE_CMSIS -DDEBUG -I"D:\OneDrive\Documents\Docencia\UdeM\2021\2021-02\Sistemas Embebidos\03_Software\K64FRDM_Workspace\frdmk64f_hello_world\board" -I"D:\OneDrive\Documents\Docencia\UdeM\2021\2021-02\Sistemas Embebidos\03_Software\K64FRDM_Workspace\frdmk64f_hello_world\source" -I"D:\OneDrive\Documents\Docencia\UdeM\2021\2021-02\Sistemas Embebidos\03_Software\K64FRDM_Workspace\frdmk64f_hello_world\utilities" -I"D:\OneDrive\Documents\Docencia\UdeM\2021\2021-02\Sistemas Embebidos\03_Software\K64FRDM_Workspace\frdmk64f_hello_world\drivers" -I"D:\OneDrive\Documents\Docencia\UdeM\2021\2021-02\Sistemas Embebidos\03_Software\K64FRDM_Workspace\frdmk64f_hello_world\device" -I"D:\OneDrive\Documents\Docencia\UdeM\2021\2021-02\Sistemas Embebidos\03_Software\K64FRDM_Workspace\frdmk64f_hello_world\component\uart" -I"D:\OneDrive\Documents\Docencia\UdeM\2021\2021-02\Sistemas Embebidos\03_Software\K64FRDM_Workspace\frdmk64f_hello_world\component\lists" -I"D:\OneDrive\Documents\Docencia\UdeM\2021\2021-02\Sistemas Embebidos\03_Software\K64FRDM_Workspace\frdmk64f_hello_world\CMSIS" -O0 -fno-common -g3 -c -ffunction-sections -fdata-sections -ffreestanding -fno-builtin -fmerge-constants -fmacro-prefix-map="../drivers/"=. -mcpu=cortex-m4 -mfpu=fpv4-sp-d16 -mfloat-abi=hard -mthumb -D__REDLIB__ -fstack-usage -specs=redlib.specs -MMD -MP -MF"drivers/fsl_gpio.d" -MT"drivers/fsl_gpio.o" -MT"drivers/fsl_gpio.d" -o "drivers/fsl_gpio.o" "../drivers/fsl_gpio.c"
Finished building: ../utilities/fsl_assert.c
Finished building: ../drivers/fsl_common.c
 
Finished building: ../drivers/fsl_smc.c
Finished building: ../drivers/fsl_common_arm.c
 
Building file: ../drivers/fsl_uart.c
Finished building: ../source/hello_world.c
 
Building file: ../device/system_MK64F12.c
Invoking: MCU C Compiler
 
arm-none-eabi-gcc -std=gnu99 -D__REDLIB__ -DCPU_MK64FN1M0VLL12 -DCPU_MK64FN1M0VLL12_cm4 -DPRINTF_FLOAT_ENABLE=0 -DSCANF_FLOAT_ENABLE=0 -DPRINTF_ADVANCED_ENABLE=0 -DSCANF_ADVANCED_ENABLE=0 -DFRDM_K64F -DFREEDOM -DMCUXPRESSO_SDK -DSDK_DEBUGCONSOLE=1 -DCR_INTEGER_PRINTF -D__MCUXPRESSO -D__USE_CMSIS -DDEBUG -I"D:\OneDrive\Documents\Docencia\UdeM\2021\2021-02\Sistemas Embebidos\03_Software\K64FRDM_Workspace\frdmk64f_hello_world\board" -I"D:\OneDrive\Documents\Docencia\UdeM\2021\2021-02\Sistemas Embebidos\03_Software\K64FRDM_Workspace\frdmk64f_hello_world\source" -I"D:\OneDrive\Documents\Docencia\UdeM\2021\2021-02\Sistemas Embebidos\03_Software\K64FRDM_Workspace\frdmk64f_hello_world\utilities" -I"D:\OneDrive\Documents\Docencia\UdeM\2021\2021-02\Sistemas Embebidos\03_Software\K64FRDM_Workspace\frdmk64f_hello_world\drivers" -I"D:\OneDrive\Documents\Docencia\UdeM\2021\2021-02\Sistemas Embebidos\03_Software\K64FRDM_Workspace\frdmk64f_hello_world\device" -I"D:\OneDrive\Documents\Docencia\UdeM\2021\2021-02\Sistemas Embebidos\03_Software\K64FRDM_Workspace\frdmk64f_hello_world\component\uart" -I"D:\OneDrive\Documents\Docencia\UdeM\2021\2021-02\Sistemas Embebidos\03_Software\K64FRDM_Workspace\frdmk64f_hello_world\component\lists" -I"D:\OneDrive\Documents\Docencia\UdeM\2021\2021-02\Sistemas Embebidos\03_Software\K64FRDM_Workspace\frdmk64f_hello_world\CMSIS" -O0 -fno-common -g3 -c -ffunction-sections -fdata-sections -ffreestanding -fno-builtin -fmerge-constants -fmacro-prefix-map="../drivers/"=. -mcpu=cortex-m4 -mfpu=fpv4-sp-d16 -mfloat-abi=hard -mthumb -D__REDLIB__ -fstack-usage -specs=redlib.specs -MMD -MP -MF"drivers/fsl_uart.d" -MT"drivers/fsl_uart.o" -MT"drivers/fsl_uart.d" -o "drivers/fsl_uart.o" "../drivers/fsl_uart.c"
 
Invoking: MCU C Compiler
Finished building: ../utilities/fsl_debug_console.c
arm-none-eabi-gcc -std=gnu99 -D__REDLIB__ -DCPU_MK64FN1M0VLL12 -DCPU_MK64FN1M0VLL12_cm4 -DPRINTF_FLOAT_ENABLE=0 -DSCANF_FLOAT_ENABLE=0 -DPRINTF_ADVANCED_ENABLE=0 -DSCANF_ADVANCED_ENABLE=0 -DFRDM_K64F -DFREEDOM -DMCUXPRESSO_SDK -DSDK_DEBUGCONSOLE=1 -DCR_INTEGER_PRINTF -D__MCUXPRESSO -D__USE_CMSIS -DDEBUG -I"D:\OneDrive\Documents\Docencia\UdeM\2021\2021-02\Sistemas Embebidos\03_Software\K64FRDM_Workspace\frdmk64f_hello_world\board" -I"D:\OneDrive\Documents\Docencia\UdeM\2021\2021-02\Sistemas Embebidos\03_Software\K64FRDM_Workspace\frdmk64f_hello_world\source" -I"D:\OneDrive\Documents\Docencia\UdeM\2021\2021-02\Sistemas Embebidos\03_Software\K64FRDM_Workspace\frdmk64f_hello_world\utilities" -I"D:\OneDrive\Documents\Docencia\UdeM\2021\2021-02\Sistemas Embebidos\03_Software\K64FRDM_Workspace\frdmk64f_hello_world\drivers" -I"D:\OneDrive\Documents\Docencia\UdeM\2021\2021-02\Sistemas Embebidos\03_Software\K64FRDM_Workspace\frdmk64f_hello_world\device" -I"D:\OneDrive\Documents\Docencia\UdeM\2021\2021-02\Sistemas Embebidos\03_Software\K64FRDM_Workspace\frdmk64f_hello_world\component\uart" -I"D:\OneDrive\Documents\Docencia\UdeM\2021\2021-02\Sistemas Embebidos\03_Software\K64FRDM_Workspace\frdmk64f_hello_world\component\lists" -I"D:\OneDrive\Documents\Docencia\UdeM\2021\2021-02\Sistemas Embebidos\03_Software\K64FRDM_Workspace\frdmk64f_hello_world\CMSIS" -O0 -fno-common -g3 -c -ffunction-sections -fdata-sections -ffreestanding -fno-builtin -fmerge-constants -fmacro-prefix-map="../device/"=. -mcpu=cortex-m4 -mfpu=fpv4-sp-d16 -mfloat-abi=hard -mthumb -D__REDLIB__ -fstack-usage -specs=redlib.specs -MMD -MP -MF"device/system_MK64F12.d" -MT"device/system_MK64F12.o" -MT"device/system_MK64F12.d" -o "device/system_MK64F12.o" "../device/system_MK64F12.c"
Building file: ../component/uart/fsl_adapter_uart.c
Finished building: ../drivers/fsl_gpio.c
Building file: ../component/lists/fsl_component_generic_list.c
 
Building file: ../board/board.c
Invoking: MCU C Compiler
Invoking: MCU C Compiler
arm-none-eabi-gcc -std=gnu99 -D__REDLIB__ -DCPU_MK64FN1M0VLL12 -DCPU_MK64FN1M0VLL12_cm4 -DPRINTF_FLOAT_ENABLE=0 -DSCANF_FLOAT_ENABLE=0 -DPRINTF_ADVANCED_ENABLE=0 -DSCANF_ADVANCED_ENABLE=0 -DFRDM_K64F -DFREEDOM -DMCUXPRESSO_SDK -DSDK_DEBUGCONSOLE=1 -DCR_INTEGER_PRINTF -D__MCUXPRESSO -D__USE_CMSIS -DDEBUG -I"D:\OneDrive\Documents\Docencia\UdeM\2021\2021-02\Sistemas Embebidos\03_Software\K64FRDM_Workspace\frdmk64f_hello_world\board" -I"D:\OneDrive\Documents\Docencia\UdeM\2021\2021-02\Sistemas Embebidos\03_Software\K64FRDM_Workspace\frdmk64f_hello_world\source" -I"D:\OneDrive\Documents\Docencia\UdeM\2021\2021-02\Sistemas Embebidos\03_Software\K64FRDM_Workspace\frdmk64f_hello_world\utilities" -I"D:\OneDrive\Documents\Docencia\UdeM\2021\2021-02\Sistemas Embebidos\03_Software\K64FRDM_Workspace\frdmk64f_hello_world\drivers" -I"D:\OneDrive\Documents\Docencia\UdeM\2021\2021-02\Sistemas Embebidos\03_Software\K64FRDM_Workspace\frdmk64f_hello_world\device" -I"D:\OneDrive\Documents\Docencia\UdeM\2021\2021-02\Sistemas Embebidos\03_Software\K64FRDM_Workspace\frdmk64f_hello_world\component\uart" -I"D:\OneDrive\Documents\Docencia\UdeM\2021\2021-02\Sistemas Embebidos\03_Software\K64FRDM_Workspace\frdmk64f_hello_world\component\lists" -I"D:\OneDrive\Documents\Docencia\UdeM\2021\2021-02\Sistemas Embebidos\03_Software\K64FRDM_Workspace\frdmk64f_hello_world\CMSIS" -O0 -fno-common -g3 -c -ffunction-sections -fdata-sections -ffreestanding -fno-builtin -fmerge-constants -fmacro-prefix-map="../component/uart/"=. -mcpu=cortex-m4 -mfpu=fpv4-sp-d16 -mfloat-abi=hard -mthumb -D__REDLIB__ -fstack-usage -specs=redlib.specs -MMD -MP -MF"component/uart/fsl_adapter_uart.d" -MT"component/uart/fsl_adapter_uart.o" -MT"component/uart/fsl_adapter_uart.d" -o "component/uart/fsl_adapter_uart.o" "../component/uart/fsl_adapter_uart.c"
Finished building: ../drivers/fsl_ftfx_cache.c
arm-none-eabi-gcc -std=gnu99 -D__REDLIB__ -DCPU_MK64FN1M0VLL12 -DCPU_MK64FN1M0VLL12_cm4 -DPRINTF_FLOAT_ENABLE=0 -DSCANF_FLOAT_ENABLE=0 -DPRINTF_ADVANCED_ENABLE=0 -DSCANF_ADVANCED_ENABLE=0 -DFRDM_K64F -DFREEDOM -DMCUXPRESSO_SDK -DSDK_DEBUGCONSOLE=1 -DCR_INTEGER_PRINTF -D__MCUXPRESSO -D__USE_CMSIS -DDEBUG -I"D:\OneDrive\Documents\Docencia\UdeM\2021\2021-02\Sistemas Embebidos\03_Software\K64FRDM_Workspace\frdmk64f_hello_world\board" -I"D:\OneDrive\Documents\Docencia\UdeM\2021\2021-02\Sistemas Embebidos\03_Software\K64FRDM_Workspace\frdmk64f_hello_world\source" -I"D:\OneDrive\Documents\Docencia\UdeM\2021\2021-02\Sistemas Embebidos\03_Software\K64FRDM_Workspace\frdmk64f_hello_world\utilities" -I"D:\OneDrive\Documents\Docencia\UdeM\2021\2021-02\Sistemas Embebidos\03_Software\K64FRDM_Workspace\frdmk64f_hello_world\drivers" -I"D:\OneDrive\Documents\Docencia\UdeM\2021\2021-02\Sistemas Embebidos\03_Software\K64FRDM_Workspace\frdmk64f_hello_world\device" -I"D:\OneDrive\Documents\Docencia\UdeM\2021\2021-02\Sistemas Embebidos\03_Software\K64FRDM_Workspace\frdmk64f_hello_world\component\uart" -I"D:\OneDrive\Documents\Docencia\UdeM\2021\2021-02\Sistemas Embebidos\03_Software\K64FRDM_Workspace\frdmk64f_hello_world\component\lists" -I"D:\OneDrive\Documents\Docencia\UdeM\2021\2021-02\Sistemas Embebidos\03_Software\K64FRDM_Workspace\frdmk64f_hello_world\CMSIS" -O0 -fno-common -g3 -c -ffunction-sections -fdata-sections -ffreestanding -fno-builtin -fmerge-constants -fmacro-prefix-map="../component/lists/"=. -mcpu=cortex-m4 -mfpu=fpv4-sp-d16 -mfloat-abi=hard -mthumb -D__REDLIB__ -fstack-usage -specs=redlib.specs -MMD -MP -MF"component/lists/fsl_component_generic_list.d" -MT"component/lists/fsl_component_generic_list.o" -MT"component/lists/fsl_component_generic_list.d" -o "component/lists/fsl_component_generic_list.o" "../component/lists/fsl_component_generic_list.c"
 
Invoking: MCU C Compiler
Building file: ../board/pin_mux.c
Building file: ../board/clock_config.c
Finished building: ../drivers/fsl_clock.c
arm-none-eabi-gcc -std=gnu99 -D__REDLIB__ -DCPU_MK64FN1M0VLL12 -DCPU_MK64FN1M0VLL12_cm4 -DPRINTF_FLOAT_ENABLE=0 -DSCANF_FLOAT_ENABLE=0 -DPRINTF_ADVANCED_ENABLE=0 -DSCANF_ADVANCED_ENABLE=0 -DFRDM_K64F -DFREEDOM -DMCUXPRESSO_SDK -DSDK_DEBUGCONSOLE=1 -DCR_INTEGER_PRINTF -D__MCUXPRESSO -D__USE_CMSIS -DDEBUG -I"D:\OneDrive\Documents\Docencia\UdeM\2021\2021-02\Sistemas Embebidos\03_Software\K64FRDM_Workspace\frdmk64f_hello_world\board" -I"D:\OneDrive\Documents\Docencia\UdeM\2021\2021-02\Sistemas Embebidos\03_Software\K64FRDM_Workspace\frdmk64f_hello_world\source" -I"D:\OneDrive\Documents\Docencia\UdeM\2021\2021-02\Sistemas Embebidos\03_Software\K64FRDM_Workspace\frdmk64f_hello_world\utilities" -I"D:\OneDrive\Documents\Docencia\UdeM\2021\2021-02\Sistemas Embebidos\03_Software\K64FRDM_Workspace\frdmk64f_hello_world\drivers" -I"D:\OneDrive\Documents\Docencia\UdeM\2021\2021-02\Sistemas Embebidos\03_Software\K64FRDM_Workspace\frdmk64f_hello_world\device" -I"D:\OneDrive\Documents\Docencia\UdeM\2021\2021-02\Sistemas Embebidos\03_Software\K64FRDM_Workspace\frdmk64f_hello_world\component\uart" -I"D:\OneDrive\Documents\Docencia\UdeM\2021\2021-02\Sistemas Embebidos\03_Software\K64FRDM_Workspace\frdmk64f_hello_world\component\lists" -I"D:\OneDrive\Documents\Docencia\UdeM\2021\2021-02\Sistemas Embebidos\03_Software\K64FRDM_Workspace\frdmk64f_hello_world\CMSIS" -O0 -fno-common -g3 -c -ffunction-sections -fdata-sections -ffreestanding -fno-builtin -fmerge-constants -fmacro-prefix-map="../board/"=. -mcpu=cortex-m4 -mfpu=fpv4-sp-d16 -mfloat-abi=hard -mthumb -D__REDLIB__ -fstack-usage -specs=redlib.specs -MMD -MP -MF"board/board.d" -MT"board/board.o" -MT"board/board.d" -o "board/board.o" "../board/board.c"
Invoking: MCU C Compiler
 
Finished building: ../drivers/fsl_ftfx_flexnvm.c
 
Finished building: ../drivers/fsl_ftfx_controller.c
Invoking: MCU C Compiler
arm-none-eabi-gcc -std=gnu99 -D__REDLIB__ -DCPU_MK64FN1M0VLL12 -DCPU_MK64FN1M0VLL12_cm4 -DPRINTF_FLOAT_ENABLE=0 -DSCANF_FLOAT_ENABLE=0 -DPRINTF_ADVANCED_ENABLE=0 -DSCANF_ADVANCED_ENABLE=0 -DFRDM_K64F -DFREEDOM -DMCUXPRESSO_SDK -DSDK_DEBUGCONSOLE=1 -DCR_INTEGER_PRINTF -D__MCUXPRESSO -D__USE_CMSIS -DDEBUG -I"D:\OneDrive\Documents\Docencia\UdeM\2021\2021-02\Sistemas Embebidos\03_Software\K64FRDM_Workspace\frdmk64f_hello_world\board" -I"D:\OneDrive\Documents\Docencia\UdeM\2021\2021-02\Sistemas Embebidos\03_Software\K64FRDM_Workspace\frdmk64f_hello_world\source" -I"D:\OneDrive\Documents\Docencia\UdeM\2021\2021-02\Sistemas Embebidos\03_Software\K64FRDM_Workspace\frdmk64f_hello_world\utilities" -I"D:\OneDrive\Documents\Docencia\UdeM\2021\2021-02\Sistemas Embebidos\03_Software\K64FRDM_Workspace\frdmk64f_hello_world\drivers" -I"D:\OneDrive\Documents\Docencia\UdeM\2021\2021-02\Sistemas Embebidos\03_Software\K64FRDM_Workspace\frdmk64f_hello_world\device" -I"D:\OneDrive\Documents\Docencia\UdeM\2021\2021-02\Sistemas Embebidos\03_Software\K64FRDM_Workspace\frdmk64f_hello_world\component\uart" -I"D:\OneDrive\Documents\Docencia\UdeM\2021\2021-02\Sistemas Embebidos\03_Software\K64FRDM_Workspace\frdmk64f_hello_world\component\lists" -I"D:\OneDrive\Documents\Docencia\UdeM\2021\2021-02\Sistemas Embebidos\03_Software\K64FRDM_Workspace\frdmk64f_hello_world\CMSIS" -O0 -fno-common -g3 -c -ffunction-sections -fdata-sections -ffreestanding -fno-builtin -fmerge-constants -fmacro-prefix-map="../board/"=. -mcpu=cortex-m4 -mfpu=fpv4-sp-d16 -mfloat-abi=hard -mthumb -D__REDLIB__ -fstack-usage -specs=redlib.specs -MMD -MP -MF"board/pin_mux.d" -MT"board/pin_mux.o" -MT"board/pin_mux.d" -o "board/pin_mux.o" "../board/pin_mux.c"
arm-none-eabi-gcc -std=gnu99 -D__REDLIB__ -DCPU_MK64FN1M0VLL12 -DCPU_MK64FN1M0VLL12_cm4 -DPRINTF_FLOAT_ENABLE=0 -DSCANF_FLOAT_ENABLE=0 -DPRINTF_ADVANCED_ENABLE=0 -DSCANF_ADVANCED_ENABLE=0 -DFRDM_K64F -DFREEDOM -DMCUXPRESSO_SDK -DSDK_DEBUGCONSOLE=1 -DCR_INTEGER_PRINTF -D__MCUXPRESSO -D__USE_CMSIS -DDEBUG -I"D:\OneDrive\Documents\Docencia\UdeM\2021\2021-02\Sistemas Embebidos\03_Software\K64FRDM_Workspace\frdmk64f_hello_world\board" -I"D:\OneDrive\Documents\Docencia\UdeM\2021\2021-02\Sistemas Embebidos\03_Software\K64FRDM_Workspace\frdmk64f_hello_world\source" -I"D:\OneDrive\Documents\Docencia\UdeM\2021\2021-02\Sistemas Embebidos\03_Software\K64FRDM_Workspace\frdmk64f_hello_world\utilities" -I"D:\OneDrive\Documents\Docencia\UdeM\2021\2021-02\Sistemas Embebidos\03_Software\K64FRDM_Workspace\frdmk64f_hello_world\drivers" -I"D:\OneDrive\Documents\Docencia\UdeM\2021\2021-02\Sistemas Embebidos\03_Software\K64FRDM_Workspace\frdmk64f_hello_world\device" -I"D:\OneDrive\Documents\Docencia\UdeM\2021\2021-02\Sistemas Embebidos\03_Software\K64FRDM_Workspace\frdmk64f_hello_world\component\uart" -I"D:\OneDrive\Documents\Docencia\UdeM\2021\2021-02\Sistemas Embebidos\03_Software\K64FRDM_Workspace\frdmk64f_hello_world\component\lists" -I"D:\OneDrive\Documents\Docencia\UdeM\2021\2021-02\Sistemas Embebidos\03_Software\K64FRDM_Workspace\frdmk64f_hello_world\CMSIS" -O0 -fno-common -g3 -c -ffunction-sections -fdata-sections -ffreestanding -fno-builtin -fmerge-constants -fmacro-prefix-map="../board/"=. -mcpu=cortex-m4 -mfpu=fpv4-sp-d16 -mfloat-abi=hard -mthumb -D__REDLIB__ -fstack-usage -specs=redlib.specs -MMD -MP -MF"board/clock_config.d" -MT"board/clock_config.o" -MT"board/clock_config.d" -o "board/clock_config.o" "../board/clock_config.c"
 
Finished building: ../drivers/fsl_ftfx_flash.c
 
 
Finished building: ../device/system_MK64F12.c
 
Finished building: ../board/board.c
Finished building: ../component/uart/fsl_adapter_uart.c
 
 
Finished building: ../component/lists/fsl_component_generic_list.c
Finished building: ../board/clock_config.c
 
 
Finished building: ../board/pin_mux.c
 
Finished building: ../drivers/fsl_uart.c
 
Building target: frdmk64f_hello_world.axf
Invoking: MCU Linker
arm-none-eabi-gcc -nostdlib -Xlinker -Map="frdmk64f_hello_world.map" -Xlinker --gc-sections -Xlinker -print-memory-usage -Xlinker --sort-section=alignment -Xlinker --cref -mcpu=cortex-m4 -mfpu=fpv4-sp-d16 -mfloat-abi=hard -mthumb -T frdmk64f_hello_world_Debug.ld -o "frdmk64f_hello_world.axf"  ./utilities/fsl_assert.o ./utilities/fsl_debug_console.o  ./startup/startup_mk64f12.o  ./source/hello_world.o ./source/semihost_hardfault.o  ./drivers/fsl_clock.o ./drivers/fsl_common.o ./drivers/fsl_common_arm.o ./drivers/fsl_ftfx_cache.o ./drivers/fsl_ftfx_controller.o ./drivers/fsl_ftfx_flash.o ./drivers/fsl_ftfx_flexnvm.o ./drivers/fsl_gpio.o ./drivers/fsl_smc.o ./drivers/fsl_uart.o  ./device/system_MK64F12.o  ./component/uart/fsl_adapter_uart.o  ./component/lists/fsl_component_generic_list.o  ./board/board.o ./board/clock_config.o ./board/pin_mux.o   
Memory region         Used Size  Region Size  %age Used
   PROGRAM_FLASH:       11016 B         1 MB      1.05%
      SRAM_UPPER:        8448 B       192 KB      4.30%
      SRAM_LOWER:          0 GB        64 KB      0.00%
        FLEX_RAM:          0 GB         4 KB      0.00%
Finished building target: frdmk64f_hello_world.axf
 
make --no-print-directory post-build
Performing post-build steps
arm-none-eabi-size "frdmk64f_hello_world.axf"; # arm-none-eabi-objcopy -v -O binary "frdmk64f_hello_world.axf" "frdmk64f_hello_world.bin" ; # checksum -p MK64FN1M0xxx12 -d "frdmk64f_hello_world.bin";
   text	   data	    bss	    dec	    hex	filename
  11000	     16	   8432	  19448	   4bf8	frdmk64f_hello_world.axf
 

10:39:03 Build Finished. 0 errors, 0 warnings. (took 2s.136ms)

