20:43:21 **** Incremental Build of configuration Debug for project MK64F12_InterruptExample2 ****
make -r -j12 all 
Building file: ../source/MK64F12_InterruptExample2.c
Invoking: MCU C Compiler
arm-none-eabi-gcc -D__REDLIB__ -DCPU_MK64FN1M0VLL12 -DCPU_MK64FN1M0VLL12_cm4 -DSDK_OS_BAREMETAL -DSDK_DEBUGCONSOLE=0 -DCR_INTEGER_PRINTF -DPRINTF_FLOAT_ENABLE=0 -DSERIAL_PORT_TYPE_UART=1 -D__MCUXPRESSO -D__USE_CMSIS -DDEBUG -I"D:\OneDrive\Documents\Docencia\UdeM\2021\2021-02\Sistemas Embebidos\03_Software\K64FRDM_Workspace\MK64F12_InterruptExample2\board" -I"D:\OneDrive\Documents\Docencia\UdeM\2021\2021-02\Sistemas Embebidos\03_Software\K64FRDM_Workspace\MK64F12_InterruptExample2\source" -I"D:\OneDrive\Documents\Docencia\UdeM\2021\2021-02\Sistemas Embebidos\03_Software\K64FRDM_Workspace\MK64F12_InterruptExample2\drivers" -I"D:\OneDrive\Documents\Docencia\UdeM\2021\2021-02\Sistemas Embebidos\03_Software\K64FRDM_Workspace\MK64F12_InterruptExample2\utilities" -I"D:\OneDrive\Documents\Docencia\UdeM\2021\2021-02\Sistemas Embebidos\03_Software\K64FRDM_Workspace\MK64F12_InterruptExample2\component\serial_manager" -I"D:\OneDrive\Documents\Docencia\UdeM\2021\2021-02\Sistemas Embebidos\03_Software\K64FRDM_Workspace\MK64F12_InterruptExample2\component\uart" -I"D:\OneDrive\Documents\Docencia\UdeM\2021\2021-02\Sistemas Embebidos\03_Software\K64FRDM_Workspace\MK64F12_InterruptExample2\component\lists" -I"D:\OneDrive\Documents\Docencia\UdeM\2021\2021-02\Sistemas Embebidos\03_Software\K64FRDM_Workspace\MK64F12_InterruptExample2\CMSIS" -I"D:\OneDrive\Documents\Docencia\UdeM\2021\2021-02\Sistemas Embebidos\03_Software\K64FRDM_Workspace\MK64F12_InterruptExample2\device" -O0 -fno-common -g3 -Wall -c -ffunction-sections -fdata-sections -ffreestanding -fno-builtin -fmerge-constants -fmacro-prefix-map="../source/"=. -mcpu=cortex-m4 -mfpu=fpv4-sp-d16 -mfloat-abi=hard -mthumb -D__REDLIB__ -fstack-usage -specs=redlib.specs -MMD -MP -MF"source/MK64F12_InterruptExample2.d" -MT"source/MK64F12_InterruptExample2.o" -MT"source/MK64F12_InterruptExample2.d" -o "source/MK64F12_InterruptExample2.o" "../source/MK64F12_InterruptExample2.c"
Finished building: ../source/MK64F12_InterruptExample2.c
 
Building target: MK64F12_InterruptExample2.axf
Invoking: MCU Linker
arm-none-eabi-gcc -nostdlib -Xlinker -Map="MK64F12_InterruptExample2.map" -Xlinker --gc-sections -Xlinker -print-memory-usage -Xlinker --sort-section=alignment -Xlinker --cref -mcpu=cortex-m4 -mfpu=fpv4-sp-d16 -mfloat-abi=hard -mthumb -T MK64F12_InterruptExample2_Debug.ld -o "MK64F12_InterruptExample2.axf"  ./utilities/fsl_debug_console.o ./utilities/fsl_str.o  ./startup/startup_mk64f12.o  ./source/MK64F12_InterruptExample2.o ./source/semihost_hardfault.o  ./drivers/fsl_adc16.o ./drivers/fsl_clock.o ./drivers/fsl_common.o ./drivers/fsl_common_arm.o ./drivers/fsl_gpio.o ./drivers/fsl_i2c.o ./drivers/fsl_smc.o ./drivers/fsl_uart.o  ./device/system_MK64F12.o  ./component/uart/fsl_adapter_uart.o  ./component/serial_manager/fsl_component_serial_manager.o ./component/serial_manager/fsl_component_serial_port_uart.o  ./component/lists/fsl_component_generic_list.o  ./board/board.o ./board/clock_config.o ./board/peripherals.o ./board/pin_mux.o   
Memory region         Used Size  Region Size  %age Used
   PROGRAM_FLASH:        4496 B         1 MB      0.43%
      SRAM_UPPER:        8432 B       192 KB      4.29%
      SRAM_LOWER:          0 GB        64 KB      0.00%
        FLEX_RAM:          0 GB         4 KB      0.00%
Finished building target: MK64F12_InterruptExample2.axf
 
make --no-print-directory post-build
Performing post-build steps
arm-none-eabi-size "MK64F12_InterruptExample2.axf"; # arm-none-eabi-objcopy -v -O binary "MK64F12_InterruptExample2.axf" "MK64F12_InterruptExample2.bin" ; # checksum -p MK64FN1M0xxx12 -d "MK64F12_InterruptExample2.bin";
   text	   data	    bss	    dec	    hex	filename
   4496	      0	   8432	  12928	   3280	MK64F12_InterruptExample2.axf
 

20:43:22 Build Finished. 0 errors, 0 warnings. (took 865ms)

