12:50:35 **** Incremental Build of configuration Debug for project MK64F12_SPI_Termocouple_SDK ****
make -r -j8 all 
Building target: MK64F12_SPI_Termocouple_SDK.axf
Invoking: MCU Linker
arm-none-eabi-gcc -nostdlib -Xlinker -Map="MK64F12_SPI_Termocouple_SDK.map" -Xlinker --gc-sections -Xlinker -print-memory-usage -Xlinker --sort-section=alignment -Xlinker --cref -mcpu=cortex-m4 -mfpu=fpv4-sp-d16 -mfloat-abi=hard -mthumb -T MK64F12_SPI_Termocouple_SDK_Debug.ld -o "MK64F12_SPI_Termocouple_SDK.axf"  ./utilities/fsl_debug_console.o ./utilities/fsl_str.o  ./startup/startup_mk64f12.o  ./source/MK64F12_SPI_Termocouple_SDK.o ./source/semihost_hardfault.o  ./drivers/fsl_adc16.o ./drivers/fsl_clock.o ./drivers/fsl_common.o ./drivers/fsl_common_arm.o ./drivers/fsl_dspi.o ./drivers/fsl_gpio.o ./drivers/fsl_i2c.o ./drivers/fsl_smc.o ./drivers/fsl_uart.o  ./device/system_MK64F12.o  ./component/uart/fsl_adapter_uart.o  ./component/serial_manager/fsl_component_serial_manager.o ./component/serial_manager/fsl_component_serial_port_uart.o  ./component/lists/fsl_component_generic_list.o  ./board/board.o ./board/clock_config.o ./board/peripherals.o ./board/pin_mux.o   
Memory region         Used Size  Region Size  %age Used
   PROGRAM_FLASH:       21080 B         1 MB      2.01%
      SRAM_UPPER:        8520 B       192 KB      4.33%
      SRAM_LOWER:          0 GB        64 KB      0.00%
        FLEX_RAM:          0 GB         4 KB      0.00%
Finished building target: MK64F12_SPI_Termocouple_SDK.axf
 
make --no-print-directory post-build
Performing post-build steps
arm-none-eabi-size "MK64F12_SPI_Termocouple_SDK.axf"; # arm-none-eabi-objcopy -v -O binary "MK64F12_SPI_Termocouple_SDK.axf" "MK64F12_SPI_Termocouple_SDK.bin" ; # checksum -p MK64FN1M0xxx12 -d "MK64F12_SPI_Termocouple_SDK.bin";
   text	   data	    bss	    dec	    hex	filename
  21064	     16	   8504	  29584	   7390	MK64F12_SPI_Termocouple_SDK.axf
 

12:50:36 Build Finished. 0 errors, 0 warnings. (took 706ms)

