Archive member included to satisfy reference by file (symbol)

c:/nxp/mcuxpressoide_11.3.0_5222/ide/plugins/com.nxp.mcuxpresso.tools.win32_11.3.0.202008311133/tools/bin/../lib/gcc/arm-none-eabi/9.3.1/../../../../arm-none-eabi/lib/thumb/v7e-m+fp/hard\libcr_nohost_nf.a(_cr__main.o)
                              ./startup/startup_mk64f12.o (__main)
c:/nxp/mcuxpressoide_11.3.0_5222/ide/plugins/com.nxp.mcuxpresso.tools.win32_11.3.0.202008311133/tools/bin/../lib/gcc/arm-none-eabi/9.3.1/../../../../arm-none-eabi/lib/thumb/v7e-m+fp/hard\libcr_nohost_nf.a(_cr_assert.o)
                              ./drivers/fsl_adc16.o (__assertion_failed)
c:/nxp/mcuxpressoide_11.3.0_5222/ide/plugins/com.nxp.mcuxpresso.tools.win32_11.3.0.202008311133/tools/bin/../lib/gcc/arm-none-eabi/9.3.1/../../../../arm-none-eabi/lib/thumb/v7e-m+fp/hard\libcr_nohost_nf.a(__ciob.o)
                              c:/nxp/mcuxpressoide_11.3.0_5222/ide/plugins/com.nxp.mcuxpresso.tools.win32_11.3.0.202008311133/tools/bin/../lib/gcc/arm-none-eabi/9.3.1/../../../../arm-none-eabi/lib/thumb/v7e-m+fp/hard\libcr_nohost_nf.a(_cr_assert.o) (__Ciob)
c:/nxp/mcuxpressoide_11.3.0_5222/ide/plugins/com.nxp.mcuxpresso.tools.win32_11.3.0.202008311133/tools/bin/../lib/gcc/arm-none-eabi/9.3.1/../../../../arm-none-eabi/lib/thumb/v7e-m+fp/hard\libcr_nohost_nf.a(__sys_appexit.o)
                              c:/nxp/mcuxpressoide_11.3.0_5222/ide/plugins/com.nxp.mcuxpresso.tools.win32_11.3.0.202008311133/tools/bin/../lib/gcc/arm-none-eabi/9.3.1/../../../../arm-none-eabi/lib/thumb/v7e-m+fp/hard\libcr_nohost_nf.a(_cr_assert.o) (__sys_appexit)
c:/nxp/mcuxpressoide_11.3.0_5222/ide/plugins/com.nxp.mcuxpresso.tools.win32_11.3.0.202008311133/tools/bin/../lib/gcc/arm-none-eabi/9.3.1/../../../../arm-none-eabi/lib/thumb/v7e-m+fp/hard\libcr_c.a(memcpy.o)
                              ./utilities/fsl_str.o (memcpy)
c:/nxp/mcuxpressoide_11.3.0_5222/ide/plugins/com.nxp.mcuxpresso.tools.win32_11.3.0.202008311133/tools/bin/../lib/gcc/arm-none-eabi/9.3.1/../../../../arm-none-eabi/lib/thumb/v7e-m+fp/hard\libcr_c.a(memset.o)
                              ./utilities/fsl_debug_console.o (memset)
c:/nxp/mcuxpressoide_11.3.0_5222/ide/plugins/com.nxp.mcuxpresso.tools.win32_11.3.0.202008311133/tools/bin/../lib/gcc/arm-none-eabi/9.3.1/../../../../arm-none-eabi/lib/thumb/v7e-m+fp/hard\libcr_c.a(_deferredlazyseek.o)
                              c:/nxp/mcuxpressoide_11.3.0_5222/ide/plugins/com.nxp.mcuxpresso.tools.win32_11.3.0.202008311133/tools/bin/../lib/gcc/arm-none-eabi/9.3.1/../../../../arm-none-eabi/lib/thumb/v7e-m+fp/hard\libcr_nohost_nf.a(_cr_assert.o) (__flsbuf)
c:/nxp/mcuxpressoide_11.3.0_5222/ide/plugins/com.nxp.mcuxpresso.tools.win32_11.3.0.202008311133/tools/bin/../lib/gcc/arm-none-eabi/9.3.1/../../../../arm-none-eabi/lib/thumb/v7e-m+fp/hard\libcr_c.a(_fflush.o)
                              c:/nxp/mcuxpressoide_11.3.0_5222/ide/plugins/com.nxp.mcuxpresso.tools.win32_11.3.0.202008311133/tools/bin/../lib/gcc/arm-none-eabi/9.3.1/../../../../arm-none-eabi/lib/thumb/v7e-m+fp/hard\libcr_c.a(_deferredlazyseek.o) (_fflush)
c:/nxp/mcuxpressoide_11.3.0_5222/ide/plugins/com.nxp.mcuxpresso.tools.win32_11.3.0.202008311133/tools/bin/../lib/gcc/arm-none-eabi/9.3.1/../../../../arm-none-eabi/lib/thumb/v7e-m+fp/hard\libcr_c.a(_writebuf.o)
                              c:/nxp/mcuxpressoide_11.3.0_5222/ide/plugins/com.nxp.mcuxpresso.tools.win32_11.3.0.202008311133/tools/bin/../lib/gcc/arm-none-eabi/9.3.1/../../../../arm-none-eabi/lib/thumb/v7e-m+fp/hard\libcr_c.a(_deferredlazyseek.o) (_Cwritebuf)
c:/nxp/mcuxpressoide_11.3.0_5222/ide/plugins/com.nxp.mcuxpresso.tools.win32_11.3.0.202008311133/tools/bin/../lib/gcc/arm-none-eabi/9.3.1/../../../../arm-none-eabi/lib/thumb/v7e-m+fp/hard\libcr_c.a(alloc.o)
                              ./drivers/fsl_common.o (malloc)
c:/nxp/mcuxpressoide_11.3.0_5222/ide/plugins/com.nxp.mcuxpresso.tools.win32_11.3.0.202008311133/tools/bin/../lib/gcc/arm-none-eabi/9.3.1/../../../../arm-none-eabi/lib/thumb/v7e-m+fp/hard\libcr_c.a(errno.o)
                              ./utilities/fsl_str.o (errno)
c:/nxp/mcuxpressoide_11.3.0_5222/ide/plugins/com.nxp.mcuxpresso.tools.win32_11.3.0.202008311133/tools/bin/../lib/gcc/arm-none-eabi/9.3.1/../../../../arm-none-eabi/lib/thumb/v7e-m+fp/hard\libcr_c.a(fputs.o)
                              c:/nxp/mcuxpressoide_11.3.0_5222/ide/plugins/com.nxp.mcuxpresso.tools.win32_11.3.0.202008311133/tools/bin/../lib/gcc/arm-none-eabi/9.3.1/../../../../arm-none-eabi/lib/thumb/v7e-m+fp/hard\libcr_nohost_nf.a(_cr_assert.o) (fputs)
c:/nxp/mcuxpressoide_11.3.0_5222/ide/plugins/com.nxp.mcuxpresso.tools.win32_11.3.0.202008311133/tools/bin/../lib/gcc/arm-none-eabi/9.3.1/../../../../arm-none-eabi/lib/thumb/v7e-m+fp/hard\libcr_c.a(fseek.o)
[...]
Memory Configuration

Name             Origin             Length             Attributes
PROGRAM_FLASH    0x00000000         0x00100000         xr
SRAM_UPPER       0x20000000         0x00030000         xrw
SRAM_LOWER       0x1fff0000         0x00010000         xrw
FLEX_RAM         0x14000000         0x00001000         xrw
*default*        0x00000000         0xffffffff

Linker script and memory map

LOAD ./utilities/fsl_debug_console.o
LOAD ./utilities/fsl_str.o
LOAD ./startup/startup_mk64f12.o
LOAD ./source/MK64F12_InterruptExample.o
LOAD ./source/semihost_hardfault.o
LOAD ./drivers/fsl_adc16.o
LOAD ./drivers/fsl_clock.o
LOAD ./drivers/fsl_common.o
LOAD ./drivers/fsl_common_arm.o
LOAD ./drivers/fsl_gpio.o
LOAD ./drivers/fsl_i2c.o
LOAD ./drivers/fsl_smc.o
LOAD ./drivers/fsl_uart.o
LOAD ./device/system_MK64F12.o
LOAD ./component/uart/fsl_adapter_uart.o
LOAD ./component/serial_manager/fsl_component_serial_manager.o
LOAD ./component/serial_manager/fsl_component_serial_port_uart.o
LOAD ./component/lists/fsl_component_generic_list.o
LOAD ./board/board.o
LOAD ./board/clock_config.o
LOAD ./board/peripherals.o
LOAD ./board/pin_mux.o
START GROUP
LOAD c:/nxp/mcuxpressoide_11.3.0_5222/ide/plugins/com.nxp.mcuxpresso.tools.win32_11.3.0.202008311133/tools/bin/../lib/gcc/arm-none-eabi/9.3.1/../../../../arm-none-eabi/lib/thumb/v7e-m+fp/hard\libcr_nohost_nf.a
LOAD c:/nxp/mcuxpressoide_11.3.0_5222/ide/plugins/com.nxp.mcuxpresso.tools.win32_11.3.0.202008311133/tools/bin/../lib/gcc/arm-none-eabi/9.3.1/../../../../arm-none-eabi/lib/thumb/v7e-m+fp/hard\libcr_c.a
LOAD c:/nxp/mcuxpressoide_11.3.0_5222/ide/plugins/com.nxp.mcuxpresso.tools.win32_11.3.0.202008311133/tools/bin/../lib/gcc/arm-none-eabi/9.3.1/thumb/v7e-m+fp/hard\libcr_eabihelpers.a
LOAD c:/nxp/mcuxpressoide_11.3.0_5222/ide/plugins/com.nxp.mcuxpresso.tools.win32_11.3.0.202008311133/tools/bin/../lib/gcc/arm-none-eabi/9.3.1/thumb/v7e-m+fp/hard\libgcc.a
END GROUP
                0x00000000                __base_PROGRAM_FLASH = 0x0
                0x00000000                __base_Flash = 0x0
                0x00100000                __top_PROGRAM_FLASH = 0x100000
                0x00100000                __top_Flash = 0x100000
                0x20000000                __base_SRAM_UPPER = 0x20000000
                0x20000000                __base_RAM = 0x20000000
                0x20030000                __top_SRAM_UPPER = 0x20030000
                0x20030000                __top_RAM = 0x20030000
                0x1fff0000                __base_SRAM_LOWER = 0x1fff0000
                0x1fff0000                __base_RAM2 = 0x1fff0000
                0x20000000                __top_SRAM_LOWER = 0x20000000
                0x20000000                __top_RAM2 = 0x20000000
                0x14000000                __base_FLEX_RAM = 0x14000000
                0x14000000                __base_RAM3 = 0x14000000
                0x14001000                __top_FLEX_RAM = 0x14001000
                0x14001000                __top_RAM3 = 0x14001000

.text           0x00000000     0x1070
 FILL mask 0xff
                0x00000000                __vectors_start__ = ABSOLUTE (.)
 *(SORT_BY_ALIGNMENT(.isr_vector))
 .isr_vector    0x00000000      0x198 ./startup/startup_mk64f12.o
                0x00000000                g_pfnVectors
                0x00000000                __Vectors
                0x00000198                . = ALIGN (0x4)
                0x00000198                __section_table_start = .
                0x00000198                __data_section_table = .
                0x00000198        0x4 LONG 0x1070 LOADADDR (.data)
                0x0000019c        0x4 LONG 0x20000000 ADDR (.data)
                0x000001a0        0x4 LONG 0x0 SIZEOF (.data)
                0x000001a4        0x4 LONG 0x1070 LOADADDR (.data_RAM2)
                0x000001a8        0x4 LONG 0x1fff0000 ADDR (.data_RAM2)
                0x000001ac        0x4 LONG 0x0 SIZEOF (.data_RAM2)
                0x000001b0        0x4 LONG 0x1070 LOADADDR (.data_RAM3)
                0x000001b4        0x4 LONG 0x14000000 ADDR (.data_RAM3)
                0x000001b8        0x4 LONG 0x0 SIZEOF (.data_RAM3)
                0x000001bc                __data_section_table_end = .
                0x000001bc                __bss_section_table = .
                0x000001bc        0x4 LONG 0x20000000 ADDR (.bss)
                0x000001c0        0x4 LONG 0xf0 SIZEOF (.bss)
                0x000001c4        0x4 LONG 0x1fff0000 ADDR (.bss_RAM2)
                0x000001c8        0x4 LONG 0x0 SIZEOF (.bss_RAM2)
                0x000001cc        0x4 LONG 0x14000000 ADDR (.bss_RAM3)
                0x000001d0        0x4 LONG 0x0 SIZEOF (.bss_RAM3)
                0x000001d4                __bss_section_table_end = .
                0x000001d4                __section_table_end = .
 *(SORT_BY_ALIGNMENT(.after_vectors*))
 .after_vectors.reset
                0x000001d4       0x4c ./startup/startup_mk64f12.o
                0x000001d4                ResetISR
 .after_vectors.init_data
                0x00000220       0x1e ./startup/startup_mk64f12.o
                0x00000220                data_init
 .after_vectors.init_bss
                0x0000023e       0x12 ./startup/startup_mk64f12.o
                0x0000023e                bss_init
 .after_vectors
                0x00000250       0x14 ./startup/startup_mk64f12.o
                0x00000250                NMI_Handler
                0x00000254                MemManage_Handler
                0x00000256                BusFault_Handler
                0x00000258                UsageFault_Handler
                0x0000025a                SVC_Handler
                0x0000025c                DebugMon_Handler
                0x0000025e                PendSV_Handler
                0x00000260                SysTick_Handler
                0x00000262                DMA_Error_DriverIRQHandler
                0x00000262                LPTMR0_DriverIRQHandler
                0x00000262                FTM1_DriverIRQHandler
                0x00000262                FTM2_DriverIRQHandler
                0x00000262                PIT2_DriverIRQHandler
                0x00000262                SDHC_DriverIRQHandler
                0x00000262                I2S0_Tx_DriverIRQHandler
                0x00000262                RTC_Seconds_DriverIRQHandler
                0x00000262                DMA6_DriverIRQHandler
                0x00000262                LLWU_DriverIRQHandler
                0x00000262                MCM_DriverIRQHandler
                0x00000262                MCG_DriverIRQHandler
                0x00000262                ENET_1588_Timer_DriverIRQHandler
                0x00000262                DAC1_DriverIRQHandler
                0x00000262                SPI1_DriverIRQHandler
                0x00000262                CMP1_DriverIRQHandler
                0x00000262                FTM0_DriverIRQHandler
                0x00000262                IntDefaultHandler
                0x00000262                USB0_DriverIRQHandler
                0x00000262                UART5_ERR_DriverIRQHandler
                0x00000262                PORTC_DriverIRQHandler
                0x00000262                DMA11_DriverIRQHandler
                0x00000262                DAC0_DriverIRQHandler
                0x00000262                DMA10_DriverIRQHandler
                0x00000262                CMP2_DriverIRQHandler
                0x00000262                UART2_ERR_DriverIRQHandler
                0x00000262                SPI2_DriverIRQHandler
                0x00000262                LVD_LVW_DriverIRQHandler
                0x00000262                PIT0_DriverIRQHandler
                0x00000262                DMA12_DriverIRQHandler
                0x00000262                DMA5_DriverIRQHandler
                0x00000262                DMA4_DriverIRQHandler
                0x00000262                USBDCD_DriverIRQHandler
                0x00000262                UART3_ERR_DriverIRQHandler
                0x00000262                DMA3_DriverIRQHandler
                0x00000262                DMA8_DriverIRQHandler
                0x00000262                DMA9_DriverIRQHandler
                0x00000262                UART0_ERR_DriverIRQHandler
                0x00000262                CMT_DriverIRQHandler
                0x00000262                Reserved71_DriverIRQHandler
                0x00000262                ADC1_DriverIRQHandler
                0x00000262                PORTA_DriverIRQHandler
                0x00000262                DMA14_DriverIRQHandler
                0x00000262                PIT3_DriverIRQHandler
                0x00000262                PIT1_DriverIRQHandler
                0x00000262                WDOG_EWM_DriverIRQHandler
                0x00000262                PDB0_DriverIRQHandler
                0x00000262                RTC_DriverIRQHandler
                0x00000262                I2S0_Rx_DriverIRQHandler
                0x00000262                Read_Collision_DriverIRQHandler
                0x00000262                SWI_DriverIRQHandler
                0x00000262                UART4_ERR_DriverIRQHandler
                0x00000262                PORTB_DriverIRQHandler
                0x00000262                UART0_LON_DriverIRQHandler
                0x00000262                DMA0_DriverIRQHandler
                0x00000262                DMA1_DriverIRQHandler
                0x00000262                ENET_Receive_DriverIRQHandler
                0x00000262                DMA13_DriverIRQHandler
                0x00000262                ENET_Error_DriverIRQHandler
                0x00000262                DMA15_DriverIRQHandler
                0x00000262                SPI0_DriverIRQHandler
                0x00000262                ADC0_DriverIRQHandler
                0x00000262                CMP0_DriverIRQHandler
                0x00000262                CAN0_DriverIRQHandler
                0x00000262                FTM3_DriverIRQHandler
                0x00000262                RNG_DriverIRQHandler
                0x00000262                UART1_ERR_DriverIRQHandler
                0x00000262                DMA2_DriverIRQHandler
                0x00000262                ENET_Transmit_DriverIRQHandler
                0x00000262                PORTD_DriverIRQHandler
                0x00000262                PORTE_DriverIRQHandler
                0x00000262                FTFE_DriverIRQHandler
                0x00000262                DMA7_DriverIRQHandler
                0x00000400                . = 0x400
 *fill*         0x00000264      0x19c ff
                0x00000400                PROVIDE (__FLASH_CONFIG_START__ = .)
 *(SORT_BY_ALIGNMENT(.FlashConfig))
 .FlashConfig   0x00000400       0x10 ./startup/startup_mk64f12.o
                0x00000400                Flash_Config
                0x00000410                PROVIDE (__FLASH_CONFIG_END__ = .)
                0x00000001                ASSERT (! ((__FLASH_CONFIG_START__ == __FLASH_CONFIG_END__)), Linker Flash Config Support Enabled, but no .FlashConfig section provided within application)
 *(SORT_BY_ALIGNMENT(.text*))
 .text.__NVIC_EnableIRQ
                0x00000410       0x3c ./source/MK64F12_InterruptExample.o
 .text.__NVIC_ClearPendingIRQ
                0x0000044c       0x3c ./source/MK64F12_InterruptExample.o
 .text.__NVIC_SetPriority
                0x00000488       0x54 ./source/MK64F12_InterruptExample.o
 .text.main     0x000004dc       0x40 ./source/MK64F12_InterruptExample.o
                0x000004dc                main
 .text.init_rgb
                0x0000051c       0x5c ./source/MK64F12_InterruptExample.o
                0x0000051c                init_rgb
 .text.init_switch
                0x00000578       0x58 ./source/MK64F12_InterruptExample.o
                0x00000578                init_switch
 .text.PORTA_IRQHandler
                0x000005d0       0x34 ./source/MK64F12_InterruptExample.o
                0x000005d0                PORTA_IRQHandler
 .text.I2C_TransferCommonIRQHandler
                0x00000604       0x58 ./drivers/fsl_i2c.o
 .text.I2C0_DriverIRQHandler
                0x0000065c       0x1c ./drivers/fsl_i2c.o
                0x0000065c                I2C0_DriverIRQHandler
 .text.I2C1_DriverIRQHandler
                0x00000678       0x1c ./drivers/fsl_i2c.o
                0x00000678                I2C1_DriverIRQHandler
 .text.I2C2_DriverIRQHandler
                0x00000694       0x1c ./drivers/fsl_i2c.o
                0x00000694                I2C2_DriverIRQHandler
 .text.UART0_DriverIRQHandler
                0x000006b0       0x28 ./drivers/fsl_uart.o
                0x000006b0                UART0_DriverIRQHandler
 .text.UART1_DriverIRQHandler
                0x000006d8       0x28 ./drivers/fsl_uart.o
                0x000006d8                UART1_DriverIRQHandler
 .text.UART2_DriverIRQHandler
                0x00000700       0x28 ./drivers/fsl_uart.o
                0x00000700                UART2_DriverIRQHandler
 .text.UART3_DriverIRQHandler
                0x00000728       0x28 ./drivers/fsl_uart.o
                0x00000728                UART3_DriverIRQHandler
 .text.UART4_DriverIRQHandler
                0x00000750       0x28 ./drivers/fsl_uart.o
                0x00000750                UART4_DriverIRQHandler
 .text.UART5_DriverIRQHandler
                0x00000778       0x28 ./drivers/fsl_uart.o
                0x00000778                UART5_DriverIRQHandler
 .text.SystemInit
                0x000007a0       0x3c ./device/system_MK64F12.o
                0x000007a0                SystemInit
 .text._Cwritebuf
                0x000007dc       0x6c c:/nxp/mcuxpressoide_11.3.0_5222/ide/plugins/com.nxp.mcuxpresso.tools.win32_11.3.0.202008311133/tools/bin/../lib/gcc/arm-none-eabi/9.3.1/../../../../arm-none-eabi/lib/thumb/v7e-m+fp/hard\libcr_c.a(_writebuf.o)
                0x000007dc                _Cwritebuf
 .text.fseek    0x00000848      0x100 c:/nxp/mcuxpressoide_11.3.0_5222/ide/plugins/com.nxp.mcuxpresso.tools.win32_11.3.0.202008311133/tools/bin/../lib/gcc/arm-none-eabi/9.3.1/../../../../arm-none-eabi/lib/thumb/v7e-m+fp/hard\libcr_c.a(fseek.o)
                0x00000848                fseek
 .text.ftell    0x00000948       0x44 c:/nxp/mcuxpressoide_11.3.0_5222/ide/plugins/com.nxp.mcuxpresso.tools.win32_11.3.0.202008311133/tools/bin/../lib/gcc/arm-none-eabi/9.3.1/../../../../arm-none-eabi/lib/thumb/v7e-m+fp/hard\libcr_c.a(ftell.o)
                0x00000948                ftell
 .text._initio  0x0000098c       0x78 c:/nxp/mcuxpressoide_11.3.0_5222/ide/plugins/com.nxp.mcuxpresso.tools.win32_11.3.0.202008311133/tools/bin/../lib/gcc/arm-none-eabi/9.3.1/../../../../arm-none-eabi/lib/thumb/v7e-m+fp/hard\libcr_c.a(initio.o)
                0x0000098c                _initio
 .text.fflush   0x00000a04       0x44 c:/nxp/mcuxpressoide_11.3.0_5222/ide/plugins/com.nxp.mcuxpresso.tools.win32_11.3.0.202008311133/tools/bin/../lib/gcc/arm-none-eabi/9.3.1/../../../../arm-none-eabi/lib/thumb/v7e-m+fp/hard\libcr_c.a(fflush.o)
                0x00000a04                fflush
 .text.DMA0_IRQHandler
                0x00000a48        0x8 ./startup/startup_mk64f12.o
                0x00000a48                DMA0_IRQHandler
 .text.DMA1_IRQHandler
                0x00000a50        0x8 ./startup/startup_mk64f12.o
                0x00000a50                DMA1_IRQHandler
 .text.DMA2_IRQHandler
                0x00000a58        0x8 ./startup/startup_mk64f12.o
                0x00000a58                DMA2_IRQHandler
 .text.DMA3_IRQHandler
                0x00000a60        0x8 ./startup/startup_mk64f12.o
                0x00000a60                DMA3_IRQHandler
 .text.DMA4_IRQHandler
                0x00000a68        0x8 ./startup/startup_mk64f12.o
                0x00000a68                DMA4_IRQHandler
 .text.DMA5_IRQHandler
                0x00000a70        0x8 ./startup/startup_mk64f12.o
                0x00000a70                DMA5_IRQHandler
 .text.DMA6_IRQHandler
                0x00000a78        0x8 ./startup/startup_mk64f12.o
                0x00000a78                DMA6_IRQHandler
 .text.DMA7_IRQHandler
                0x00000a80        0x8 ./startup/startup_mk64f12.o
                0x00000a80                DMA7_IRQHandler
 .text.DMA8_IRQHandler
                0x00000a88        0x8 ./startup/startup_mk64f12.o
                0x00000a88                DMA8_IRQHandler
 .text.DMA9_IRQHandler
                0x00000a90        0x8 ./startup/startup_mk64f12.o
                0x00000a90                DMA9_IRQHandler
 .text.DMA10_IRQHandler
                0x00000a98        0x8 ./startup/startup_mk64f12.o
                0x00000a98                DMA10_IRQHandler
 .text.DMA11_IRQHandler
                0x00000aa0        0x8 ./startup/startup_mk64f12.o
                0x00000aa0                DMA11_IRQHandler
 .text.DMA12_IRQHandler
                0x00000aa8        0x8 ./startup/startup_mk64f12.o
                0x00000aa8                DMA12_IRQHandler
 .text.DMA13_IRQHandler
                0x00000ab0        0x8 ./startup/startup_mk64f12.o
                0x00000ab0                DMA13_IRQHandler
 .text.DMA14_IRQHandler
                0x00000ab8        0x8 ./startup/startup_mk64f12.o
                0x00000ab8                DMA14_IRQHandler
 .text.DMA15_IRQHandler
                0x00000ac0        0x8 ./startup/startup_mk64f12.o
                0x00000ac0                DMA15_IRQHandler
 .text.DMA_Error_IRQHandler
                0x00000ac8        0x8 ./startup/startup_mk64f12.o
                0x00000ac8                DMA_Error_IRQHandler
 .text.MCM_IRQHandler
                0x00000ad0        0x8 ./startup/startup_mk64f12.o
                0x00000ad0                MCM_IRQHandler
 .text.FTFE_IRQHandler
                0x00000ad8        0x8 ./startup/startup_mk64f12.o
                0x00000ad8                FTFE_IRQHandler
 .text.Read_Collision_IRQHandler
                0x00000ae0        0x8 ./startup/startup_mk64f12.o
                0x00000ae0                Read_Collision_IRQHandler
 .text.LVD_LVW_IRQHandler
                0x00000ae8        0x8 ./startup/startup_mk64f12.o
                0x00000ae8                LVD_LVW_IRQHandler
 .text.LLWU_IRQHandler
                0x00000af0        0x8 ./startup/startup_mk64f12.o
                0x00000af0                LLWU_IRQHandler
 .text.WDOG_EWM_IRQHandler
                0x00000af8        0x8 ./startup/startup_mk64f12.o
                0x00000af8                WDOG_EWM_IRQHandler
 .text.RNG_IRQHandler
                0x00000b00        0x8 ./startup/startup_mk64f12.o
                0x00000b00                RNG_IRQHandler
 .text.I2C0_IRQHandler
                0x00000b08        0x8 ./startup/startup_mk64f12.o
                0x00000b08                I2C0_IRQHandler
 .text.I2C1_IRQHandler
                0x00000b10        0x8 ./startup/startup_mk64f12.o
                0x00000b10                I2C1_IRQHandler
 .text.SPI0_IRQHandler
                0x00000b18        0x8 ./startup/startup_mk64f12.o
                0x00000b18                SPI0_IRQHandler
 .text.SPI1_IRQHandler
                0x00000b20        0x8 ./startup/startup_mk64f12.o
                0x00000b20                SPI1_IRQHandler
 .text.I2S0_Tx_IRQHandler
                0x00000b28        0x8 ./startup/startup_mk64f12.o
                0x00000b28                I2S0_Tx_IRQHandler
 .text.I2S0_Rx_IRQHandler
                0x00000b30        0x8 ./startup/startup_mk64f12.o
                0x00000b30                I2S0_Rx_IRQHandler
 .text.UART0_LON_IRQHandler
                0x00000b38        0x8 ./startup/startup_mk64f12.o
                0x00000b38                UART0_LON_IRQHandler
 .text.UART0_RX_TX_IRQHandler
                0x00000b40        0x8 ./startup/startup_mk64f12.o
                0x00000b40                UART0_RX_TX_IRQHandler
 .text.UART0_ERR_IRQHandler
                0x00000b48        0x8 ./startup/startup_mk64f12.o
                0x00000b48                UART0_ERR_IRQHandler
 .text.UART1_RX_TX_IRQHandler
                0x00000b50        0x8 ./startup/startup_mk64f12.o
                0x00000b50                UART1_RX_TX_IRQHandler
 .text.UART1_ERR_IRQHandler
                0x00000b58        0x8 ./startup/startup_mk64f12.o
                0x00000b58                UART1_ERR_IRQHandler
 .text.UART2_RX_TX_IRQHandler
                0x00000b60        0x8 ./startup/startup_mk64f12.o
                0x00000b60                UART2_RX_TX_IRQHandler
 .text.UART2_ERR_IRQHandler
                0x00000b68        0x8 ./startup/startup_mk64f12.o
                0x00000b68                UART2_ERR_IRQHandler
 .text.UART3_RX_TX_IRQHandler
                0x00000b70        0x8 ./startup/startup_mk64f12.o
                0x00000b70                UART3_RX_TX_IRQHandler
 .text.UART3_ERR_IRQHandler
                0x00000b78        0x8 ./startup/startup_mk64f12.o
                0x00000b78                UART3_ERR_IRQHandler
 .text.ADC0_IRQHandler
                0x00000b80        0x8 ./startup/startup_mk64f12.o
                0x00000b80                ADC0_IRQHandler
 .text.CMP0_IRQHandler
                0x00000b88        0x8 ./startup/startup_mk64f12.o
                0x00000b88                CMP0_IRQHandler
 .text.CMP1_IRQHandler
                0x00000b90        0x8 ./startup/startup_mk64f12.o
                0x00000b90                CMP1_IRQHandler
 .text.FTM0_IRQHandler
                0x00000b98        0x8 ./startup/startup_mk64f12.o
                0x00000b98                FTM0_IRQHandler
 .text.FTM1_IRQHandler
                0x00000ba0        0x8 ./startup/startup_mk64f12.o
                0x00000ba0                FTM1_IRQHandler
 .text.FTM2_IRQHandler
                0x00000ba8        0x8 ./startup/startup_mk64f12.o
                0x00000ba8                FTM2_IRQHandler
 .text.CMT_IRQHandler
                0x00000bb0        0x8 ./startup/startup_mk64f12.o
                0x00000bb0                CMT_IRQHandler
 .text.RTC_IRQHandler
                0x00000bb8        0x8 ./startup/startup_mk64f12.o
                0x00000bb8                RTC_IRQHandler
 .text.RTC_Seconds_IRQHandler
                0x00000bc0        0x8 ./startup/startup_mk64f12.o
                0x00000bc0                RTC_Seconds_IRQHandler
 .text.PIT0_IRQHandler
                0x00000bc8        0x8 ./startup/startup_mk64f12.o
                0x00000bc8                PIT0_IRQHandler
 .text.PIT1_IRQHandler
                0x00000bd0        0x8 ./startup/startup_mk64f12.o
                0x00000bd0                PIT1_IRQHandler
 .text.PIT2_IRQHandler
                0x00000bd8        0x8 ./startup/startup_mk64f12.o
                0x00000bd8                PIT2_IRQHandler
 .text.PIT3_IRQHandler
                0x00000be0        0x8 ./startup/startup_mk64f12.o
                0x00000be0                PIT3_IRQHandler
 .text.PDB0_IRQHandler
                0x00000be8        0x8 ./startup/startup_mk64f12.o
                0x00000be8                PDB0_IRQHandler
 .text.USB0_IRQHandler
                0x00000bf0        0x8 ./startup/startup_mk64f12.o
                0x00000bf0                USB0_IRQHandler
 .text.USBDCD_IRQHandler
                0x00000bf8        0x8 ./startup/startup_mk64f12.o
                0x00000bf8                USBDCD_IRQHandler
 .text.Reserved71_IRQHandler
                0x00000c00        0x8 ./startup/startup_mk64f12.o
                0x00000c00                Reserved71_IRQHandler
 .text.DAC0_IRQHandler
                0x00000c08        0x8 ./startup/startup_mk64f12.o
                0x00000c08                DAC0_IRQHandler
 .text.MCG_IRQHandler
                0x00000c10        0x8 ./startup/startup_mk64f12.o
                0x00000c10                MCG_IRQHandler
 .text.LPTMR0_IRQHandler
                0x00000c18        0x8 ./startup/startup_mk64f12.o
                0x00000c18                LPTMR0_IRQHandler
 .text.PORTB_IRQHandler
                0x00000c20        0x8 ./startup/startup_mk64f12.o
                0x00000c20                PORTB_IRQHandler
 .text.PORTC_IRQHandler
                0x00000c28        0x8 ./startup/startup_mk64f12.o
                0x00000c28                PORTC_IRQHandler
 .text.PORTD_IRQHandler
                0x00000c30        0x8 ./startup/startup_mk64f12.o
                0x00000c30                PORTD_IRQHandler
 .text.PORTE_IRQHandler
                0x00000c38        0x8 ./startup/startup_mk64f12.o
                0x00000c38                PORTE_IRQHandler
 .text.SWI_IRQHandler
                0x00000c40        0x8 ./startup/startup_mk64f12.o
                0x00000c40                SWI_IRQHandler
 .text.SPI2_IRQHandler
                0x00000c48        0x8 ./startup/startup_mk64f12.o
                0x00000c48                SPI2_IRQHandler
 .text.UART4_RX_TX_IRQHandler
                0x00000c50        0x8 ./startup/startup_mk64f12.o
                0x00000c50                UART4_RX_TX_IRQHandler
 .text.UART4_ERR_IRQHandler
                0x00000c58        0x8 ./startup/startup_mk64f12.o
                0x00000c58                UART4_ERR_IRQHandler
 .text.UART5_RX_TX_IRQHandler
                0x00000c60        0x8 ./startup/startup_mk64f12.o
                0x00000c60                UART5_RX_TX_IRQHandler
 .text.UART5_ERR_IRQHandler
                0x00000c68        0x8 ./startup/startup_mk64f12.o
                0x00000c68                UART5_ERR_IRQHandler
 .text.CMP2_IRQHandler
                0x00000c70        0x8 ./startup/startup_mk64f12.o
                0x00000c70                CMP2_IRQHandler
 .text.FTM3_IRQHandler
                0x00000c78        0x8 ./startup/startup_mk64f12.o
                0x00000c78                FTM3_IRQHandler
 .text.DAC1_IRQHandler
                0x00000c80        0x8 ./startup/startup_mk64f12.o
                0x00000c80                DAC1_IRQHandler
 .text.ADC1_IRQHandler
                0x00000c88        0x8 ./startup/startup_mk64f12.o
                0x00000c88                ADC1_IRQHandler
 .text.I2C2_IRQHandler
                0x00000c90        0x8 ./startup/startup_mk64f12.o
                0x00000c90                I2C2_IRQHandler
 .text.CAN0_ORed_Message_buffer_IRQHandler
                0x00000c98        0x8 ./startup/startup_mk64f12.o
                0x00000c98                CAN0_ORed_Message_buffer_IRQHandler
 .text.CAN0_Bus_Off_IRQHandler
                0x00000ca0        0x8 ./startup/startup_mk64f12.o
                0x00000ca0                CAN0_Bus_Off_IRQHandler
 .text.CAN0_Error_IRQHandler
                0x00000ca8        0x8 ./startup/startup_mk64f12.o
                0x00000ca8                CAN0_Error_IRQHandler
 .text.CAN0_Tx_Warning_IRQHandler
                0x00000cb0        0x8 ./startup/startup_mk64f12.o
                0x00000cb0                CAN0_Tx_Warning_IRQHandler
 .text.CAN0_Rx_Warning_IRQHandler
                0x00000cb8        0x8 ./startup/startup_mk64f12.o
                0x00000cb8                CAN0_Rx_Warning_IRQHandler
 .text.CAN0_Wake_Up_IRQHandler
                0x00000cc0        0x8 ./startup/startup_mk64f12.o
                0x00000cc0                CAN0_Wake_Up_IRQHandler
 .text.SDHC_IRQHandler
                0x00000cc8        0x8 ./startup/startup_mk64f12.o
                0x00000cc8                SDHC_IRQHandler
 .text.ENET_1588_Timer_IRQHandler
                0x00000cd0        0x8 ./startup/startup_mk64f12.o
                0x00000cd0                ENET_1588_Timer_IRQHandler
 .text.ENET_Transmit_IRQHandler
                0x00000cd8        0x8 ./startup/startup_mk64f12.o
                0x00000cd8                ENET_Transmit_IRQHandler
 .text.ENET_Receive_IRQHandler
                0x00000ce0        0x8 ./startup/startup_mk64f12.o
                0x00000ce0                ENET_Receive_IRQHandler
 .text.ENET_Error_IRQHandler
                0x00000ce8        0x8 ./startup/startup_mk64f12.o
                0x00000ce8                ENET_Error_IRQHandler
 .text.HardFault_Handler
                0x00000cf0       0x2c ./source/semihost_hardfault.o
                0x00000cf0                HardFault_Handler
 .text.UART0_RX_TX_DriverIRQHandler
                0x00000d1c       0x12 ./drivers/fsl_uart.o
                0x00000d1c                UART0_RX_TX_DriverIRQHandler
 .text.UART1_RX_TX_DriverIRQHandler
                0x00000d2e       0x12 ./drivers/fsl_uart.o
                0x00000d2e                UART1_RX_TX_DriverIRQHandler
 .text.UART2_RX_TX_DriverIRQHandler
                0x00000d40       0x12 ./drivers/fsl_uart.o
                0x00000d40                UART2_RX_TX_DriverIRQHandler
 .text.UART3_RX_TX_DriverIRQHandler
                0x00000d52       0x12 ./drivers/fsl_uart.o
                0x00000d52                UART3_RX_TX_DriverIRQHandler
 .text.UART4_RX_TX_DriverIRQHandler
                0x00000d64       0x12 ./drivers/fsl_uart.o
                0x00000d64                UART4_RX_TX_DriverIRQHandler
 .text.UART5_RX_TX_DriverIRQHandler
                0x00000d76       0x12 ./drivers/fsl_uart.o
                0x00000d76                UART5_RX_TX_DriverIRQHandler
 .text.SystemInitHook
                0x00000d88        0xe ./device/system_MK64F12.o
                0x00000d88                SystemInitHook
 .text.__main   0x00000d96        0xe c:/nxp/mcuxpressoide_11.3.0_5222/ide/plugins/com.nxp.mcuxpresso.tools.win32_11.3.0.202008311133/tools/bin/../lib/gcc/arm-none-eabi/9.3.1/../../../../arm-none-eabi/lib/thumb/v7e-m+fp/hard\libcr_nohost_nf.a(_cr__main.o)
                0x00000d96                __main
 .text.memset   0x00000da4        0x4 c:/nxp/mcuxpressoide_11.3.0_5222/ide/plugins/com.nxp.mcuxpresso.tools.win32_11.3.0.202008311133/tools/bin/../lib/gcc/arm-none-eabi/9.3.1/../../../../arm-none-eabi/lib/thumb/v7e-m+fp/hard\libcr_c.a(memset.o)
                0x00000da4                memset
 .text._deferredlazyseek
                0x00000da8       0x40 c:/nxp/mcuxpressoide_11.3.0_5222/ide/plugins/com.nxp.mcuxpresso.tools.win32_11.3.0.202008311133/tools/bin/../lib/gcc/arm-none-eabi/9.3.1/../../../../arm-none-eabi/lib/thumb/v7e-m+fp/hard\libcr_c.a(_deferredlazyseek.o)
                0x00000da8                _deferredlazyseek
 .text._fflush  0x00000de8       0x52 c:/nxp/mcuxpressoide_11.3.0_5222/ide/plugins/com.nxp.mcuxpresso.tools.win32_11.3.0.202008311133/tools/bin/../lib/gcc/arm-none-eabi/9.3.1/../../../../arm-none-eabi/lib/thumb/v7e-m+fp/hard\libcr_c.a(_fflush.o)
                0x00000de8                _fflush
 .text.free     0x00000e3a       0x30 c:/nxp/mcuxpressoide_11.3.0_5222/ide/plugins/com.nxp.mcuxpresso.tools.win32_11.3.0.202008311133/tools/bin/../lib/gcc/arm-none-eabi/9.3.1/../../../../arm-none-eabi/lib/thumb/v7e-m+fp/hard\libcr_c.a(alloc.o)
                0x00000e3a                free
 .text.setvbuf  0x00000e6a       0x3e c:/nxp/mcuxpressoide_11.3.0_5222/ide/plugins/com.nxp.mcuxpresso.tools.win32_11.3.0.202008311133/tools/bin/../lib/gcc/arm-none-eabi/9.3.1/../../../../arm-none-eabi/lib/thumb/v7e-m+fp/hard\libcr_c.a(setvbuf.o)
                0x00000e6a                setvbuf
 .text.strlen   0x00000ea8       0x4c c:/nxp/mcuxpressoide_11.3.0_5222/ide/plugins/com.nxp.mcuxpresso.tools.win32_11.3.0.202008311133/tools/bin/../lib/gcc/arm-none-eabi/9.3.1/../../../../arm-none-eabi/lib/thumb/v7e-m+fp/hard\libcr_c.a(strlen.o)
                0x00000ea8                strlen
 .text._fdopen  0x00000ef4       0x68 c:/nxp/mcuxpressoide_11.3.0_5222/ide/plugins/com.nxp.mcuxpresso.tools.win32_11.3.0.202008311133/tools/bin/../lib/gcc/arm-none-eabi/9.3.1/../../../../arm-none-eabi/lib/thumb/v7e-m+fp/hard\libcr_c.a(_fdopen.o)
                0x00000ef4                _fdopen
 .text.fclose   0x00000f5c       0x58 c:/nxp/mcuxpressoide_11.3.0_5222/ide/plugins/com.nxp.mcuxpresso.tools.win32_11.3.0.202008311133/tools/bin/../lib/gcc/arm-none-eabi/9.3.1/../../../../arm-none-eabi/lib/thumb/v7e-m+fp/hard\libcr_c.a(fclose.o)
                0x00000f5c                fclose
 .text.remove   0x00000fb4       0x14 c:/nxp/mcuxpressoide_11.3.0_5222/ide/plugins/com.nxp.mcuxpresso.tools.win32_11.3.0.202008311133/tools/bin/../lib/gcc/arm-none-eabi/9.3.1/../../../../arm-none-eabi/lib/thumb/v7e-m+fp/hard\libcr_c.a(remove.o)
                0x00000fb4                remove
 .text._do_fflush
                0x00000fc8       0x40 c:/nxp/mcuxpressoide_11.3.0_5222/ide/plugins/com.nxp.mcuxpresso.tools.win32_11.3.0.202008311133/tools/bin/../lib/gcc/arm-none-eabi/9.3.1/../../../../arm-none-eabi/lib/thumb/v7e-m+fp/hard\libcr_c.a(_do_fflush.o)
                0x00000fc8                _do_fflush
 .text.__aeabi_memset_lowlevel
                0x00001008       0x32 c:/nxp/mcuxpressoide_11.3.0_5222/ide/plugins/com.nxp.mcuxpresso.tools.win32_11.3.0.202008311133/tools/bin/../lib/gcc/arm-none-eabi/9.3.1/thumb/v7e-m+fp/hard\libcr_eabihelpers.a(memcpy.o)
                0x00001008                __aeabi_lowlevel_memset
 .text.__sys_close
                0x0000103a        0x6 c:/nxp/mcuxpressoide_11.3.0_5222/ide/plugins/com.nxp.mcuxpresso.tools.win32_11.3.0.202008311133/tools/bin/../lib/gcc/arm-none-eabi/9.3.1/../../../../arm-none-eabi/lib/thumb/v7e-m+fp/hard\libcr_nohost_nf.a(__sys_close.o)
                0x0000103a                __sys_close
 .text.__sys_flen
                0x00001040        0x6 c:/nxp/mcuxpressoide_11.3.0_5222/ide/plugins/com.nxp.mcuxpresso.tools.win32_11.3.0.202008311133/tools/bin/../lib/gcc/arm-none-eabi/9.3.1/../../../../arm-none-eabi/lib/thumb/v7e-m+fp/hard\libcr_nohost_nf.a(__sys_flen.o)
                0x00001040                __sys_flen
 .text.__sys_istty
                0x00001046        0x6 c:/nxp/mcuxpressoide_11.3.0_5222/ide/plugins/com.nxp.mcuxpresso.tools.win32_11.3.0.202008311133/tools/bin/../lib/gcc/arm-none-eabi/9.3.1/../../../../arm-none-eabi/lib/thumb/v7e-m+fp/hard\libcr_nohost_nf.a(__sys_istty.o)
                0x00001046                __sys_istty
 .text.__sys_remove
                0x0000104c        0x6 c:/nxp/mcuxpressoide_11.3.0_5222/ide/plugins/com.nxp.mcuxpresso.tools.win32_11.3.0.202008311133/tools/bin/../lib/gcc/arm-none-eabi/9.3.1/../../../../arm-none-eabi/lib/thumb/v7e-m+fp/hard\libcr_nohost_nf.a(__sys_remove.o)
                0x0000104c                __sys_remove
 .text.__sys_seek
                0x00001052        0x6 c:/nxp/mcuxpressoide_11.3.0_5222/ide/plugins/com.nxp.mcuxpresso.tools.win32_11.3.0.202008311133/tools/bin/../lib/gcc/arm-none-eabi/9.3.1/../../../../arm-none-eabi/lib/thumb/v7e-m+fp/hard\libcr_nohost_nf.a(__sys_seek.o)
                0x00001052                __sys_seek
 .text.__sys_tmpnam
                0x00001058        0x6 c:/nxp/mcuxpressoide_11.3.0_5222/ide/plugins/com.nxp.mcuxpresso.tools.win32_11.3.0.202008311133/tools/bin/../lib/gcc/arm-none-eabi/9.3.1/../../../../arm-none-eabi/lib/thumb/v7e-m+fp/hard\libcr_nohost_nf.a(__sys_tmpnam.o)
                0x00001058                __sys_tmpnam
 .text.__sys_write
                0x0000105e        0x4 c:/nxp/mcuxpressoide_11.3.0_5222/ide/plugins/com.nxp.mcuxpresso.tools.win32_11.3.0.202008311133/tools/bin/../lib/gcc/arm-none-eabi/9.3.1/../../../../arm-none-eabi/lib/thumb/v7e-m+fp/hard\libcr_nohost_nf.a(__sys_write.o)
                0x0000105e                __sys_write
 *(SORT_BY_ALIGNMENT(.rodata) SORT_BY_ALIGNMENT(.rodata.*) SORT_BY_ALIGNMENT(.constdata) SORT_BY_ALIGNMENT(.constdata.*))
 *fill*         0x00001062        0x2 ff
 .rodata.__num_Ciob_streams
                0x00001064        0x4 c:/nxp/mcuxpressoide_11.3.0_5222/ide/plugins/com.nxp.mcuxpresso.tools.win32_11.3.0.202008311133/tools/bin/../lib/gcc/arm-none-eabi/9.3.1/../../../../arm-none-eabi/lib/thumb/v7e-m+fp/hard\libcr_nohost_nf.a(__ciob.o)
                0x00001064                __num_Ciob_streams
 .rodata._initio.str1.1
                0x00001068        0x4 c:/nxp/mcuxpressoide_11.3.0_5222/ide/plugins/com.nxp.mcuxpresso.tools.win32_11.3.0.202008311133/tools/bin/../lib/gcc/arm-none-eabi/9.3.1/../../../../arm-none-eabi/lib/thumb/v7e-m+fp/hard\libcr_c.a(initio.o)
                0x00001070                . = ALIGN (0x8)
 *fill*         0x0000106c        0x4 ff

.glue_7         0x00001070        0x0
 .glue_7        0x00001070        0x0 linker stubs

.glue_7t        0x00001070        0x0
 .glue_7t       0x00001070        0x0 linker stubs

.vfp11_veneer   0x00001070        0x0
 .vfp11_veneer  0x00001070        0x0 linker stubs

.v4_bx          0x00001070        0x0
 .v4_bx         0x00001070        0x0 linker stubs

.iplt           0x00001070        0x0
 .iplt          0x00001070        0x0 ./startup/startup_mk64f12.o

.rel.dyn        0x00001070        0x0
 .rel.iplt      0x00001070        0x0 ./startup/startup_mk64f12.o

.ARM.extab
 *(SORT_BY_ALIGNMENT(.ARM.extab*) SORT_BY_ALIGNMENT(.gnu.linkonce.armextab.*))

.ARM.exidx      0x00001070        0x0
                0x00001070                __exidx_start = .
 *(SORT_BY_ALIGNMENT(.ARM.exidx*) SORT_BY_ALIGNMENT(.gnu.linkonce.armexidx.*))
                0x00001070                __exidx_end = .
                0x00001070                _etext = .

.m_usb_data
 *(SORT_BY_ALIGNMENT(m_usb_bdt))

.data_RAM2      0x1fff0000        0x0 load address 0x00001070
 FILL mask 0xff
                [!provide]                PROVIDE (__start_data_RAM2 = .)
                [!provide]                PROVIDE (__start_data_SRAM_LOWER = .)
 *(SORT_BY_ALIGNMENT(.ramfunc.$RAM2))
 *(SORT_BY_ALIGNMENT(.ramfunc.$SRAM_LOWER))
 *(SORT_BY_ALIGNMENT(.data.$RAM2))
 *(SORT_BY_ALIGNMENT(.data.$SRAM_LOWER))
 *(SORT_BY_ALIGNMENT(.data.$RAM2.*))
 *(SORT_BY_ALIGNMENT(.data.$SRAM_LOWER.*))
                0x1fff0000                . = ALIGN (0x8)
                [!provide]                PROVIDE (__end_data_RAM2 = .)
                [!provide]                PROVIDE (__end_data_SRAM_LOWER = .)

.data_RAM3      0x14000000        0x0 load address 0x00001070
 FILL mask 0xff
                [!provide]                PROVIDE (__start_data_RAM3 = .)
                [!provide]                PROVIDE (__start_data_FLEX_RAM = .)
 *(SORT_BY_ALIGNMENT(.ramfunc.$RAM3))
 *(SORT_BY_ALIGNMENT(.ramfunc.$FLEX_RAM))
 *(SORT_BY_ALIGNMENT(.data.$RAM3))
 *(SORT_BY_ALIGNMENT(.data.$FLEX_RAM))
 *(SORT_BY_ALIGNMENT(.data.$RAM3.*))
 *(SORT_BY_ALIGNMENT(.data.$FLEX_RAM.*))
                0x14000000                . = ALIGN (0x8)
                [!provide]                PROVIDE (__end_data_RAM3 = .)
                [!provide]                PROVIDE (__end_data_FLEX_RAM = .)

.uninit_RESERVED
                0x20000000        0x0
                0x20000000                _start_uninit_RESERVED = .
 *(SORT_BY_ALIGNMENT(.bss.$RESERVED*))
                0x20000000                . = ALIGN (0x8)
                0x20000000                _end_uninit_RESERVED = .

.data           0x20000000        0x0 load address 0x00001070
 FILL mask 0xff
                0x20000000                _data = .
                [!provide]                PROVIDE (__start_data_RAM = .)
                [!provide]                PROVIDE (__start_data_SRAM_UPPER = .)
 *(SORT_BY_ALIGNMENT(vtable))
 *(SORT_BY_ALIGNMENT(.ramfunc*))
 *(SORT_BY_ALIGNMENT(CodeQuickAccess))
 *(SORT_BY_ALIGNMENT(DataQuickAccess))
 *(SORT_BY_ALIGNMENT(RamFunction))
 *(SORT_BY_ALIGNMENT(.data*))
                0x20000000                . = ALIGN (0x8)
                0x20000000                _edata = .
                [!provide]                PROVIDE (__end_data_RAM = .)
                [!provide]                PROVIDE (__end_data_SRAM_UPPER = .)

.igot.plt       0x20000000        0x0 load address 0x00001070
 .igot.plt      0x20000000        0x0 ./startup/startup_mk64f12.o

.bss_RAM2       0x1fff0000        0x0
                [!provide]                PROVIDE (__start_bss_RAM2 = .)
                [!provide]                PROVIDE (__start_bss_SRAM_LOWER = .)
 *(SORT_BY_ALIGNMENT(.bss.$RAM2))
 *(SORT_BY_ALIGNMENT(.bss.$SRAM_LOWER))
 *(SORT_BY_ALIGNMENT(.bss.$RAM2.*))
 *(SORT_BY_ALIGNMENT(.bss.$SRAM_LOWER.*))
                0x1fff0000                . = ALIGN ((. != 0x0)?0x8:0x1)
                [!provide]                PROVIDE (__end_bss_RAM2 = .)
                [!provide]                PROVIDE (__end_bss_SRAM_LOWER = .)

.bss_RAM3       0x14000000        0x0
                [!provide]                PROVIDE (__start_bss_RAM3 = .)
                [!provide]                PROVIDE (__start_bss_FLEX_RAM = .)
 *(SORT_BY_ALIGNMENT(.bss.$RAM3))
 *(SORT_BY_ALIGNMENT(.bss.$FLEX_RAM))
 *(SORT_BY_ALIGNMENT(.bss.$RAM3.*))
 *(SORT_BY_ALIGNMENT(.bss.$FLEX_RAM.*))
                0x14000000                . = ALIGN ((. != 0x0)?0x8:0x1)
                [!provide]                PROVIDE (__end_bss_RAM3 = .)
                [!provide]                PROVIDE (__end_bss_FLEX_RAM = .)

.bss            0x20000000       0xf0
                0x20000000                _bss = .
                [!provide]                PROVIDE (__start_bss_RAM = .)
                [!provide]                PROVIDE (__start_bss_SRAM_UPPER = .)
 *(SORT_BY_ALIGNMENT(.bss*))
 .bss.s_i2cHandle
                0x20000000        0xc ./drivers/fsl_i2c.o
 .bss.s_i2cMasterIsr
                0x2000000c        0x4 ./drivers/fsl_i2c.o
 .bss.s_i2cSlaveIsr
                0x20000010        0x4 ./drivers/fsl_i2c.o
 .bss.s_uartHandle
                0x20000014       0x18 ./drivers/fsl_uart.o
                0x20000014                s_uartHandle
 .bss.s_uartIsr
                0x2000002c        0x4 ./drivers/fsl_uart.o
                0x2000002c                s_uartIsr
 .bss.__Ciob    0x20000030       0xb4 c:/nxp/mcuxpressoide_11.3.0_5222/ide/plugins/com.nxp.mcuxpresso.tools.win32_11.3.0.202008311133/tools/bin/../lib/gcc/arm-none-eabi/9.3.1/../../../../arm-none-eabi/lib/thumb/v7e-m+fp/hard\libcr_nohost_nf.a(__ciob.o)
                0x20000030                __Ciob
 .bss.errno     0x200000e4        0x4 c:/nxp/mcuxpressoide_11.3.0_5222/ide/plugins/com.nxp.mcuxpresso.tools.win32_11.3.0.202008311133/tools/bin/../lib/gcc/arm-none-eabi/9.3.1/../../../../arm-none-eabi/lib/thumb/v7e-m+fp/hard\libcr_c.a(errno.o)
                0x200000e4                errno
 .bss.band      0x200000e8        0x1 ./source/MK64F12_InterruptExample.o
                0x200000e8                band
 *(SORT_BY_ALIGNMENT(COMMON))
                0x200000f0                . = ALIGN (0x8)
 *fill*         0x200000e9        0x7 
                0x200000f0                _ebss = .
                [!provide]                PROVIDE (__end_bss_RAM = .)
                [!provide]                PROVIDE (__end_bss_SRAM_UPPER = .)
                [!provide]                PROVIDE (end = .)

.noinit_RAM2    0x1fff0000        0x0
                [!provide]                PROVIDE (__start_noinit_RAM2 = .)
                [!provide]                PROVIDE (__start_noinit_SRAM_LOWER = .)
 *(SORT_BY_ALIGNMENT(.noinit.$RAM2))
 *(SORT_BY_ALIGNMENT(.noinit.$SRAM_LOWER))
 *(SORT_BY_ALIGNMENT(.noinit.$RAM2.*))
 *(SORT_BY_ALIGNMENT(.noinit.$SRAM_LOWER.*))
                0x1fff0000                . = ALIGN (0x8)
                [!provide]                PROVIDE (__end_noinit_RAM2 = .)
                [!provide]                PROVIDE (__end_noinit_SRAM_LOWER = .)

.noinit_RAM3    0x14000000        0x0
                [!provide]                PROVIDE (__start_noinit_RAM3 = .)
                [!provide]                PROVIDE (__start_noinit_FLEX_RAM = .)
 *(SORT_BY_ALIGNMENT(.noinit.$RAM3))
 *(SORT_BY_ALIGNMENT(.noinit.$FLEX_RAM))
 *(SORT_BY_ALIGNMENT(.noinit.$RAM3.*))
 *(SORT_BY_ALIGNMENT(.noinit.$FLEX_RAM.*))
                0x14000000                . = ALIGN (0x8)
                [!provide]                PROVIDE (__end_noinit_RAM3 = .)
                [!provide]                PROVIDE (__end_noinit_FLEX_RAM = .)

.noinit         0x200000f0        0x0
                0x200000f0                _noinit = .
                [!provide]                PROVIDE (__start_noinit_RAM = .)
                [!provide]                PROVIDE (__start_noinit_SRAM_UPPER = .)
 *(SORT_BY_ALIGNMENT(.noinit*))
                0x200000f0                . = ALIGN (0x8)
                0x200000f0                _end_noinit = .
                [!provide]                PROVIDE (__end_noinit_RAM = .)
                [!provide]                PROVIDE (__end_noinit_SRAM_UPPER = .)
                0x00001000                _HeapSize = 0x1000

.heap           0x200000f0     0x1000
                0x200000f0                _pvHeapStart = .
                0x200010f0                . = (. + _HeapSize)
 *fill*         0x200000f0     0x1000 
                0x200010f0                . = ALIGN (0x8)
                0x200010f0                _pvHeapLimit = .
                0x00001000                _StackSize = 0x1000

.heap2stackfill
                0x200010f0     0x1000
                0x200020f0                . = (. + _StackSize)
 *fill*         0x200010f0     0x1000 

.stack          0x2002f000        0x0
                0x2002f000                _vStackBase = .
                0x2002f000                . = ALIGN (0x8)
                0x20030000                _vStackTop = (. + _StackSize)
                0x00000000                _image_start = LOADADDR (.text)
                0x00001070                _image_end = (LOADADDR (.data) + SIZEOF (.data))
                0x00001070                _image_size = (_image_end - _image_start)
OUTPUT(MK64F12_InterruptExample.axf elf32-littlearm)
LOAD linker stubs

.debug_info     0x00000000     0x58de
 .debug_info    0x00000000      0x92e ./startup/startup_mk64f12.o
 .debug_info    0x0000092e      0xa34 ./source/MK64F12_InterruptExample.o
 .debug_info    0x00001362       0x3c ./source/semihost_hardfault.o
 .debug_info    0x0000139e     0x1ee8 ./drivers/fsl_i2c.o
 .debug_info    0x00003286     0x1fb9 ./drivers/fsl_uart.o
 .debug_info    0x0000523f      0x69f ./device/system_MK64F12.o

.debug_abbrev   0x00000000      0xcd8
 .debug_abbrev  0x00000000      0x17a ./startup/startup_mk64f12.o
 .debug_abbrev  0x0000017a      0x1f1 ./source/MK64F12_InterruptExample.o
 .debug_abbrev  0x0000036b       0x31 ./source/semihost_hardfault.o
 .debug_abbrev  0x0000039c      0x395 ./drivers/fsl_i2c.o
 .debug_abbrev  0x00000731      0x437 ./drivers/fsl_uart.o
 .debug_abbrev  0x00000b68      0x170 ./device/system_MK64F12.o

.debug_aranges  0x00000000      0x708
 .debug_aranges
                0x00000000      0x330 ./startup/startup_mk64f12.o
 .debug_aranges
                0x00000330       0x50 ./source/MK64F12_InterruptExample.o
 .debug_aranges
                0x00000380       0x20 ./source/semihost_hardfault.o
 .debug_aranges
                0x000003a0      0x180 ./drivers/fsl_i2c.o
 .debug_aranges
                0x00000520      0x1b8 ./drivers/fsl_uart.o
 .debug_aranges
                0x000006d8       0x30 ./device/system_MK64F12.o

.debug_ranges   0x00000000      0x6a8
 .debug_ranges  0x00000000      0x320 ./startup/startup_mk64f12.o
 .debug_ranges  0x00000320       0x40 ./source/MK64F12_InterruptExample.o
 .debug_ranges  0x00000360       0x10 ./source/semihost_hardfault.o
 .debug_ranges  0x00000370      0x170 ./drivers/fsl_i2c.o
 .debug_ranges  0x000004e0      0x1a8 ./drivers/fsl_uart.o
 .debug_ranges  0x00000688       0x20 ./device/system_MK64F12.o

.debug_macro    0x00000000      0x3ea
 .debug_macro   0x00000000       0x29 ./startup/startup_mk64f12.o
 .debug_macro   0x00000029       0xa4 ./source/MK64F12_InterruptExample.o
 .debug_macro   0x000000cd       0x11 ./source/semihost_hardfault.o
 .debug_macro   0x000000de      0x121 ./drivers/fsl_i2c.o
 .debug_macro   0x000001ff       0x1c ./drivers/fsl_i2c.o
 .debug_macro   0x0000021b      0x127 ./drivers/fsl_uart.o
 .debug_macro   0x00000342       0x10 ./drivers/fsl_uart.o
 .debug_macro   0x00000352       0x98 ./device/system_MK64F12.o

.debug_line     0x00000000     0x3af6
 .debug_line    0x00000000      0x90e ./startup/startup_mk64f12.o
 .debug_line    0x0000090e      0x41a ./source/MK64F12_InterruptExample.o
 .debug_line    0x00000d28       0x59 ./source/semihost_hardfault.o
 .debug_line    0x00000d81     0x1433 ./drivers/fsl_i2c.o
 .debug_line    0x000021b4     0x1522 ./drivers/fsl_uart.o
 .debug_line    0x000036d6      0x420 ./device/system_MK64F12.o

.debug_str      0x00000000    0x7d47e
 .debug_str     0x00000000     0x36f5 ./startup/startup_mk64f12.o
                               0x3757 (size before relaxing)
 .debug_str     0x000036f5    0x6ebb9 ./source/MK64F12_InterruptExample.o
                              0x71b7c (size before relaxing)
 .debug_str     0x000722ae       0x1f ./source/semihost_hardfault.o
                               0x2ee8 (size before relaxing)
 .debug_str     0x000722cd     0xa1e9 ./drivers/fsl_i2c.o
                              0x7bba6 (size before relaxing)
 .debug_str     0x0007c4b6      0xef0 ./drivers/fsl_uart.o
                              0x7bdf1 (size before relaxing)
 .debug_str     0x0007d3a6       0xd8 ./device/system_MK64F12.o
                              0x78588 (size before relaxing)

.comment        0x00000000       0x4c
 .comment       0x00000000       0x4c ./startup/startup_mk64f12.o
                                 0x4d (size before relaxing)
 .comment       0x0000004c       0x4d ./source/MK64F12_InterruptExample.o
 .comment       0x0000004c       0x4d ./source/semihost_hardfault.o
 .comment       0x0000004c       0x4d ./drivers/fsl_i2c.o
 .comment       0x0000004c       0x4d ./drivers/fsl_uart.o
 .comment       0x0000004c       0x4d ./device/system_MK64F12.o
 .comment       0x0000004c       0x4d c:/nxp/mcuxpressoide_11.3.0_5222/ide/plugins/com.nxp.mcuxpresso.tools.win32_11.3.0.202008311133/tools/bin/../lib/gcc/arm-none-eabi/9.3.1/../../../../arm-none-eabi/lib/thumb/v7e-m+fp/hard\libcr_nohost_nf.a(_cr__main.o)
 .comment       0x0000004c       0x4d c:/nxp/mcuxpressoide_11.3.0_5222/ide/plugins/com.nxp.mcuxpresso.tools.win32_11.3.0.202008311133/tools/bin/../lib/gcc/arm-none-eabi/9.3.1/../../../../arm-none-eabi/lib/thumb/v7e-m+fp/hard\libcr_nohost_nf.a(__ciob.o)
 .comment       0x0000004c       0x4d c:/nxp/mcuxpressoide_11.3.0_5222/ide/plugins/com.nxp.mcuxpresso.tools.win32_11.3.0.202008311133/tools/bin/../lib/gcc/arm-none-eabi/9.3.1/../../../../arm-none-eabi/lib/thumb/v7e-m+fp/hard\libcr_c.a(memset.o)
 .comment       0x0000004c       0x4d c:/nxp/mcuxpressoide_11.3.0_5222/ide/plugins/com.nxp.mcuxpresso.tools.win32_11.3.0.202008311133/tools/bin/../lib/gcc/arm-none-eabi/9.3.1/../../../../arm-none-eabi/lib/thumb/v7e-m+fp/hard\libcr_c.a(_deferredlazyseek.o)
 .comment       0x0000004c       0x4d c:/nxp/mcuxpressoide_11.3.0_5222/ide/plugins/com.nxp.mcuxpresso.tools.win32_11.3.0.202008311133/tools/bin/../lib/gcc/arm-none-eabi/9.3.1/../../../../arm-none-eabi/lib/thumb/v7e-m+fp/hard\libcr_c.a(_fflush.o)
 .comment       0x0000004c       0x4d c:/nxp/mcuxpressoide_11.3.0_5222/ide/plugins/com.nxp.mcuxpresso.tools.win32_11.3.0.202008311133/tools/bin/../lib/gcc/arm-none-eabi/9.3.1/../../../../arm-none-eabi/lib/thumb/v7e-m+fp/hard\libcr_c.a(_writebuf.o)
 .comment       0x0000004c       0x4d c:/nxp/mcuxpressoide_11.3.0_5222/ide/plugins/com.nxp.mcuxpresso.tools.win32_11.3.0.202008311133/tools/bin/../lib/gcc/arm-none-eabi/9.3.1/../../../../arm-none-eabi/lib/thumb/v7e-m+fp/hard\libcr_c.a(alloc.o)
 .comment       0x0000004c       0x4d c:/nxp/mcuxpressoide_11.3.0_5222/ide/plugins/com.nxp.mcuxpresso.tools.win32_11.3.0.202008311133/tools/bin/../lib/gcc/arm-none-eabi/9.3.1/../../../../arm-none-eabi/lib/thumb/v7e-m+fp/hard\libcr_c.a(errno.o)
 .comment       0x0000004c       0x4d c:/nxp/mcuxpressoide_11.3.0_5222/ide/plugins/com.nxp.mcuxpresso.tools.win32_11.3.0.202008311133/tools/bin/../lib/gcc/arm-none-eabi/9.3.1/../../../../arm-none-eabi/lib/thumb/v7e-m+fp/hard\libcr_c.a(fseek.o)
 .comment       0x0000004c       0x4d c:/nxp/mcuxpressoide_11.3.0_5222/ide/plugins/com.nxp.mcuxpresso.tools.win32_11.3.0.202008311133/tools/bin/../lib/gcc/arm-none-eabi/9.3.1/../../../../arm-none-eabi/lib/thumb/v7e-m+fp/hard\libcr_c.a(ftell.o)
 .comment       0x0000004c       0x4d c:/nxp/mcuxpressoide_11.3.0_5222/ide/plugins/com.nxp.mcuxpresso.tools.win32_11.3.0.202008311133/tools/bin/../lib/gcc/arm-none-eabi/9.3.1/../../../../arm-none-eabi/lib/thumb/v7e-m+fp/hard\libcr_c.a(initio.o)
 .comment       0x0000004c       0x4d c:/nxp/mcuxpressoide_11.3.0_5222/ide/plugins/com.nxp.mcuxpresso.tools.win32_11.3.0.202008311133/tools/bin/../lib/gcc/arm-none-eabi/9.3.1/../../../../arm-none-eabi/lib/thumb/v7e-m+fp/hard\libcr_c.a(setvbuf.o)
 .comment       0x0000004c       0x4d c:/nxp/mcuxpressoide_11.3.0_5222/ide/plugins/com.nxp.mcuxpresso.tools.win32_11.3.0.202008311133/tools/bin/../lib/gcc/arm-none-eabi/9.3.1/../../../../arm-none-eabi/lib/thumb/v7e-m+fp/hard\libcr_c.a(strlen.o)
 .comment       0x0000004c       0x4d c:/nxp/mcuxpressoide_11.3.0_5222/ide/plugins/com.nxp.mcuxpresso.tools.win32_11.3.0.202008311133/tools/bin/../lib/gcc/arm-none-eabi/9.3.1/../../../../arm-none-eabi/lib/thumb/v7e-m+fp/hard\libcr_c.a(_fdopen.o)
 .comment       0x0000004c       0x4d c:/nxp/mcuxpressoide_11.3.0_5222/ide/plugins/com.nxp.mcuxpresso.tools.win32_11.3.0.202008311133/tools/bin/../lib/gcc/arm-none-eabi/9.3.1/../../../../arm-none-eabi/lib/thumb/v7e-m+fp/hard\libcr_c.a(fclose.o)
 .comment       0x0000004c       0x4d c:/nxp/mcuxpressoide_11.3.0_5222/ide/plugins/com.nxp.mcuxpresso.tools.win32_11.3.0.202008311133/tools/bin/../lib/gcc/arm-none-eabi/9.3.1/../../../../arm-none-eabi/lib/thumb/v7e-m+fp/hard\libcr_c.a(fflush.o)
 .comment       0x0000004c       0x4d c:/nxp/mcuxpressoide_11.3.0_5222/ide/plugins/com.nxp.mcuxpresso.tools.win32_11.3.0.202008311133/tools/bin/../lib/gcc/arm-none-eabi/9.3.1/../../../../arm-none-eabi/lib/thumb/v7e-m+fp/hard\libcr_c.a(remove.o)
 .comment       0x0000004c       0x4d c:/nxp/mcuxpressoide_11.3.0_5222/ide/plugins/com.nxp.mcuxpresso.tools.win32_11.3.0.202008311133/tools/bin/../lib/gcc/arm-none-eabi/9.3.1/../../../../arm-none-eabi/lib/thumb/v7e-m+fp/hard\libcr_c.a(_do_fflush.o)
 .comment       0x0000004c       0x4d c:/nxp/mcuxpressoide_11.3.0_5222/ide/plugins/com.nxp.mcuxpresso.tools.win32_11.3.0.202008311133/tools/bin/../lib/gcc/arm-none-eabi/9.3.1/../../../../arm-none-eabi/lib/thumb/v7e-m+fp/hard\libcr_nohost_nf.a(__sys_close.o)
 .comment       0x0000004c       0x4d c:/nxp/mcuxpressoide_11.3.0_5222/ide/plugins/com.nxp.mcuxpresso.tools.win32_11.3.0.202008311133/tools/bin/../lib/gcc/arm-none-eabi/9.3.1/../../../../arm-none-eabi/lib/thumb/v7e-m+fp/hard\libcr_nohost_nf.a(__sys_flen.o)
 .comment       0x0000004c       0x4d c:/nxp/mcuxpressoide_11.3.0_5222/ide/plugins/com.nxp.mcuxpresso.tools.win32_11.3.0.202008311133/tools/bin/../lib/gcc/arm-none-eabi/9.3.1/../../../../arm-none-eabi/lib/thumb/v7e-m+fp/hard\libcr_nohost_nf.a(__sys_istty.o)
 .comment       0x0000004c       0x4d c:/nxp/mcuxpressoide_11.3.0_5222/ide/plugins/com.nxp.mcuxpresso.tools.win32_11.3.0.202008311133/tools/bin/../lib/gcc/arm-none-eabi/9.3.1/../../../../arm-none-eabi/lib/thumb/v7e-m+fp/hard\libcr_nohost_nf.a(__sys_remove.o)
 .comment       0x0000004c       0x4d c:/nxp/mcuxpressoide_11.3.0_5222/ide/plugins/com.nxp.mcuxpresso.tools.win32_11.3.0.202008311133/tools/bin/../lib/gcc/arm-none-eabi/9.3.1/../../../../arm-none-eabi/lib/thumb/v7e-m+fp/hard\libcr_nohost_nf.a(__sys_seek.o)
 .comment       0x0000004c       0x4d c:/nxp/mcuxpressoide_11.3.0_5222/ide/plugins/com.nxp.mcuxpresso.tools.win32_11.3.0.202008311133/tools/bin/../lib/gcc/arm-none-eabi/9.3.1/../../../../arm-none-eabi/lib/thumb/v7e-m+fp/hard\libcr_nohost_nf.a(__sys_tmpnam.o)
 .comment       0x0000004c       0x4d c:/nxp/mcuxpressoide_11.3.0_5222/ide/plugins/com.nxp.mcuxpresso.tools.win32_11.3.0.202008311133/tools/bin/../lib/gcc/arm-none-eabi/9.3.1/../../../../arm-none-eabi/lib/thumb/v7e-m+fp/hard\libcr_nohost_nf.a(__sys_write.o)

.ARM.attributes
                0x00000000       0x32
 .ARM.attributes
                0x00000000       0x34 ./startup/startup_mk64f12.o
 .ARM.attributes
                0x00000034       0x34 ./source/MK64F12_InterruptExample.o
 .ARM.attributes
                0x00000068       0x34 ./source/semihost_hardfault.o
 .ARM.attributes
                0x0000009c       0x34 ./drivers/fsl_i2c.o
 .ARM.attributes
                0x000000d0       0x34 ./drivers/fsl_uart.o
 .ARM.attributes
                0x00000104       0x34 ./device/system_MK64F12.o
 .ARM.attributes
                0x00000138       0x34 c:/nxp/mcuxpressoide_11.3.0_5222/ide/plugins/com.nxp.mcuxpresso.tools.win32_11.3.0.202008311133/tools/bin/../lib/gcc/arm-none-eabi/9.3.1/../../../../arm-none-eabi/lib/thumb/v7e-m+fp/hard\libcr_nohost_nf.a(_cr__main.o)
 .ARM.attributes
                0x0000016c       0x39 c:/nxp/mcuxpressoide_11.3.0_5222/ide/plugins/com.nxp.mcuxpresso.tools.win32_11.3.0.202008311133/tools/bin/../lib/gcc/arm-none-eabi/9.3.1/../../../../arm-none-eabi/lib/thumb/v7e-m+fp/hard\libcr_nohost_nf.a(__ciob.o)
 .ARM.attributes
                0x000001a5       0x34 c:/nxp/mcuxpressoide_11.3.0_5222/ide/plugins/com.nxp.mcuxpresso.tools.win32_11.3.0.202008311133/tools/bin/../lib/gcc/arm-none-eabi/9.3.1/../../../../arm-none-eabi/lib/thumb/v7e-m+fp/hard\libcr_c.a(memset.o)
 .ARM.attributes
                0x000001d9       0x34 c:/nxp/mcuxpressoide_11.3.0_5222/ide/plugins/com.nxp.mcuxpresso.tools.win32_11.3.0.202008311133/tools/bin/../lib/gcc/arm-none-eabi/9.3.1/../../../../arm-none-eabi/lib/thumb/v7e-m+fp/hard\libcr_c.a(_deferredlazyseek.o)
 .ARM.attributes
                0x0000020d       0x34 c:/nxp/mcuxpressoide_11.3.0_5222/ide/plugins/com.nxp.mcuxpresso.tools.win32_11.3.0.202008311133/tools/bin/../lib/gcc/arm-none-eabi/9.3.1/../../../../arm-none-eabi/lib/thumb/v7e-m+fp/hard\libcr_c.a(_fflush.o)
 .ARM.attributes
                0x00000241       0x34 c:/nxp/mcuxpressoide_11.3.0_5222/ide/plugins/com.nxp.mcuxpresso.tools.win32_11.3.0.202008311133/tools/bin/../lib/gcc/arm-none-eabi/9.3.1/../../../../arm-none-eabi/lib/thumb/v7e-m+fp/hard\libcr_c.a(_writebuf.o)
 .ARM.attributes
                0x00000275       0x34 c:/nxp/mcuxpressoide_11.3.0_5222/ide/plugins/com.nxp.mcuxpresso.tools.win32_11.3.0.202008311133/tools/bin/../lib/gcc/arm-none-eabi/9.3.1/../../../../arm-none-eabi/lib/thumb/v7e-m+fp/hard\libcr_c.a(alloc.o)
 .ARM.attributes
                0x000002a9       0x39 c:/nxp/mcuxpressoide_11.3.0_5222/ide/plugins/com.nxp.mcuxpresso.tools.win32_11.3.0.202008311133/tools/bin/../lib/gcc/arm-none-eabi/9.3.1/../../../../arm-none-eabi/lib/thumb/v7e-m+fp/hard\libcr_c.a(errno.o)
 .ARM.attributes
                0x000002e2       0x34 c:/nxp/mcuxpressoide_11.3.0_5222/ide/plugins/com.nxp.mcuxpresso.tools.win32_11.3.0.202008311133/tools/bin/../lib/gcc/arm-none-eabi/9.3.1/../../../../arm-none-eabi/lib/thumb/v7e-m+fp/hard\libcr_c.a(fseek.o)
 .ARM.attributes
                0x00000316       0x34 c:/nxp/mcuxpressoide_11.3.0_5222/ide/plugins/com.nxp.mcuxpresso.tools.win32_11.3.0.202008311133/tools/bin/../lib/gcc/arm-none-eabi/9.3.1/../../../../arm-none-eabi/lib/thumb/v7e-m+fp/hard\libcr_c.a(ftell.o)
 .ARM.attributes
                0x0000034a       0x34 c:/nxp/mcuxpressoide_11.3.0_5222/ide/plugins/com.nxp.mcuxpresso.tools.win32_11.3.0.202008311133/tools/bin/../lib/gcc/arm-none-eabi/9.3.1/../../../../arm-none-eabi/lib/thumb/v7e-m+fp/hard\libcr_c.a(initio.o)
 .ARM.attributes
                0x0000037e       0x34 c:/nxp/mcuxpressoide_11.3.0_5222/ide/plugins/com.nxp.mcuxpresso.tools.win32_11.3.0.202008311133/tools/bin/../lib/gcc/arm-none-eabi/9.3.1/../../../../arm-none-eabi/lib/thumb/v7e-m+fp/hard\libcr_c.a(setvbuf.o)
 .ARM.attributes
                0x000003b2       0x34 c:/nxp/mcuxpressoide_11.3.0_5222/ide/plugins/com.nxp.mcuxpresso.tools.win32_11.3.0.202008311133/tools/bin/../lib/gcc/arm-none-eabi/9.3.1/../../../../arm-none-eabi/lib/thumb/v7e-m+fp/hard\libcr_c.a(strlen.o)
 .ARM.attributes
                0x000003e6       0x34 c:/nxp/mcuxpressoide_11.3.0_5222/ide/plugins/com.nxp.mcuxpresso.tools.win32_11.3.0.202008311133/tools/bin/../lib/gcc/arm-none-eabi/9.3.1/../../../../arm-none-eabi/lib/thumb/v7e-m+fp/hard\libcr_c.a(_fdopen.o)
 .ARM.attributes
                0x0000041a       0x34 c:/nxp/mcuxpressoide_11.3.0_5222/ide/plugins/com.nxp.mcuxpresso.tools.win32_11.3.0.202008311133/tools/bin/../lib/gcc/arm-none-eabi/9.3.1/../../../../arm-none-eabi/lib/thumb/v7e-m+fp/hard\libcr_c.a(fclose.o)
 .ARM.attributes
                0x0000044e       0x34 c:/nxp/mcuxpressoide_11.3.0_5222/ide/plugins/com.nxp.mcuxpresso.tools.win32_11.3.0.202008311133/tools/bin/../lib/gcc/arm-none-eabi/9.3.1/../../../../arm-none-eabi/lib/thumb/v7e-m+fp/hard\libcr_c.a(fflush.o)
 .ARM.attributes
                0x00000482       0x34 c:/nxp/mcuxpressoide_11.3.0_5222/ide/plugins/com.nxp.mcuxpresso.tools.win32_11.3.0.202008311133/tools/bin/../lib/gcc/arm-none-eabi/9.3.1/../../../../arm-none-eabi/lib/thumb/v7e-m+fp/hard\libcr_c.a(remove.o)
 .ARM.attributes
                0x000004b6       0x34 c:/nxp/mcuxpressoide_11.3.0_5222/ide/plugins/com.nxp.mcuxpresso.tools.win32_11.3.0.202008311133/tools/bin/../lib/gcc/arm-none-eabi/9.3.1/../../../../arm-none-eabi/lib/thumb/v7e-m+fp/hard\libcr_c.a(_do_fflush.o)
 .ARM.attributes
                0x000004ea       0x20 c:/nxp/mcuxpressoide_11.3.0_5222/ide/plugins/com.nxp.mcuxpresso.tools.win32_11.3.0.202008311133/tools/bin/../lib/gcc/arm-none-eabi/9.3.1/thumb/v7e-m+fp/hard\libcr_eabihelpers.a(memcpy.o)
 .ARM.attributes
                0x0000050a       0x34 c:/nxp/mcuxpressoide_11.3.0_5222/ide/plugins/com.nxp.mcuxpresso.tools.win32_11.3.0.202008311133/tools/bin/../lib/gcc/arm-none-eabi/9.3.1/../../../../arm-none-eabi/lib/thumb/v7e-m+fp/hard\libcr_nohost_nf.a(__sys_close.o)
 .ARM.attributes
                0x0000053e       0x34 c:/nxp/mcuxpressoide_11.3.0_5222/ide/plugins/com.nxp.mcuxpresso.tools.win32_11.3.0.202008311133/tools/bin/../lib/gcc/arm-none-eabi/9.3.1/../../../../arm-none-eabi/lib/thumb/v7e-m+fp/hard\libcr_nohost_nf.a(__sys_flen.o)
 .ARM.attributes
                0x00000572       0x34 c:/nxp/mcuxpressoide_11.3.0_5222/ide/plugins/com.nxp.mcuxpresso.tools.win32_11.3.0.202008311133/tools/bin/../lib/gcc/arm-none-eabi/9.3.1/../../../../arm-none-eabi/lib/thumb/v7e-m+fp/hard\libcr_nohost_nf.a(__sys_istty.o)
 .ARM.attributes
                0x000005a6       0x34 c:/nxp/mcuxpressoide_11.3.0_5222/ide/plugins/com.nxp.mcuxpresso.tools.win32_11.3.0.202008311133/tools/bin/../lib/gcc/arm-none-eabi/9.3.1/../../../../arm-none-eabi/lib/thumb/v7e-m+fp/hard\libcr_nohost_nf.a(__sys_remove.o)
 .ARM.attributes
                0x000005da       0x34 c:/nxp/mcuxpressoide_11.3.0_5222/ide/plugins/com.nxp.mcuxpresso.tools.win32_11.3.0.202008311133/tools/bin/../lib/gcc/arm-none-eabi/9.3.1/../../../../arm-none-eabi/lib/thumb/v7e-m+fp/hard\libcr_nohost_nf.a(__sys_seek.o)
 .ARM.attributes
                0x0000060e       0x34 c:/nxp/mcuxpressoide_11.3.0_5222/ide/plugins/com.nxp.mcuxpresso.tools.win32_11.3.0.202008311133/tools/bin/../lib/gcc/arm-none-eabi/9.3.1/../../../../arm-none-eabi/lib/thumb/v7e-m+fp/hard\libcr_nohost_nf.a(__sys_tmpnam.o)
 .ARM.attributes
                0x00000642       0x34 c:/nxp/mcuxpressoide_11.3.0_5222/ide/plugins/com.nxp.mcuxpresso.tools.win32_11.3.0.202008311133/tools/bin/../lib/gcc/arm-none-eabi/9.3.1/../../../../arm-none-eabi/lib/thumb/v7e-m+fp/hard\libcr_nohost_nf.a(__sys_write.o)

.debug_frame    0x00000000     0x1874
 .debug_frame   0x00000000      0x8fc ./startup/startup_mk64f12.o
 .debug_frame   0x000008fc      0x104 ./source/MK64F12_InterruptExample.o
 .debug_frame   0x00000a00       0x20 ./source/semihost_hardfault.o
 .debug_frame   0x00000a20      0x694 ./drivers/fsl_i2c.o
 .debug_frame   0x000010b4      0x74c ./drivers/fsl_uart.o
 .debug_frame   0x00001800       0x74 ./device/system_MK64F12.o

Cross Reference Table

Symbol                                            File
ADC0_DriverIRQHandler                             ./startup/startup_mk64f12.o
ADC0_IRQHandler                                   ./startup/startup_mk64f12.o
ADC16_ClearStatusFlags                            ./drivers/fsl_adc16.o
ADC16_Deinit                                      ./drivers/fsl_adc16.o
ADC16_DoAutoCalibration                           ./drivers/fsl_adc16.o
ADC16_GetChannelStatusFlags                       ./drivers/fsl_adc16.o
ADC16_GetDefaultConfig                            ./drivers/fsl_adc16.o
ADC16_GetStatusFlags                              ./drivers/fsl_adc16.o
ADC16_Init                                        ./drivers/fsl_adc16.o
ADC16_SetChannelConfig                            ./drivers/fsl_adc16.o
ADC16_SetChannelMuxMode                           ./drivers/fsl_adc16.o
ADC16_SetHardwareAverage                          ./drivers/fsl_adc16.o
ADC16_SetHardwareCompareConfig                    ./drivers/fsl_adc16.o
ADC1_DriverIRQHandler                             ./startup/startup_mk64f12.o
ADC1_IRQHandler                                   ./startup/startup_mk64f12.o
BOARD_BootClockRUN                                ./board/clock_config.o
BOARD_BootClockVLPR                               ./board/clock_config.o
BOARD_InitACCELPins                               ./board/pin_mux.o
BOARD_InitBootClocks                              ./board/clock_config.o
BOARD_InitBootPeripherals                         ./board/peripherals.o
BOARD_InitBootPins                                ./board/pin_mux.o
BOARD_InitButtonsPins                             ./board/pin_mux.o
BOARD_InitDEBUG_UARTPins                          ./board/pin_mux.o
BOARD_InitDebugConsole                            ./board/board.o
BOARD_InitENETPins                                ./board/pin_mux.o
BOARD_InitLEDsPins                                ./board/pin_mux.o
BOARD_InitOSCPins                                 ./board/pin_mux.o
BOARD_InitPeripherals                             ./board/peripherals.o
BOARD_InitPins                                    ./board/pin_mux.o
BOARD_InitSDHCPins                                ./board/pin_mux.o
BOARD_InitUSBPins                                 ./board/pin_mux.o
BusFault_Handler                                  ./startup/startup_mk64f12.o
CAN0_Bus_Off_IRQHandler                           ./startup/startup_mk64f12.o
CAN0_DriverIRQHandler                             ./startup/startup_mk64f12.o
CAN0_Error_IRQHandler                             ./startup/startup_mk64f12.o
CAN0_ORed_Message_buffer_IRQHandler               ./startup/startup_mk64f12.o
CAN0_Rx_Warning_IRQHandler                        ./startup/startup_mk64f12.o
CAN0_Tx_Warning_IRQHandler                        ./startup/startup_mk64f12.o
CAN0_Wake_Up_IRQHandler                           ./startup/startup_mk64f12.o
CLOCK_BootToBlpeMode                              ./drivers/fsl_clock.o
CLOCK_BootToBlpiMode                              ./drivers/fsl_clock.o
                                                  ./board/clock_config.o
CLOCK_BootToFeeMode                               ./drivers/fsl_clock.o
CLOCK_BootToFeiMode                               ./drivers/fsl_clock.o
CLOCK_BootToPeeMode                               ./drivers/fsl_clock.o
                                                  ./board/clock_config.o
CLOCK_CalcPllDiv                                  ./drivers/fsl_clock.o
CLOCK_ClearStatusFlags                            ./drivers/fsl_clock.o
CLOCK_DeinitOsc0                                  ./drivers/fsl_clock.o
CLOCK_EnablePll0                                  ./drivers/fsl_clock.o
CLOCK_EnableUsbfs0Clock                           ./drivers/fsl_clock.o
                                                  ./board/clock_config.o
CLOCK_ExternalModeToFbeModeQuick                  ./drivers/fsl_clock.o
CLOCK_GetBusClkFreq                               ./drivers/fsl_clock.o
CLOCK_GetCoreSysClkFreq                           ./drivers/fsl_clock.o
                                                  ./board/board.o
CLOCK_GetEr32kClkFreq                             ./drivers/fsl_clock.o
CLOCK_GetFixedFreqClkFreq                         ./drivers/fsl_clock.o
CLOCK_GetFlashClkFreq                             ./drivers/fsl_clock.o
CLOCK_GetFlexBusClkFreq                           ./drivers/fsl_clock.o
CLOCK_GetFllFreq                                  ./drivers/fsl_clock.o
CLOCK_GetFreq                                     ./drivers/fsl_clock.o
CLOCK_GetInternalRefClkFreq                       ./drivers/fsl_clock.o
CLOCK_GetMode                                     ./drivers/fsl_clock.o
CLOCK_GetOsc0ErClkFreq                            ./drivers/fsl_clock.o
CLOCK_GetOutClkFreq                               ./drivers/fsl_clock.o
CLOCK_GetPlatClkFreq                              ./drivers/fsl_clock.o
CLOCK_GetPll0Freq                                 ./drivers/fsl_clock.o
CLOCK_GetPllFllSelClkFreq                         ./drivers/fsl_clock.o
CLOCK_GetStatusFlags                              ./drivers/fsl_clock.o
CLOCK_InitOsc0                                    ./drivers/fsl_clock.o
                                                  ./board/clock_config.o
CLOCK_InternalModeToFbiModeQuick                  ./drivers/fsl_clock.o
CLOCK_SetBlpeMode                                 ./drivers/fsl_clock.o
CLOCK_SetBlpiMode                                 ./drivers/fsl_clock.o
CLOCK_SetExternalRefClkConfig                     ./drivers/fsl_clock.o
CLOCK_SetFastIrcFreq                              ./drivers/fsl_clock.o
CLOCK_SetFbeMode                                  ./drivers/fsl_clock.o
CLOCK_SetFbiMode                                  ./drivers/fsl_clock.o
CLOCK_SetFeeMode                                  ./drivers/fsl_clock.o
CLOCK_SetFeiMode                                  ./drivers/fsl_clock.o
CLOCK_SetInternalRefClkConfig                     ./drivers/fsl_clock.o
                                                  ./board/clock_config.o
CLOCK_SetMcgConfig                                ./drivers/fsl_clock.o
CLOCK_SetOsc0MonitorMode                          ./drivers/fsl_clock.o
CLOCK_SetPbeMode                                  ./drivers/fsl_clock.o
CLOCK_SetPeeMode                                  ./drivers/fsl_clock.o
CLOCK_SetPll0MonitorMode                          ./drivers/fsl_clock.o
CLOCK_SetRtcOscMonitorMode                        ./drivers/fsl_clock.o
CLOCK_SetSimConfig                                ./drivers/fsl_clock.o
                                                  ./board/clock_config.o
CLOCK_SetSlowIrcFreq                              ./drivers/fsl_clock.o
CLOCK_TrimInternalRefClk                          ./drivers/fsl_clock.o
CMP0_DriverIRQHandler                             ./startup/startup_mk64f12.o
CMP0_IRQHandler                                   ./startup/startup_mk64f12.o
CMP1_DriverIRQHandler                             ./startup/startup_mk64f12.o
CMP1_IRQHandler                                   ./startup/startup_mk64f12.o
CMP2_DriverIRQHandler                             ./startup/startup_mk64f12.o
CMP2_IRQHandler                                   ./startup/startup_mk64f12.o
CMT_DriverIRQHandler                              ./startup/startup_mk64f12.o
CMT_IRQHandler                                    ./startup/startup_mk64f12.o
DAC0_DriverIRQHandler                             ./startup/startup_mk64f12.o
DAC0_IRQHandler                                   ./startup/startup_mk64f12.o
DAC1_DriverIRQHandler                             ./startup/startup_mk64f12.o
DAC1_IRQHandler                                   ./startup/startup_mk64f12.o
DMA0_DriverIRQHandler                             ./startup/startup_mk64f12.o
DMA0_IRQHandler                                   ./startup/startup_mk64f12.o
DMA10_DriverIRQHandler                            ./startup/startup_mk64f12.o
DMA10_IRQHandler                                  ./startup/startup_mk64f12.o
DMA11_DriverIRQHandler                            ./startup/startup_mk64f12.o
DMA11_IRQHandler                                  ./startup/startup_mk64f12.o
DMA12_DriverIRQHandler                            ./startup/startup_mk64f12.o
DMA12_IRQHandler                                  ./startup/startup_mk64f12.o
DMA13_DriverIRQHandler                            ./startup/startup_mk64f12.o
DMA13_IRQHandler                                  ./startup/startup_mk64f12.o
DMA14_DriverIRQHandler                            ./startup/startup_mk64f12.o
DMA14_IRQHandler                                  ./startup/startup_mk64f12.o
DMA15_DriverIRQHandler                            ./startup/startup_mk64f12.o
DMA15_IRQHandler                                  ./startup/startup_mk64f12.o
DMA1_DriverIRQHandler                             ./startup/startup_mk64f12.o
DMA1_IRQHandler                                   ./startup/startup_mk64f12.o
DMA2_DriverIRQHandler                             ./startup/startup_mk64f12.o
DMA2_IRQHandler                                   ./startup/startup_mk64f12.o
DMA3_DriverIRQHandler                             ./startup/startup_mk64f12.o
DMA3_IRQHandler                                   ./startup/startup_mk64f12.o
DMA4_DriverIRQHandler                             ./startup/startup_mk64f12.o
DMA4_IRQHandler                                   ./startup/startup_mk64f12.o
DMA5_DriverIRQHandler                             ./startup/startup_mk64f12.o
DMA5_IRQHandler                                   ./startup/startup_mk64f12.o
DMA6_DriverIRQHandler                             ./startup/startup_mk64f12.o
DMA6_IRQHandler                                   ./startup/startup_mk64f12.o
DMA7_DriverIRQHandler                             ./startup/startup_mk64f12.o
DMA7_IRQHandler                                   ./startup/startup_mk64f12.o
DMA8_DriverIRQHandler                             ./startup/startup_mk64f12.o
DMA8_IRQHandler                                   ./startup/startup_mk64f12.o
DMA9_DriverIRQHandler                             ./startup/startup_mk64f12.o
DMA9_IRQHandler                                   ./startup/startup_mk64f12.o
DMA_Error_DriverIRQHandler                        ./startup/startup_mk64f12.o
DMA_Error_IRQHandler                              ./startup/startup_mk64f12.o
DbgConsole_BlockingPrintf                         ./utilities/fsl_debug_console.o
DbgConsole_Deinit                                 ./utilities/fsl_debug_console.o
DbgConsole_EnterLowpower                          ./utilities/fsl_debug_console.o
DbgConsole_ExitLowpower                           ./utilities/fsl_debug_console.o
DbgConsole_Flush                                  ./utilities/fsl_debug_console.o
DbgConsole_Getchar                                ./utilities/fsl_debug_console.o
DbgConsole_Init                                   ./utilities/fsl_debug_console.o
                                                  ./board/board.o
DbgConsole_Printf                                 ./utilities/fsl_debug_console.o
DbgConsole_Putchar                                ./utilities/fsl_debug_console.o
DbgConsole_ReadCharacter                          ./utilities/fsl_debug_console.o
DbgConsole_ReadLine                               ./utilities/fsl_debug_console.o
DbgConsole_ReadOneCharacter                       ./utilities/fsl_debug_console.o
DbgConsole_Scanf                                  ./utilities/fsl_debug_console.o
DbgConsole_SendData                               ./utilities/fsl_debug_console.o
DbgConsole_SendDataReliable                       ./utilities/fsl_debug_console.o
DebugMon_Handler                                  ./startup/startup_mk64f12.o
ENET_1588_Timer_DriverIRQHandler                  ./startup/startup_mk64f12.o
ENET_1588_Timer_IRQHandler                        ./startup/startup_mk64f12.o
ENET_Error_DriverIRQHandler                       ./startup/startup_mk64f12.o
ENET_Error_IRQHandler                             ./startup/startup_mk64f12.o
ENET_Receive_DriverIRQHandler                     ./startup/startup_mk64f12.o
ENET_Receive_IRQHandler                           ./startup/startup_mk64f12.o
ENET_Transmit_DriverIRQHandler                    ./startup/startup_mk64f12.o
ENET_Transmit_IRQHandler                          ./startup/startup_mk64f12.o
FTFE_DriverIRQHandler                             ./startup/startup_mk64f12.o
FTFE_IRQHandler                                   ./startup/startup_mk64f12.o
FTM0_DriverIRQHandler                             ./startup/startup_mk64f12.o
FTM0_IRQHandler                                   ./startup/startup_mk64f12.o
FTM1_DriverIRQHandler                             ./startup/startup_mk64f12.o
FTM1_IRQHandler                                   ./startup/startup_mk64f12.o
FTM2_DriverIRQHandler                             ./startup/startup_mk64f12.o
FTM2_IRQHandler                                   ./startup/startup_mk64f12.o
FTM3_DriverIRQHandler                             ./startup/startup_mk64f12.o
FTM3_IRQHandler                                   ./startup/startup_mk64f12.o
Flash_Config                                      ./startup/startup_mk64f12.o
GPIO_PinInit                                      ./drivers/fsl_gpio.o
                                                  ./board/pin_mux.o
GPIO_PortClearInterruptFlags                      ./drivers/fsl_gpio.o
GPIO_PortGetInterruptFlags                        ./drivers/fsl_gpio.o
HAL_UartDeinit                                    ./component/uart/fsl_adapter_uart.o
                                                  ./component/serial_manager/fsl_component_serial_port_uart.o
HAL_UartEnterLowpower                             ./component/uart/fsl_adapter_uart.o
                                                  ./component/serial_manager/fsl_component_serial_port_uart.o
HAL_UartExitLowpower                              ./component/uart/fsl_adapter_uart.o
                                                  ./component/serial_manager/fsl_component_serial_port_uart.o
HAL_UartInit                                      ./component/uart/fsl_adapter_uart.o
                                                  ./component/serial_manager/fsl_component_serial_port_uart.o
HAL_UartReceiveBlocking                           ./component/uart/fsl_adapter_uart.o
                                                  ./component/serial_manager/fsl_component_serial_port_uart.o
HAL_UartSendBlocking                              ./component/uart/fsl_adapter_uart.o
                                                  ./component/serial_manager/fsl_component_serial_port_uart.o
HardFault_Handler                                 ./source/semihost_hardfault.o
                                                  ./startup/startup_mk64f12.o
I2C0_DriverIRQHandler                             ./drivers/fsl_i2c.o
                                                  ./startup/startup_mk64f12.o
I2C0_IRQHandler                                   ./startup/startup_mk64f12.o
I2C1_DriverIRQHandler                             ./drivers/fsl_i2c.o
                                                  ./startup/startup_mk64f12.o
I2C1_IRQHandler                                   ./startup/startup_mk64f12.o
I2C2_DriverIRQHandler                             ./drivers/fsl_i2c.o
                                                  ./startup/startup_mk64f12.o
I2C2_IRQHandler                                   ./startup/startup_mk64f12.o
I2C_DisableInterrupts                             ./drivers/fsl_i2c.o
I2C_EnableInterrupts                              ./drivers/fsl_i2c.o
I2C_GetInstance                                   ./drivers/fsl_i2c.o
I2C_MasterDeinit                                  ./drivers/fsl_i2c.o
I2C_MasterGetDefaultConfig                        ./drivers/fsl_i2c.o
I2C_MasterGetStatusFlags                          ./drivers/fsl_i2c.o
I2C_MasterInit                                    ./drivers/fsl_i2c.o
I2C_MasterReadBlocking                            ./drivers/fsl_i2c.o
I2C_MasterRepeatedStart                           ./drivers/fsl_i2c.o
I2C_MasterSetBaudRate                             ./drivers/fsl_i2c.o
I2C_MasterStart                                   ./drivers/fsl_i2c.o
I2C_MasterStop                                    ./drivers/fsl_i2c.o
I2C_MasterTransferAbort                           ./drivers/fsl_i2c.o
I2C_MasterTransferBlocking                        ./drivers/fsl_i2c.o
I2C_MasterTransferCreateHandle                    ./drivers/fsl_i2c.o
I2C_MasterTransferGetCount                        ./drivers/fsl_i2c.o
I2C_MasterTransferHandleIRQ                       ./drivers/fsl_i2c.o
I2C_MasterTransferNonBlocking                     ./drivers/fsl_i2c.o
I2C_MasterWriteBlocking                           ./drivers/fsl_i2c.o
I2C_SlaveDeinit                                   ./drivers/fsl_i2c.o
I2C_SlaveGetDefaultConfig                         ./drivers/fsl_i2c.o
I2C_SlaveInit                                     ./drivers/fsl_i2c.o
I2C_SlaveReadBlocking                             ./drivers/fsl_i2c.o
I2C_SlaveTransferAbort                            ./drivers/fsl_i2c.o
I2C_SlaveTransferCreateHandle                     ./drivers/fsl_i2c.o
I2C_SlaveTransferGetCount                         ./drivers/fsl_i2c.o
I2C_SlaveTransferHandleIRQ                        ./drivers/fsl_i2c.o
I2C_SlaveTransferNonBlocking                      ./drivers/fsl_i2c.o
I2C_SlaveWriteBlocking                            ./drivers/fsl_i2c.o
I2S0_Rx_DriverIRQHandler                          ./startup/startup_mk64f12.o
I2S0_Rx_IRQHandler                                ./startup/startup_mk64f12.o
I2S0_Tx_DriverIRQHandler                          ./startup/startup_mk64f12.o
I2S0_Tx_IRQHandler                                ./startup/startup_mk64f12.o
IntDefaultHandler                                 ./startup/startup_mk64f12.o
LIST_AddHead                                      ./component/lists/fsl_component_generic_list.o
LIST_AddPrevElement                               ./component/lists/fsl_component_generic_list.o
LIST_AddTail                                      ./component/lists/fsl_component_generic_list.o
LIST_GetAvailableSize                             ./component/lists/fsl_component_generic_list.o
LIST_GetHead                                      ./component/lists/fsl_component_generic_list.o
LIST_GetList                                      ./component/lists/fsl_component_generic_list.o
LIST_GetNext                                      ./component/lists/fsl_component_generic_list.o
LIST_GetPrev                                      ./component/lists/fsl_component_generic_list.o
LIST_GetSize                                      ./component/lists/fsl_component_generic_list.o
LIST_Init                                         ./component/lists/fsl_component_generic_list.o
LIST_RemoveElement                                ./component/lists/fsl_component_generic_list.o
LIST_RemoveHead                                   ./component/lists/fsl_component_generic_list.o
LLWU_DriverIRQHandler                             ./startup/startup_mk64f12.o
LLWU_IRQHandler                                   ./startup/startup_mk64f12.o
LPTMR0_DriverIRQHandler                           ./startup/startup_mk64f12.o
LPTMR0_IRQHandler                                 ./startup/startup_mk64f12.o
LVD_LVW_DriverIRQHandler                          ./startup/startup_mk64f12.o
LVD_LVW_IRQHandler                                ./startup/startup_mk64f12.o
MCG_DriverIRQHandler                              ./startup/startup_mk64f12.o
MCG_IRQHandler                                    ./startup/startup_mk64f12.o
MCM_DriverIRQHandler                              ./startup/startup_mk64f12.o
MCM_IRQHandler                                    ./startup/startup_mk64f12.o
MemManage_Handler                                 ./startup/startup_mk64f12.o
NMI_Handler                                       ./startup/startup_mk64f12.o
PDB0_DriverIRQHandler                             ./startup/startup_mk64f12.o
PDB0_IRQHandler                                   ./startup/startup_mk64f12.o
PIT0_DriverIRQHandler                             ./startup/startup_mk64f12.o
PIT0_IRQHandler                                   ./startup/startup_mk64f12.o
PIT1_DriverIRQHandler                             ./startup/startup_mk64f12.o
PIT1_IRQHandler                                   ./startup/startup_mk64f12.o
PIT2_DriverIRQHandler                             ./startup/startup_mk64f12.o
PIT2_IRQHandler                                   ./startup/startup_mk64f12.o
PIT3_DriverIRQHandler                             ./startup/startup_mk64f12.o
PIT3_IRQHandler                                   ./startup/startup_mk64f12.o
PORTA_DriverIRQHandler                            ./startup/startup_mk64f12.o
PORTA_IRQHandler                                  ./source/MK64F12_InterruptExample.o
                                                  ./startup/startup_mk64f12.o
PORTB_DriverIRQHandler                            ./startup/startup_mk64f12.o
PORTB_IRQHandler                                  ./startup/startup_mk64f12.o
PORTC_DriverIRQHandler                            ./startup/startup_mk64f12.o
PORTC_IRQHandler                                  ./startup/startup_mk64f12.o
PORTD_DriverIRQHandler                            ./startup/startup_mk64f12.o
PORTD_IRQHandler                                  ./startup/startup_mk64f12.o
PORTE_DriverIRQHandler                            ./startup/startup_mk64f12.o
PORTE_IRQHandler                                  ./startup/startup_mk64f12.o
PendSV_Handler                                    ./startup/startup_mk64f12.o
RNG_DriverIRQHandler                              ./startup/startup_mk64f12.o
RNG_IRQHandler                                    ./startup/startup_mk64f12.o
RTC_DriverIRQHandler                              ./startup/startup_mk64f12.o
RTC_IRQHandler                                    ./startup/startup_mk64f12.o
RTC_Seconds_DriverIRQHandler                      ./startup/startup_mk64f12.o
RTC_Seconds_IRQHandler                            ./startup/startup_mk64f12.o
Read_Collision_DriverIRQHandler                   ./startup/startup_mk64f12.o
Read_Collision_IRQHandler                         ./startup/startup_mk64f12.o
Reserved71_DriverIRQHandler                       ./startup/startup_mk64f12.o
Reserved71_IRQHandler                             ./startup/startup_mk64f12.o
ResetISR                                          ./startup/startup_mk64f12.o
SDHC_DriverIRQHandler                             ./startup/startup_mk64f12.o
SDHC_IRQHandler                                   ./startup/startup_mk64f12.o
SDK_DelayAtLeastUs                                ./drivers/fsl_common_arm.o
SDK_Free                                          ./drivers/fsl_common.o
SDK_Malloc                                        ./drivers/fsl_common.o
SMC_PostExitStopModes                             ./drivers/fsl_smc.o
SMC_PostExitWaitModes                             ./drivers/fsl_smc.o
SMC_PreEnterStopModes                             ./drivers/fsl_smc.o
SMC_PreEnterWaitModes                             ./drivers/fsl_smc.o
SMC_SetPowerModeLls                               ./drivers/fsl_smc.o
SMC_SetPowerModeRun                               ./drivers/fsl_smc.o
SMC_SetPowerModeStop                              ./drivers/fsl_smc.o
SMC_SetPowerModeVlls                              ./drivers/fsl_smc.o
SMC_SetPowerModeVlpr                              ./drivers/fsl_smc.o
                                                  ./board/clock_config.o
SMC_SetPowerModeVlps                              ./drivers/fsl_smc.o
SMC_SetPowerModeVlpw                              ./drivers/fsl_smc.o
SMC_SetPowerModeWait                              ./drivers/fsl_smc.o
SPI0_DriverIRQHandler                             ./startup/startup_mk64f12.o
SPI0_IRQHandler                                   ./startup/startup_mk64f12.o
SPI1_DriverIRQHandler                             ./startup/startup_mk64f12.o
SPI1_IRQHandler                                   ./startup/startup_mk64f12.o
SPI2_DriverIRQHandler                             ./startup/startup_mk64f12.o
SPI2_IRQHandler                                   ./startup/startup_mk64f12.o
SVC_Handler                                       ./startup/startup_mk64f12.o
SWI_DriverIRQHandler                              ./startup/startup_mk64f12.o
SWI_IRQHandler                                    ./startup/startup_mk64f12.o
SerialManager_CloseReadHandle                     ./component/serial_manager/fsl_component_serial_manager.o
                                                  ./utilities/fsl_debug_console.o
SerialManager_CloseWriteHandle                    ./component/serial_manager/fsl_component_serial_manager.o
                                                  ./utilities/fsl_debug_console.o
SerialManager_Deinit                              ./component/serial_manager/fsl_component_serial_manager.o
                                                  ./utilities/fsl_debug_console.o
SerialManager_EnterLowpower                       ./component/serial_manager/fsl_component_serial_manager.o
                                                  ./utilities/fsl_debug_console.o
SerialManager_ExitLowpower                        ./component/serial_manager/fsl_component_serial_manager.o
                                                  ./utilities/fsl_debug_console.o
SerialManager_Init                                ./component/serial_manager/fsl_component_serial_manager.o
                                                  ./utilities/fsl_debug_console.o
SerialManager_OpenReadHandle                      ./component/serial_manager/fsl_component_serial_manager.o
                                                  ./utilities/fsl_debug_console.o
SerialManager_OpenWriteHandle                     ./component/serial_manager/fsl_component_serial_manager.o
                                                  ./utilities/fsl_debug_console.o
SerialManager_ReadBlocking                        ./component/serial_manager/fsl_component_serial_manager.o
                                                  ./utilities/fsl_debug_console.o
SerialManager_WriteBlocking                       ./component/serial_manager/fsl_component_serial_manager.o
                                                  ./utilities/fsl_debug_console.o
Serial_UartDeinit                                 ./component/serial_manager/fsl_component_serial_port_uart.o
                                                  ./component/serial_manager/fsl_component_serial_manager.o
Serial_UartEnterLowpower                          ./component/serial_manager/fsl_component_serial_port_uart.o
                                                  ./component/serial_manager/fsl_component_serial_manager.o
Serial_UartExitLowpower                           ./component/serial_manager/fsl_component_serial_port_uart.o
                                                  ./component/serial_manager/fsl_component_serial_manager.o
Serial_UartInit                                   ./component/serial_manager/fsl_component_serial_port_uart.o
                                                  ./component/serial_manager/fsl_component_serial_manager.o
Serial_UartRead                                   ./component/serial_manager/fsl_component_serial_port_uart.o
                                                  ./component/serial_manager/fsl_component_serial_manager.o
Serial_UartWrite                                  ./component/serial_manager/fsl_component_serial_port_uart.o
                                                  ./component/serial_manager/fsl_component_serial_manager.o
StrFormatPrintf                                   ./utilities/fsl_str.o
                                                  ./utilities/fsl_debug_console.o
StrFormatScanf                                    ./utilities/fsl_str.o
                                                  ./utilities/fsl_debug_console.o
SysTick_Handler                                   ./startup/startup_mk64f12.o
SystemCoreClock                                   ./device/system_MK64F12.o
                                                  ./board/clock_config.o
SystemCoreClockUpdate                             ./device/system_MK64F12.o
SystemInit                                        ./device/system_MK64F12.o
                                                  ./startup/startup_mk64f12.o
SystemInitHook                                    ./device/system_MK64F12.o
UART0_DriverIRQHandler                            ./drivers/fsl_uart.o
UART0_ERR_DriverIRQHandler                        ./startup/startup_mk64f12.o
UART0_ERR_IRQHandler                              ./startup/startup_mk64f12.o
UART0_LON_DriverIRQHandler                        ./startup/startup_mk64f12.o
UART0_LON_IRQHandler                              ./startup/startup_mk64f12.o
UART0_RX_TX_DriverIRQHandler                      ./drivers/fsl_uart.o
                                                  ./startup/startup_mk64f12.o
UART0_RX_TX_IRQHandler                            ./startup/startup_mk64f12.o
UART1_DriverIRQHandler                            ./drivers/fsl_uart.o
UART1_ERR_DriverIRQHandler                        ./startup/startup_mk64f12.o
UART1_ERR_IRQHandler                              ./startup/startup_mk64f12.o
UART1_RX_TX_DriverIRQHandler                      ./drivers/fsl_uart.o
                                                  ./startup/startup_mk64f12.o
UART1_RX_TX_IRQHandler                            ./startup/startup_mk64f12.o
UART2_DriverIRQHandler                            ./drivers/fsl_uart.o
UART2_ERR_DriverIRQHandler                        ./startup/startup_mk64f12.o
UART2_ERR_IRQHandler                              ./startup/startup_mk64f12.o
UART2_RX_TX_DriverIRQHandler                      ./drivers/fsl_uart.o
                                                  ./startup/startup_mk64f12.o
UART2_RX_TX_IRQHandler                            ./startup/startup_mk64f12.o
UART3_DriverIRQHandler                            ./drivers/fsl_uart.o
UART3_ERR_DriverIRQHandler                        ./startup/startup_mk64f12.o
UART3_ERR_IRQHandler                              ./startup/startup_mk64f12.o
UART3_RX_TX_DriverIRQHandler                      ./drivers/fsl_uart.o
                                                  ./startup/startup_mk64f12.o
UART3_RX_TX_IRQHandler                            ./startup/startup_mk64f12.o
UART4_DriverIRQHandler                            ./drivers/fsl_uart.o
UART4_ERR_DriverIRQHandler                        ./startup/startup_mk64f12.o
UART4_ERR_IRQHandler                              ./startup/startup_mk64f12.o
UART4_RX_TX_DriverIRQHandler                      ./drivers/fsl_uart.o
                                                  ./startup/startup_mk64f12.o
UART4_RX_TX_IRQHandler                            ./startup/startup_mk64f12.o