C:\Users\SANTIAGO RUA PEREZ\OneDrive\Documents\Docencia\UdeM\2021\2021-02\Sistemas Embebidos\03_Software\K64FRDM_Workspace\MK64F12_UART_Arduino\drivers/fsl_uart.h:653:20:UART_WriteByte	16	static
C:\Users\SANTIAGO RUA PEREZ\OneDrive\Documents\Docencia\UdeM\2021\2021-02\Sistemas Embebidos\03_Software\K64FRDM_Workspace\MK64F12_UART_Arduino\drivers/fsl_uart.h:667:23:UART_ReadByte	16	static
C:\Users\SANTIAGO RUA PEREZ\OneDrive\Documents\Docencia\UdeM\2021\2021-02\Sistemas Embebidos\03_Software\K64FRDM_Workspace\MK64F12_UART_Arduino\drivers/fsl_pit.h:207:24:PIT_GetStatusFlags	16	static
C:\Users\SANTIAGO RUA PEREZ\OneDrive\Documents\Docencia\UdeM\2021\2021-02\Sistemas Embebidos\03_Software\K64FRDM_Workspace\MK64F12_UART_Arduino\drivers/fsl_pit.h:220:20:PIT_ClearStatusFlags	24	static
../source/MK64F12_UART_Arduino.c:14:5:main	8	static
../source/MK64F12_UART_Arduino.c:43:6:PIT0_IRQHandler	16	static
