C:\Users\SANTIAGO RUA PEREZ\OneDrive\Documents\Docencia\UdeM\2021\2021-02\Sistemas Embebidos\03_Software\K64FRDM_Workspace\MK64F12_SPI_Termocouple_SDK\drivers/fsl_clock.h:668:20:CLOCK_EnableClock	24	static
C:\Users\SANTIAGO RUA PEREZ\OneDrive\Documents\Docencia\UdeM\2021\2021-02\Sistemas Embebidos\03_Software\K64FRDM_Workspace\MK64F12_SPI_Termocouple_SDK\drivers/fsl_port.h:271:20:PORT_SetPinConfig	32	static
C:\Users\SANTIAGO RUA PEREZ\OneDrive\Documents\Docencia\UdeM\2021\2021-02\Sistemas Embebidos\03_Software\K64FRDM_Workspace\MK64F12_SPI_Termocouple_SDK\drivers/fsl_port.h:374:20:PORT_SetPinMux	24	static
C:\Users\SANTIAGO RUA PEREZ\OneDrive\Documents\Docencia\UdeM\2021\2021-02\Sistemas Embebidos\03_Software\K64FRDM_Workspace\MK64F12_SPI_Termocouple_SDK\drivers/fsl_port.h:443:20:PORT_SetPinInterruptConfig	24	static
../board/pin_mux.c:132:6:BOARD_InitBootPins	8	static
../board/pin_mux.c:159:6:BOARD_InitPins	8	static
../board/pin_mux.c:218:6:BOARD_InitButtonsPins	24	static
../board/pin_mux.c:302:6:BOARD_InitLEDsPins	32	static
../board/pin_mux.c:402:6:BOARD_InitDEBUG_UARTPins	16	static
../board/pin_mux.c:469:6:BOARD_InitOSCPins	8	static
../board/pin_mux.c:502:6:BOARD_InitACCELPins	32	static
../board/pin_mux.c:628:6:BOARD_InitENETPins	48	static
../board/pin_mux.c:843:6:BOARD_InitSDHCPins	40	static
../board/pin_mux.c:993:6:BOARD_InitUSBPins	4	static
