core_cm4.h:1679:22:__NVIC_EnableIRQ	16	static
core_cm4.h:1770:22:__NVIC_ClearPendingIRQ	16	static
core_cm4.h:1809:22:__NVIC_SetPriority	16	static
MK64F12_FSM_PIT_Interrupt.c:33:5:main	8	static
MK64F12_FSM_PIT_Interrupt.c:50:6:init_rgb	4	static
MK64F12_FSM_PIT_Interrupt.c:69:6:init_switch	8	static
MK64F12_FSM_PIT_Interrupt.c:92:6:PORTA_IRQHandler	4	static
MK64F12_FSM_PIT_Interrupt.c:100:6:PORTC_IRQHandler	4	static
MK64F12_FSM_PIT_Interrupt.c:117:6:PIT0_IRQHandler	4	static
MK64F12_FSM_PIT_Interrupt.c:129:6:Task_RGB_FSM_Timer	8	static
MK64F12_FSM_PIT_Interrupt.c:181:6:Task_WB_FSM_Timer	8	static
MK64F12_FSM_PIT_Interrupt.c:221:6:Control_RGB_LEDs	16	static
MK64F12_FSM_PIT_Interrupt.c:240:6:Init_PIT	16	static
MK64F12_FSM_PIT_Interrupt.c:264:6:Start_PIT	16	static
MK64F12_FSM_PIT_Interrupt.c:269:6:Stop_PIT	16	static
