Archive member included to satisfy reference by file (symbol)

c:/nxp/mcuxpressoide_11.4.0_6224/ide/plugins/com.nxp.mcuxpresso.tools.win32_11.4.0.202103011116/tools/bin/../lib/gcc/arm-none-eabi/10.2.1/../../../../arm-none-eabi/lib/thumb/v7e-m+fp/hard\libcr_nohost_nf.a(_cr__main.o)
                              ./startup/startup_mk64f12.o (__main)
c:/nxp/mcuxpressoide_11.4.0_6224/ide/plugins/com.nxp.mcuxpresso.tools.win32_11.4.0.202103011116/tools/bin/../lib/gcc/arm-none-eabi/10.2.1/../../../../arm-none-eabi/lib/thumb/v7e-m+fp/hard\libcr_c.a(memcpy.o)
                              ./drivers/fsl_ftfx_cache.o (memcpy)
c:/nxp/mcuxpressoide_11.4.0_6224/ide/plugins/com.nxp.mcuxpresso.tools.win32_11.4.0.202103011116/tools/bin/../lib/gcc/arm-none-eabi/10.2.1/../../../../arm-none-eabi/lib/thumb/v7e-m+fp/hard\libcr_c.a(memset.o)
                              ./drivers/fsl_ftfx_cache.o (memset)
c:/nxp/mcuxpressoide_11.4.0_6224/ide/plugins/com.nxp.mcuxpresso.tools.win32_11.4.0.202103011116/tools/bin/../lib/gcc/arm-none-eabi/10.2.1/../../../../arm-none-eabi/lib/thumb/v7e-m+fp/hard\libcr_c.a(alloc.o)
                              ./drivers/fsl_common.o (malloc)
c:/nxp/mcuxpressoide_11.4.0_6224/ide/plugins/com.nxp.mcuxpresso.tools.win32_11.4.0.202103011116/tools/bin/../lib/gcc/arm-none-eabi/10.2.1/../../../../arm-none-eabi/lib/thumb/v7e-m+fp/hard\libcr_c.a(initio.o)
                              c:/nxp/mcuxpressoide_11.4.0_6224/ide/plugins/com.nxp.mcuxpresso.tools.win32_11.4.0.202103011116/tools/bin/../lib/gcc/arm-none-eabi/10.2.1/../../../../arm-none-eabi/lib/thumb/v7e-m+fp/hard\libcr_nohost_nf.a(_cr__main.o) (_initio)
c:/nxp/mcuxpressoide_11.4.0_6224/ide/plugins/com.nxp.mcuxpresso.tools.win32_11.4.0.202103011116/tools/bin/../lib/gcc/arm-none-eabi/10.2.1/../../../../arm-none-eabi/lib/thumb/v7e-m+fp/hard\libcr_c.a(setvbuf.o)
                              c:/nxp/mcuxpressoide_11.4.0_6224/ide/plugins/com.nxp.mcuxpresso.tools.win32_11.4.0.202103011116/tools/bin/../lib/gcc/arm-none-eabi/10.2.1/../../../../arm-none-eabi/lib/thumb/v7e-m+fp/hard\libcr_c.a(initio.o) (setvbuf)
c:/nxp/mcuxpressoide_11.4.0_6224/ide/plugins/com.nxp.mcuxpresso.tools.win32_11.4.0.202103011116/tools/bin/../lib/gcc/arm-none-eabi/10.2.1/../../../../arm-none-eabi/lib/thumb/v7e-m+fp/hard\libcr_c.a(strlen.o)
                              ./utilities/fsl_debug_console.o (strlen)
c:/nxp/mcuxpressoide_11.4.0_6224/ide/plugins/com.nxp.mcuxpresso.tools.win32_11.4.0.202103011116/tools/bin/../lib/gcc/arm-none-eabi/10.2.1/../../../../arm-none-eabi/lib/thumb/v7e-m+fp/hard\libcr_c.a(__init_alloc.o)
                              c:/nxp/mcuxpressoide_11.4.0_6224/ide/plugins/com.nxp.mcuxpresso.tools.win32_11.4.0.202103011116/tools/bin/../lib/gcc/arm-none-eabi/10.2.1/../../../../arm-none-eabi/lib/thumb/v7e-m+fp/hard\libcr_c.a(alloc.o) (__heaps)
c:/nxp/mcuxpressoide_11.4.0_6224/ide/plugins/com.nxp.mcuxpresso.tools.win32_11.4.0.202103011116/tools/bin/../lib/gcc/arm-none-eabi/10.2.1/../../../../arm-none-eabi/lib/thumb/v7e-m+fp/hard\libcr_c.a(_cr_sbrk.o)
                              c:/nxp/mcuxpressoide_11.4.0_6224/ide/plugins/com.nxp.mcuxpresso.tools.win32_11.4.0.202103011116/tools/bin/../lib/gcc/arm-none-eabi/10.2.1/../../../../arm-none-eabi/lib/thumb/v7e-m+fp/hard\libcr_c.a(alloc.o) (_sbrk)
c:/nxp/mcuxpressoide_11.4.0_6224/ide/plugins/com.nxp.mcuxpresso.tools.win32_11.4.0.202103011116/tools/bin/../lib/gcc/arm-none-eabi/10.2.1/../../../../arm-none-eabi/lib/thumb/v7e-m+fp/hard\libcr_c.a(_fdopen.o)
                              c:/nxp/mcuxpressoide_11.4.0_6224/ide/plugins/com.nxp.mcuxpresso.tools.win32_11.4.0.202103011116/tools/bin/../lib/gcc/arm-none-eabi/10.2.1/../../../../arm-none-eabi/lib/thumb/v7e-m+fp/hard\libcr_c.a(initio.o) (_fdopen)
c:/nxp/mcuxpressoide_11.4.0_6224/ide/plugins/com.nxp.mcuxpresso.tools.win32_11.4.0.202103011116/tools/bin/../lib/gcc/arm-none-eabi/10.2.1/../../../../arm-none-eabi/lib/thumb/v7e-m+fp/hard\libcr_c.a(errno.o)
                              c:/nxp/mcuxpressoide_11.4.0_6224/ide/plugins/com.nxp.mcuxpresso.tools.win32_11.4.0.202103011116/tools/bin/../lib/gcc/arm-none-eabi/10.2.1/../../../../arm-none-eabi/lib/thumb/v7e-m+fp/hard\libcr_c.a(_cr_sbrk.o) (errno)
c:/nxp/mcuxpressoide_11.4.0_6224/ide/plugins/com.nxp.mcuxpresso.tools.win32_11.4.0.202103011116/tools/bin/../lib/gcc/arm-none-eabi/10.2.1/../../../../arm-none-eabi/lib/thumb/v7e-m+fp/hard\libcr_c.a(fclose.o)
                              c:/nxp/mcuxpressoide_11.4.0_6224/ide/plugins/com.nxp.mcuxpresso.tools.win32_11.4.0.202103011116/tools/bin/../lib/gcc/arm-none-eabi/10.2.1/../../../../arm-none-eabi/lib/thumb/v7e-m+fp/hard\libcr_c.a(initio.o) (fclose)
c:/nxp/mcuxpressoide_11.4.0_6224/ide/plugins/com.nxp.mcuxpresso.tools.win32_11.4.0.202103011116/tools/bin/../lib/gcc/arm-none-eabi/10.2.1/../../../../arm-none-eabi/lib/thumb/v7e-m+fp/hard\libcr_c.a(fflush.o)
[...]
Memory Configuration

Name             Origin             Length             Attributes
PROGRAM_FLASH    0x00000000         0x00100000         xr
SRAM_UPPER       0x20000000         0x00030000         xrw
SRAM_LOWER       0x1fff0000         0x00010000         xrw
FLEX_RAM         0x14000000         0x00001000         xrw
*default*        0x00000000         0xffffffff

Linker script and memory map

LOAD ./utilities/fsl_assert.o
LOAD ./utilities/fsl_debug_console.o
LOAD ./startup/startup_mk64f12.o
LOAD ./source/hello_world.o
LOAD ./source/semihost_hardfault.o
LOAD ./drivers/fsl_clock.o
LOAD ./drivers/fsl_common.o
LOAD ./drivers/fsl_common_arm.o
LOAD ./drivers/fsl_ftfx_cache.o
LOAD ./drivers/fsl_ftfx_controller.o
LOAD ./drivers/fsl_ftfx_flash.o
LOAD ./drivers/fsl_ftfx_flexnvm.o
LOAD ./drivers/fsl_gpio.o
LOAD ./drivers/fsl_smc.o
LOAD ./drivers/fsl_uart.o
LOAD ./device/system_MK64F12.o
LOAD ./component/uart/fsl_adapter_uart.o
LOAD ./component/lists/fsl_component_generic_list.o
LOAD ./board/board.o
LOAD ./board/clock_config.o
LOAD ./board/pin_mux.o
START GROUP
LOAD c:/nxp/mcuxpressoide_11.4.0_6224/ide/plugins/com.nxp.mcuxpresso.tools.win32_11.4.0.202103011116/tools/bin/../lib/gcc/arm-none-eabi/10.2.1/../../../../arm-none-eabi/lib/thumb/v7e-m+fp/hard\libcr_nohost_nf.a
LOAD c:/nxp/mcuxpressoide_11.4.0_6224/ide/plugins/com.nxp.mcuxpresso.tools.win32_11.4.0.202103011116/tools/bin/../lib/gcc/arm-none-eabi/10.2.1/../../../../arm-none-eabi/lib/thumb/v7e-m+fp/hard\libcr_c.a
LOAD c:/nxp/mcuxpressoide_11.4.0_6224/ide/plugins/com.nxp.mcuxpresso.tools.win32_11.4.0.202103011116/tools/bin/../lib/gcc/arm-none-eabi/10.2.1/thumb/v7e-m+fp/hard\libcr_eabihelpers.a
LOAD c:/nxp/mcuxpressoide_11.4.0_6224/ide/plugins/com.nxp.mcuxpresso.tools.win32_11.4.0.202103011116/tools/bin/../lib/gcc/arm-none-eabi/10.2.1/thumb/v7e-m+fp/hard\libgcc.a
END GROUP
                0x00000000                __base_PROGRAM_FLASH = 0x0
                0x00000000                __base_Flash = 0x0
                0x00100000                __top_PROGRAM_FLASH = 0x100000
                0x00100000                __top_Flash = 0x100000
                0x20000000                __base_SRAM_UPPER = 0x20000000
                0x20000000                __base_RAM = 0x20000000
                0x20030000                __top_SRAM_UPPER = 0x20030000
                0x20030000                __top_RAM = 0x20030000
                0x1fff0000                __base_SRAM_LOWER = 0x1fff0000
                0x1fff0000                __base_RAM2 = 0x1fff0000
                0x20000000                __top_SRAM_LOWER = 0x20000000
                0x20000000                __top_RAM2 = 0x20000000
                0x14000000                __base_FLEX_RAM = 0x14000000
                0x14000000                __base_RAM3 = 0x14000000
                0x14001000                __top_FLEX_RAM = 0x14001000
                0x14001000                __top_RAM3 = 0x14001000

.text           0x00000000     0x2ae0
 FILL mask 0xff
                0x00000000                __vectors_start__ = ABSOLUTE (.)
 *(SORT_BY_ALIGNMENT(.isr_vector))
 .isr_vector    0x00000000      0x198 ./startup/startup_mk64f12.o
                0x00000000                g_pfnVectors
                0x00000000                __Vectors
                0x00000198                . = ALIGN (0x4)
                0x00000198                __section_table_start = .
                0x00000198                __data_section_table = .
                0x00000198        0x4 LONG 0x2ae0 LOADADDR (.data)
                0x0000019c        0x4 LONG 0x20000000 ADDR (.data)
                0x000001a0        0x4 LONG 0x10 SIZEOF (.data)
                0x000001a4        0x4 LONG 0x2ae0 LOADADDR (.data_RAM2)
                0x000001a8        0x4 LONG 0x1fff0000 ADDR (.data_RAM2)
                0x000001ac        0x4 LONG 0x0 SIZEOF (.data_RAM2)
                0x000001b0        0x4 LONG 0x2ae0 LOADADDR (.data_RAM3)
                0x000001b4        0x4 LONG 0x14000000 ADDR (.data_RAM3)
                0x000001b8        0x4 LONG 0x0 SIZEOF (.data_RAM3)
                0x000001bc                __data_section_table_end = .
                0x000001bc                __bss_section_table = .
                0x000001bc        0x4 LONG 0x20000010 ADDR (.bss)
                0x000001c0        0x4 LONG 0xf0 SIZEOF (.bss)
                0x000001c4        0x4 LONG 0x1fff0000 ADDR (.bss_RAM2)
                0x000001c8        0x4 LONG 0x0 SIZEOF (.bss_RAM2)
                0x000001cc        0x4 LONG 0x14000000 ADDR (.bss_RAM3)
                0x000001d0        0x4 LONG 0x0 SIZEOF (.bss_RAM3)
                0x000001d4                __bss_section_table_end = .
                0x000001d4                __section_table_end = .
 *(SORT_BY_ALIGNMENT(.after_vectors*))
 .after_vectors.reset
                0x000001d4       0x4c ./startup/startup_mk64f12.o
                0x000001d4                ResetISR
 .after_vectors.init_data
                0x00000220       0x1e ./startup/startup_mk64f12.o
                0x00000220                data_init
 .after_vectors.init_bss
                0x0000023e       0x12 ./startup/startup_mk64f12.o
                0x0000023e                bss_init
 .after_vectors
                0x00000250       0x14 ./startup/startup_mk64f12.o
                0x00000250                NMI_Handler
                0x00000254                MemManage_Handler
                0x00000256                BusFault_Handler
                0x00000258                UsageFault_Handler
                0x0000025a                SVC_Handler
                0x0000025c                DebugMon_Handler
                0x0000025e                PendSV_Handler
                0x00000260                SysTick_Handler
                0x00000262                DMA_Error_DriverIRQHandler
                0x00000262                LPTMR0_DriverIRQHandler
                0x00000262                FTM1_DriverIRQHandler
                0x00000262                FTM2_DriverIRQHandler
                0x00000262                PIT2_DriverIRQHandler
                0x00000262                SDHC_DriverIRQHandler
                0x00000262                I2S0_Tx_DriverIRQHandler
                0x00000262                RTC_Seconds_DriverIRQHandler
                0x00000262                DMA6_DriverIRQHandler
                0x00000262                LLWU_DriverIRQHandler
                0x00000262                MCM_DriverIRQHandler
                0x00000262                MCG_DriverIRQHandler
                0x00000262                ENET_1588_Timer_DriverIRQHandler
                0x00000262                I2C2_DriverIRQHandler
                0x00000262                DAC1_DriverIRQHandler
                0x00000262                SPI1_DriverIRQHandler
                0x00000262                CMP1_DriverIRQHandler
                0x00000262                FTM0_DriverIRQHandler
                0x00000262                IntDefaultHandler
                0x00000262                USB0_DriverIRQHandler
                0x00000262                UART5_ERR_DriverIRQHandler
                0x00000262                PORTC_DriverIRQHandler
                0x00000262                DMA11_DriverIRQHandler
                0x00000262                DAC0_DriverIRQHandler
                0x00000262                DMA10_DriverIRQHandler
                0x00000262                CMP2_DriverIRQHandler
                0x00000262                UART2_ERR_DriverIRQHandler
                0x00000262                SPI2_DriverIRQHandler
                0x00000262                LVD_LVW_DriverIRQHandler
                0x00000262                PIT0_DriverIRQHandler
                0x00000262                DMA12_DriverIRQHandler
                0x00000262                DMA5_DriverIRQHandler
                0x00000262                DMA4_DriverIRQHandler
                0x00000262                USBDCD_DriverIRQHandler
                0x00000262                UART3_ERR_DriverIRQHandler
                0x00000262                DMA3_DriverIRQHandler
                0x00000262                DMA8_DriverIRQHandler
                0x00000262                DMA9_DriverIRQHandler
                0x00000262                UART0_ERR_DriverIRQHandler
                0x00000262                CMT_DriverIRQHandler
                0x00000262                Reserved71_DriverIRQHandler
                0x00000262                ADC1_DriverIRQHandler
                0x00000262                PORTA_DriverIRQHandler
                0x00000262                DMA14_DriverIRQHandler
                0x00000262                PIT3_DriverIRQHandler
                0x00000262                PIT1_DriverIRQHandler
                0x00000262                WDOG_EWM_DriverIRQHandler
                0x00000262                PDB0_DriverIRQHandler
                0x00000262                RTC_DriverIRQHandler
                0x00000262                I2S0_Rx_DriverIRQHandler
                0x00000262                Read_Collision_DriverIRQHandler
                0x00000262                SWI_DriverIRQHandler
                0x00000262                UART4_ERR_DriverIRQHandler
                0x00000262                PORTB_DriverIRQHandler
                0x00000262                UART0_LON_DriverIRQHandler
                0x00000262                DMA0_DriverIRQHandler
                0x00000262                DMA1_DriverIRQHandler
                0x00000262                I2C1_DriverIRQHandler
                0x00000262                ENET_Receive_DriverIRQHandler
                0x00000262                DMA13_DriverIRQHandler
                0x00000262                ENET_Error_DriverIRQHandler
                0x00000262                DMA15_DriverIRQHandler
                0x00000262                SPI0_DriverIRQHandler
                0x00000262                ADC0_DriverIRQHandler
                0x00000262                CMP0_DriverIRQHandler
                0x00000262                CAN0_DriverIRQHandler
                0x00000262                FTM3_DriverIRQHandler
                0x00000262                RNG_DriverIRQHandler
                0x00000262                UART1_ERR_DriverIRQHandler
                0x00000262                DMA2_DriverIRQHandler
                0x00000262                ENET_Transmit_DriverIRQHandler
                0x00000262                PORTD_DriverIRQHandler
                0x00000262                PORTE_DriverIRQHandler
                0x00000262                FTFE_DriverIRQHandler
                0x00000262                I2C0_DriverIRQHandler
                0x00000262                DMA7_DriverIRQHandler
                0x00000400                . = 0x400
 *fill*         0x00000264      0x19c ff
                0x00000400                PROVIDE (__FLASH_CONFIG_START__ = .)
 *(SORT_BY_ALIGNMENT(.FlashConfig))
 .FlashConfig   0x00000400       0x10 ./startup/startup_mk64f12.o
                0x00000400                Flash_Config
                0x00000410                PROVIDE (__FLASH_CONFIG_END__ = .)
                0x00000001                ASSERT (! ((__FLASH_CONFIG_START__ == __FLASH_CONFIG_END__)), Linker Flash Config Support Enabled, but no .FlashConfig section provided within application)
 *(SORT_BY_ALIGNMENT(.text*))
 .text.__assertion_failed
                0x00000410       0x18 ./utilities/fsl_assert.o
                0x00000410                __assertion_failed
 .text.DbgConsole_Init
                0x00000428       0x74 ./utilities/fsl_debug_console.o
                0x00000428                DbgConsole_Init
 .text.DbgConsole_Printf
                0x0000049c       0x40 ./utilities/fsl_debug_console.o
                0x0000049c                DbgConsole_Printf
 .text.DbgConsole_Putchar
                0x000004dc       0x30 ./utilities/fsl_debug_console.o
                0x000004dc                DbgConsole_Putchar
 .text.DbgConsole_Getchar
                0x0000050c       0x3c ./utilities/fsl_debug_console.o
                0x0000050c                DbgConsole_Getchar
 .text.DbgConsole_PrintfFormattedData
                0x00000548      0x3bc ./utilities/fsl_debug_console.o
 .text.main     0x00000904       0x30 ./source/hello_world.o
                0x00000904                main
 .text.CLOCK_SetEr32kClock
                0x00000934       0x30 ./drivers/fsl_clock.o
 .text.CLOCK_SetPllFllSelClock
                0x00000964       0x38 ./drivers/fsl_clock.o
 .text.CLOCK_GetMcgExtClkFreq
                0x0000099c       0x7c ./drivers/fsl_clock.o
 .text.CLOCK_GetFllExtRefClkFreq
                0x00000a18       0xb0 ./drivers/fsl_clock.o
 .text.CLOCK_GetInternalRefClkSelectFreq
                0x00000ac8       0x4c ./drivers/fsl_clock.o
 .text.CLOCK_GetFllRefClkFreq
                0x00000b14       0x34 ./drivers/fsl_clock.o
 .text.CLOCK_GetOscRangeFromFreq
                0x00000b48       0x3c ./drivers/fsl_clock.o
 .text.CLOCK_GetCoreSysClkFreq
                0x00000b84       0x28 ./drivers/fsl_clock.o
                0x00000b84                CLOCK_GetCoreSysClkFreq
 .text.CLOCK_SetSimConfig
                0x00000bac       0x34 ./drivers/fsl_clock.o
                0x00000bac                CLOCK_SetSimConfig
 .text.CLOCK_GetOutClkFreq
                0x00000be0       0x64 ./drivers/fsl_clock.o
                0x00000be0                CLOCK_GetOutClkFreq
 .text.CLOCK_GetFllFreq
                0x00000c44       0x84 ./drivers/fsl_clock.o
                0x00000c44                CLOCK_GetFllFreq
 .text.CLOCK_GetPll0Freq
                0x00000cc8       0x78 ./drivers/fsl_clock.o
                0x00000cc8                CLOCK_GetPll0Freq
 .text.CLOCK_SetExternalRefClkConfig
                0x00000d40       0x6c ./drivers/fsl_clock.o
                0x00000d40                CLOCK_SetExternalRefClkConfig
 .text.CLOCK_SetInternalRefClkConfig
                0x00000dac      0x104 ./drivers/fsl_clock.o
                0x00000dac                CLOCK_SetInternalRefClkConfig
 .text.CLOCK_EnablePll0
                0x00000eb0       0x88 ./drivers/fsl_clock.o
                0x00000eb0                CLOCK_EnablePll0
 .text.CLOCK_InitOsc0
                0x00000f38       0x8c ./drivers/fsl_clock.o
                0x00000f38                CLOCK_InitOsc0
 .text.CLOCK_SetPbeMode
                0x00000fc4       0xa8 ./drivers/fsl_clock.o
                0x00000fc4                CLOCK_SetPbeMode
 .text.CLOCK_BootToPeeMode
                0x0000106c       0x64 ./drivers/fsl_clock.o
                0x0000106c                CLOCK_BootToPeeMode
 .text.UART_GetInstance
                0x000010d0       0x54 ./drivers/fsl_uart.o
                0x000010d0                UART_GetInstance
 .text.UART_Init
                0x00001124      0x2f4 ./drivers/fsl_uart.o
                0x00001124                UART_Init
 .text.UART_GetDefaultConfig
                0x00001418       0x68 ./drivers/fsl_uart.o
                0x00001418                UART_GetDefaultConfig
 .text.UART_ReadBlocking
                0x00001480       0xfc ./drivers/fsl_uart.o
                0x00001480                UART_ReadBlocking
 .text.UART0_DriverIRQHandler
                0x0000157c       0x28 ./drivers/fsl_uart.o
                0x0000157c                UART0_DriverIRQHandler
 .text.UART1_DriverIRQHandler
                0x000015a4       0x28 ./drivers/fsl_uart.o
                0x000015a4                UART1_DriverIRQHandler
 .text.UART2_DriverIRQHandler
                0x000015cc       0x28 ./drivers/fsl_uart.o
                0x000015cc                UART2_DriverIRQHandler
 .text.UART3_DriverIRQHandler
                0x000015f4       0x28 ./drivers/fsl_uart.o
                0x000015f4                UART3_DriverIRQHandler
 .text.UART4_DriverIRQHandler
                0x0000161c       0x28 ./drivers/fsl_uart.o
                0x0000161c                UART4_DriverIRQHandler
 .text.UART5_DriverIRQHandler
                0x00001644       0x28 ./drivers/fsl_uart.o
                0x00001644                UART5_DriverIRQHandler
 .text.SystemInit
                0x0000166c       0x3c ./device/system_MK64F12.o
                0x0000166c                SystemInit
 .text.HAL_UartInit
                0x000016a8      0x128 ./component/uart/fsl_adapter_uart.o
                0x000016a8                HAL_UartInit
 .text.HAL_UartReceiveBlocking
                0x000017d0       0x6c ./component/uart/fsl_adapter_uart.o
                0x000017d0                HAL_UartReceiveBlocking
 .text.HAL_UartSendBlocking
                0x0000183c       0x64 ./component/uart/fsl_adapter_uart.o
                0x0000183c                HAL_UartSendBlocking
 .text.CLOCK_SetSimSafeDivs
                0x000018a0       0x20 ./board/clock_config.o
 .text.CLOCK_SetXtal0Freq
                0x000018c0       0x20 ./board/clock_config.o
 .text.CLOCK_CONFIG_SetFllExtRefDiv
                0x000018e0       0x3c ./board/clock_config.o
 .text.BOARD_BootClockRUN
                0x0000191c       0x60 ./board/clock_config.o
                0x0000191c                BOARD_BootClockRUN
 .text.BOARD_InitPins
                0x0000197c       0x6c ./board/pin_mux.o
                0x0000197c                BOARD_InitPins
 .text._initio  0x000019e8       0x78 c:/nxp/mcuxpressoide_11.4.0_6224/ide/plugins/com.nxp.mcuxpresso.tools.win32_11.4.0.202103011116/tools/bin/../lib/gcc/arm-none-eabi/10.2.1/../../../../arm-none-eabi/lib/thumb/v7e-m+fp/hard\libcr_c.a(initio.o)
                0x000019e8                _initio
 .text.fflush   0x00001a60       0x3c c:/nxp/mcuxpressoide_11.4.0_6224/ide/plugins/com.nxp.mcuxpresso.tools.win32_11.4.0.202103011116/tools/bin/../lib/gcc/arm-none-eabi/10.2.1/../../../../arm-none-eabi/lib/thumb/v7e-m+fp/hard\libcr_c.a(fflush.o)
                0x00001a60                fflush
 .text.fseek    0x00001a9c      0x100 c:/nxp/mcuxpressoide_11.4.0_6224/ide/plugins/com.nxp.mcuxpresso.tools.win32_11.4.0.202103011116/tools/bin/../lib/gcc/arm-none-eabi/10.2.1/../../../../arm-none-eabi/lib/thumb/v7e-m+fp/hard\libcr_c.a(fseek.o)
                0x00001a9c                fseek
 .text.ftell    0x00001b9c       0x44 c:/nxp/mcuxpressoide_11.4.0_6224/ide/plugins/com.nxp.mcuxpresso.tools.win32_11.4.0.202103011116/tools/bin/../lib/gcc/arm-none-eabi/10.2.1/../../../../arm-none-eabi/lib/thumb/v7e-m+fp/hard\libcr_c.a(ftell.o)
                0x00001b9c                ftell
 .text._Cwritebuf
                0x00001be0       0x6c c:/nxp/mcuxpressoide_11.4.0_6224/ide/plugins/com.nxp.mcuxpresso.tools.win32_11.4.0.202103011116/tools/bin/../lib/gcc/arm-none-eabi/10.2.1/../../../../arm-none-eabi/lib/thumb/v7e-m+fp/hard\libcr_c.a(_writebuf.o)
                0x00001be0                _Cwritebuf
 .text.DbgConsole_PrintfPaddingCharacter
                0x00001c4c       0x40 ./utilities/fsl_debug_console.o
 .text.DbgConsole_ConvertRadixNumToString
                0x00001c8c      0x114 ./utilities/fsl_debug_console.o
 .text.DMA0_IRQHandler
                0x00001da0        0x8 ./startup/startup_mk64f12.o
                0x00001da0                DMA0_IRQHandler
 .text.DMA1_IRQHandler
                0x00001da8        0x8 ./startup/startup_mk64f12.o
                0x00001da8                DMA1_IRQHandler
 .text.DMA2_IRQHandler
                0x00001db0        0x8 ./startup/startup_mk64f12.o
                0x00001db0                DMA2_IRQHandler
 .text.DMA3_IRQHandler
                0x00001db8        0x8 ./startup/startup_mk64f12.o
                0x00001db8                DMA3_IRQHandler
 .text.DMA4_IRQHandler
                0x00001dc0        0x8 ./startup/startup_mk64f12.o
                0x00001dc0                DMA4_IRQHandler
 .text.DMA5_IRQHandler
                0x00001dc8        0x8 ./startup/startup_mk64f12.o
                0x00001dc8                DMA5_IRQHandler
 .text.DMA6_IRQHandler
                0x00001dd0        0x8 ./startup/startup_mk64f12.o
                0x00001dd0                DMA6_IRQHandler
 .text.DMA7_IRQHandler
                0x00001dd8        0x8 ./startup/startup_mk64f12.o
                0x00001dd8                DMA7_IRQHandler
 .text.DMA8_IRQHandler
                0x00001de0        0x8 ./startup/startup_mk64f12.o
                0x00001de0                DMA8_IRQHandler
 .text.DMA9_IRQHandler
                0x00001de8        0x8 ./startup/startup_mk64f12.o
                0x00001de8                DMA9_IRQHandler
 .text.DMA10_IRQHandler
                0x00001df0        0x8 ./startup/startup_mk64f12.o
                0x00001df0                DMA10_IRQHandler
 .text.DMA11_IRQHandler
                0x00001df8        0x8 ./startup/startup_mk64f12.o
                0x00001df8                DMA11_IRQHandler
 .text.DMA12_IRQHandler
                0x00001e00        0x8 ./startup/startup_mk64f12.o
                0x00001e00                DMA12_IRQHandler
 .text.DMA13_IRQHandler
                0x00001e08        0x8 ./startup/startup_mk64f12.o
                0x00001e08                DMA13_IRQHandler
 .text.DMA14_IRQHandler
                0x00001e10        0x8 ./startup/startup_mk64f12.o
                0x00001e10                DMA14_IRQHandler
 .text.DMA15_IRQHandler
                0x00001e18        0x8 ./startup/startup_mk64f12.o
                0x00001e18                DMA15_IRQHandler
 .text.DMA_Error_IRQHandler
                0x00001e20        0x8 ./startup/startup_mk64f12.o
                0x00001e20                DMA_Error_IRQHandler
 .text.MCM_IRQHandler
                0x00001e28        0x8 ./startup/startup_mk64f12.o
                0x00001e28                MCM_IRQHandler
 .text.FTFE_IRQHandler
                0x00001e30        0x8 ./startup/startup_mk64f12.o
                0x00001e30                FTFE_IRQHandler
 .text.Read_Collision_IRQHandler
                0x00001e38        0x8 ./startup/startup_mk64f12.o
                0x00001e38                Read_Collision_IRQHandler
 .text.LVD_LVW_IRQHandler
                0x00001e40        0x8 ./startup/startup_mk64f12.o
                0x00001e40                LVD_LVW_IRQHandler
 .text.LLWU_IRQHandler
                0x00001e48        0x8 ./startup/startup_mk64f12.o
                0x00001e48                LLWU_IRQHandler
 .text.WDOG_EWM_IRQHandler
                0x00001e50        0x8 ./startup/startup_mk64f12.o
                0x00001e50                WDOG_EWM_IRQHandler
 .text.RNG_IRQHandler
                0x00001e58        0x8 ./startup/startup_mk64f12.o
                0x00001e58                RNG_IRQHandler
 .text.I2C0_IRQHandler
                0x00001e60        0x8 ./startup/startup_mk64f12.o
                0x00001e60                I2C0_IRQHandler
 .text.I2C1_IRQHandler
                0x00001e68        0x8 ./startup/startup_mk64f12.o
                0x00001e68                I2C1_IRQHandler
 .text.SPI0_IRQHandler
                0x00001e70        0x8 ./startup/startup_mk64f12.o
                0x00001e70                SPI0_IRQHandler
 .text.SPI1_IRQHandler
                0x00001e78        0x8 ./startup/startup_mk64f12.o
                0x00001e78                SPI1_IRQHandler
 .text.I2S0_Tx_IRQHandler
                0x00001e80        0x8 ./startup/startup_mk64f12.o
                0x00001e80                I2S0_Tx_IRQHandler
 .text.I2S0_Rx_IRQHandler
                0x00001e88        0x8 ./startup/startup_mk64f12.o
                0x00001e88                I2S0_Rx_IRQHandler
 .text.UART0_LON_IRQHandler
                0x00001e90        0x8 ./startup/startup_mk64f12.o
                0x00001e90                UART0_LON_IRQHandler
 .text.UART0_RX_TX_IRQHandler
                0x00001e98        0x8 ./startup/startup_mk64f12.o
                0x00001e98                UART0_RX_TX_IRQHandler
 .text.UART0_ERR_IRQHandler
                0x00001ea0        0x8 ./startup/startup_mk64f12.o
                0x00001ea0                UART0_ERR_IRQHandler
 .text.UART1_RX_TX_IRQHandler
                0x00001ea8        0x8 ./startup/startup_mk64f12.o
                0x00001ea8                UART1_RX_TX_IRQHandler
 .text.UART1_ERR_IRQHandler
                0x00001eb0        0x8 ./startup/startup_mk64f12.o
                0x00001eb0                UART1_ERR_IRQHandler
 .text.UART2_RX_TX_IRQHandler
                0x00001eb8        0x8 ./startup/startup_mk64f12.o
                0x00001eb8                UART2_RX_TX_IRQHandler
 .text.UART2_ERR_IRQHandler
                0x00001ec0        0x8 ./startup/startup_mk64f12.o
                0x00001ec0                UART2_ERR_IRQHandler
 .text.UART3_RX_TX_IRQHandler
                0x00001ec8        0x8 ./startup/startup_mk64f12.o
                0x00001ec8                UART3_RX_TX_IRQHandler
 .text.UART3_ERR_IRQHandler
                0x00001ed0        0x8 ./startup/startup_mk64f12.o
                0x00001ed0                UART3_ERR_IRQHandler
 .text.ADC0_IRQHandler
                0x00001ed8        0x8 ./startup/startup_mk64f12.o
                0x00001ed8                ADC0_IRQHandler
 .text.CMP0_IRQHandler
                0x00001ee0        0x8 ./startup/startup_mk64f12.o
                0x00001ee0                CMP0_IRQHandler
 .text.CMP1_IRQHandler
                0x00001ee8        0x8 ./startup/startup_mk64f12.o
                0x00001ee8                CMP1_IRQHandler
 .text.FTM0_IRQHandler
                0x00001ef0        0x8 ./startup/startup_mk64f12.o
                0x00001ef0                FTM0_IRQHandler
 .text.FTM1_IRQHandler
                0x00001ef8        0x8 ./startup/startup_mk64f12.o
                0x00001ef8                FTM1_IRQHandler
 .text.FTM2_IRQHandler
                0x00001f00        0x8 ./startup/startup_mk64f12.o
                0x00001f00                FTM2_IRQHandler
 .text.CMT_IRQHandler
                0x00001f08        0x8 ./startup/startup_mk64f12.o
                0x00001f08                CMT_IRQHandler
 .text.RTC_IRQHandler
                0x00001f10        0x8 ./startup/startup_mk64f12.o
                0x00001f10                RTC_IRQHandler
 .text.RTC_Seconds_IRQHandler
                0x00001f18        0x8 ./startup/startup_mk64f12.o
                0x00001f18                RTC_Seconds_IRQHandler
 .text.PIT0_IRQHandler
                0x00001f20        0x8 ./startup/startup_mk64f12.o
                0x00001f20                PIT0_IRQHandler
 .text.PIT1_IRQHandler
                0x00001f28        0x8 ./startup/startup_mk64f12.o
                0x00001f28                PIT1_IRQHandler
 .text.PIT2_IRQHandler
                0x00001f30        0x8 ./startup/startup_mk64f12.o
                0x00001f30                PIT2_IRQHandler
 .text.PIT3_IRQHandler
                0x00001f38        0x8 ./startup/startup_mk64f12.o
                0x00001f38                PIT3_IRQHandler
 .text.PDB0_IRQHandler
                0x00001f40        0x8 ./startup/startup_mk64f12.o
                0x00001f40                PDB0_IRQHandler
 .text.USB0_IRQHandler
                0x00001f48        0x8 ./startup/startup_mk64f12.o
                0x00001f48                USB0_IRQHandler
 .text.USBDCD_IRQHandler
                0x00001f50        0x8 ./startup/startup_mk64f12.o
                0x00001f50                USBDCD_IRQHandler
 .text.Reserved71_IRQHandler
                0x00001f58        0x8 ./startup/startup_mk64f12.o
                0x00001f58                Reserved71_IRQHandler
 .text.DAC0_IRQHandler
                0x00001f60        0x8 ./startup/startup_mk64f12.o
                0x00001f60                DAC0_IRQHandler
 .text.MCG_IRQHandler
                0x00001f68        0x8 ./startup/startup_mk64f12.o
                0x00001f68                MCG_IRQHandler
 .text.LPTMR0_IRQHandler
                0x00001f70        0x8 ./startup/startup_mk64f12.o
                0x00001f70                LPTMR0_IRQHandler
 .text.PORTA_IRQHandler
                0x00001f78        0x8 ./startup/startup_mk64f12.o
                0x00001f78                PORTA_IRQHandler
 .text.PORTB_IRQHandler
                0x00001f80        0x8 ./startup/startup_mk64f12.o
                0x00001f80                PORTB_IRQHandler
 .text.PORTC_IRQHandler
                0x00001f88        0x8 ./startup/startup_mk64f12.o
                0x00001f88                PORTC_IRQHandler
 .text.PORTD_IRQHandler
                0x00001f90        0x8 ./startup/startup_mk64f12.o
                0x00001f90                PORTD_IRQHandler
 .text.PORTE_IRQHandler
                0x00001f98        0x8 ./startup/startup_mk64f12.o
                0x00001f98                PORTE_IRQHandler
 .text.SWI_IRQHandler
                0x00001fa0        0x8 ./startup/startup_mk64f12.o
                0x00001fa0                SWI_IRQHandler
 .text.SPI2_IRQHandler
                0x00001fa8        0x8 ./startup/startup_mk64f12.o
                0x00001fa8                SPI2_IRQHandler
 .text.UART4_RX_TX_IRQHandler
                0x00001fb0        0x8 ./startup/startup_mk64f12.o
                0x00001fb0                UART4_RX_TX_IRQHandler
 .text.UART4_ERR_IRQHandler
                0x00001fb8        0x8 ./startup/startup_mk64f12.o
                0x00001fb8                UART4_ERR_IRQHandler
 .text.UART5_RX_TX_IRQHandler
                0x00001fc0        0x8 ./startup/startup_mk64f12.o
                0x00001fc0                UART5_RX_TX_IRQHandler
 .text.UART5_ERR_IRQHandler
                0x00001fc8        0x8 ./startup/startup_mk64f12.o
                0x00001fc8                UART5_ERR_IRQHandler
 .text.CMP2_IRQHandler
                0x00001fd0        0x8 ./startup/startup_mk64f12.o
                0x00001fd0                CMP2_IRQHandler
 .text.FTM3_IRQHandler
                0x00001fd8        0x8 ./startup/startup_mk64f12.o
                0x00001fd8                FTM3_IRQHandler
 .text.DAC1_IRQHandler
                0x00001fe0        0x8 ./startup/startup_mk64f12.o
                0x00001fe0                DAC1_IRQHandler
 .text.ADC1_IRQHandler
                0x00001fe8        0x8 ./startup/startup_mk64f12.o
                0x00001fe8                ADC1_IRQHandler
 .text.I2C2_IRQHandler
                0x00001ff0        0x8 ./startup/startup_mk64f12.o
                0x00001ff0                I2C2_IRQHandler
 .text.CAN0_ORed_Message_buffer_IRQHandler
                0x00001ff8        0x8 ./startup/startup_mk64f12.o
                0x00001ff8                CAN0_ORed_Message_buffer_IRQHandler
 .text.CAN0_Bus_Off_IRQHandler
                0x00002000        0x8 ./startup/startup_mk64f12.o
                0x00002000                CAN0_Bus_Off_IRQHandler
 .text.CAN0_Error_IRQHandler
                0x00002008        0x8 ./startup/startup_mk64f12.o
                0x00002008                CAN0_Error_IRQHandler
 .text.CAN0_Tx_Warning_IRQHandler
                0x00002010        0x8 ./startup/startup_mk64f12.o
                0x00002010                CAN0_Tx_Warning_IRQHandler
 .text.CAN0_Rx_Warning_IRQHandler
                0x00002018        0x8 ./startup/startup_mk64f12.o
                0x00002018                CAN0_Rx_Warning_IRQHandler
 .text.CAN0_Wake_Up_IRQHandler
                0x00002020        0x8 ./startup/startup_mk64f12.o
                0x00002020                CAN0_Wake_Up_IRQHandler
 .text.SDHC_IRQHandler
                0x00002028        0x8 ./startup/startup_mk64f12.o
                0x00002028                SDHC_IRQHandler
 .text.ENET_1588_Timer_IRQHandler
                0x00002030        0x8 ./startup/startup_mk64f12.o
                0x00002030                ENET_1588_Timer_IRQHandler
 .text.ENET_Transmit_IRQHandler
                0x00002038        0x8 ./startup/startup_mk64f12.o
                0x00002038                ENET_Transmit_IRQHandler
 .text.ENET_Receive_IRQHandler
                0x00002040        0x8 ./startup/startup_mk64f12.o
                0x00002040                ENET_Receive_IRQHandler
 .text.ENET_Error_IRQHandler
                0x00002048        0x8 ./startup/startup_mk64f12.o
                0x00002048                ENET_Error_IRQHandler
 .text.HardFault_Handler
                0x00002050       0x2c ./source/semihost_hardfault.o
                0x00002050                HardFault_Handler
 .text.OSC_SetExtRefClkConfig
                0x0000207c       0x34 ./drivers/fsl_clock.o
 .text.OSC_SetCapLoad
                0x000020b0       0x34 ./drivers/fsl_clock.o
 .text.CLOCK_GetPll0RefFreq
                0x000020e4        0xe ./drivers/fsl_clock.o
 .text.CLOCK_EnableClock
                0x000020f2       0x34 ./drivers/fsl_uart.o
 .text.UART_GetStatusFlags
                0x00002126       0x48 ./drivers/fsl_uart.o
                0x00002126                UART_GetStatusFlags
 .text.UART_ClearStatusFlags
                0x0000216e       0x80 ./drivers/fsl_uart.o
                0x0000216e                UART_ClearStatusFlags
 .text.UART_WriteBlocking
                0x000021ee       0x50 ./drivers/fsl_uart.o
                0x000021ee                UART_WriteBlocking
 .text.UART0_RX_TX_DriverIRQHandler
                0x0000223e       0x12 ./drivers/fsl_uart.o
                0x0000223e                UART0_RX_TX_DriverIRQHandler
 .text.UART1_RX_TX_DriverIRQHandler
                0x00002250       0x12 ./drivers/fsl_uart.o
                0x00002250                UART1_RX_TX_DriverIRQHandler
 .text.UART2_RX_TX_DriverIRQHandler
                0x00002262       0x12 ./drivers/fsl_uart.o
                0x00002262                UART2_RX_TX_DriverIRQHandler
 .text.UART3_RX_TX_DriverIRQHandler
                0x00002274       0x12 ./drivers/fsl_uart.o
                0x00002274                UART3_RX_TX_DriverIRQHandler
 .text.UART4_RX_TX_DriverIRQHandler
                0x00002286       0x12 ./drivers/fsl_uart.o
                0x00002286                UART4_RX_TX_DriverIRQHandler
 .text.UART5_RX_TX_DriverIRQHandler
                0x00002298       0x12 ./drivers/fsl_uart.o
                0x00002298                UART5_RX_TX_DriverIRQHandler
 .text.SystemInitHook
                0x000022aa        0xe ./device/system_MK64F12.o
                0x000022aa                SystemInitHook
 .text.HAL_UartGetStatus
                0x000022b8       0x22 ./component/uart/fsl_adapter_uart.o
 .text.BOARD_InitDebugConsole
                0x000022da       0x22 ./board/board.o
                0x000022da                BOARD_InitDebugConsole
 .text.BOARD_InitBootClocks
                0x000022fc        0xc ./board/clock_config.o
                0x000022fc                BOARD_InitBootClocks
 .text.CLOCK_EnableClock
                0x00002308       0x34 ./board/pin_mux.o
 .text.PORT_SetPinMux
                0x0000233c       0x3a ./board/pin_mux.o
 .text.BOARD_InitBootPins
                0x00002376        0xc ./board/pin_mux.o
                0x00002376                BOARD_InitBootPins
 .text.__main   0x00002382        0xe c:/nxp/mcuxpressoide_11.4.0_6224/ide/plugins/com.nxp.mcuxpresso.tools.win32_11.4.0.202103011116/tools/bin/../lib/gcc/arm-none-eabi/10.2.1/../../../../arm-none-eabi/lib/thumb/v7e-m+fp/hard\libcr_nohost_nf.a(_cr__main.o)
                0x00002382                __main
 .text.memset   0x00002390        0x4 c:/nxp/mcuxpressoide_11.4.0_6224/ide/plugins/com.nxp.mcuxpresso.tools.win32_11.4.0.202103011116/tools/bin/../lib/gcc/arm-none-eabi/10.2.1/../../../../arm-none-eabi/lib/thumb/v7e-m+fp/hard\libcr_c.a(memset.o)
                0x00002390                memset
 .text.free     0x00002394       0x30 c:/nxp/mcuxpressoide_11.4.0_6224/ide/plugins/com.nxp.mcuxpresso.tools.win32_11.4.0.202103011116/tools/bin/../lib/gcc/arm-none-eabi/10.2.1/../../../../arm-none-eabi/lib/thumb/v7e-m+fp/hard\libcr_c.a(alloc.o)
                0x00002394                free
 .text.setvbuf  0x000023c4       0x3e c:/nxp/mcuxpressoide_11.4.0_6224/ide/plugins/com.nxp.mcuxpresso.tools.win32_11.4.0.202103011116/tools/bin/../lib/gcc/arm-none-eabi/10.2.1/../../../../arm-none-eabi/lib/thumb/v7e-m+fp/hard\libcr_c.a(setvbuf.o)
                0x000023c4                setvbuf
 .text.strlen   0x00002402       0x48 c:/nxp/mcuxpressoide_11.4.0_6224/ide/plugins/com.nxp.mcuxpresso.tools.win32_11.4.0.202103011116/tools/bin/../lib/gcc/arm-none-eabi/10.2.1/../../../../arm-none-eabi/lib/thumb/v7e-m+fp/hard\libcr_c.a(strlen.o)
                0x00002402                strlen
 .text._fdopen  0x0000244a       0x68 c:/nxp/mcuxpressoide_11.4.0_6224/ide/plugins/com.nxp.mcuxpresso.tools.win32_11.4.0.202103011116/tools/bin/../lib/gcc/arm-none-eabi/10.2.1/../../../../arm-none-eabi/lib/thumb/v7e-m+fp/hard\libcr_c.a(_fdopen.o)
                0x0000244a                _fdopen
 .text.fclose   0x000024b2       0x58 c:/nxp/mcuxpressoide_11.4.0_6224/ide/plugins/com.nxp.mcuxpresso.tools.win32_11.4.0.202103011116/tools/bin/../lib/gcc/arm-none-eabi/10.2.1/../../../../arm-none-eabi/lib/thumb/v7e-m+fp/hard\libcr_c.a(fclose.o)
                0x000024b2                fclose
 .text.remove   0x0000250a       0x14 c:/nxp/mcuxpressoide_11.4.0_6224/ide/plugins/com.nxp.mcuxpresso.tools.win32_11.4.0.202103011116/tools/bin/../lib/gcc/arm-none-eabi/10.2.1/../../../../arm-none-eabi/lib/thumb/v7e-m+fp/hard\libcr_c.a(remove.o)
                0x0000250a                remove
 .text._do_fflush
                0x0000251e       0x40 c:/nxp/mcuxpressoide_11.4.0_6224/ide/plugins/com.nxp.mcuxpresso.tools.win32_11.4.0.202103011116/tools/bin/../lib/gcc/arm-none-eabi/10.2.1/../../../../arm-none-eabi/lib/thumb/v7e-m+fp/hard\libcr_c.a(_do_fflush.o)
                0x0000251e                _do_fflush
 .text._fflush  0x0000255e       0x52 c:/nxp/mcuxpressoide_11.4.0_6224/ide/plugins/com.nxp.mcuxpresso.tools.win32_11.4.0.202103011116/tools/bin/../lib/gcc/arm-none-eabi/10.2.1/../../../../arm-none-eabi/lib/thumb/v7e-m+fp/hard\libcr_c.a(_fflush.o)
                0x0000255e                _fflush
 .text._deferredlazyseek
                0x000025b0       0x40 c:/nxp/mcuxpressoide_11.4.0_6224/ide/plugins/com.nxp.mcuxpresso.tools.win32_11.4.0.202103011116/tools/bin/../lib/gcc/arm-none-eabi/10.2.1/../../../../arm-none-eabi/lib/thumb/v7e-m+fp/hard\libcr_c.a(_deferredlazyseek.o)
                0x000025b0                _deferredlazyseek
 .text.__aeabi_memset_lowlevel
                0x000025f0       0x32 c:/nxp/mcuxpressoide_11.4.0_6224/ide/plugins/com.nxp.mcuxpresso.tools.win32_11.4.0.202103011116/tools/bin/../lib/gcc/arm-none-eabi/10.2.1/thumb/v7e-m+fp/hard\libcr_eabihelpers.a(memcpy.o)
                0x000025f0                __aeabi_lowlevel_memset
 .text.__sys_close
                0x00002622        0x6 c:/nxp/mcuxpressoide_11.4.0_6224/ide/plugins/com.nxp.mcuxpresso.tools.win32_11.4.0.202103011116/tools/bin/../lib/gcc/arm-none-eabi/10.2.1/../../../../arm-none-eabi/lib/thumb/v7e-m+fp/hard\libcr_nohost_nf.a(__sys_close.o)
                0x00002622                __sys_close
 .text.__sys_flen
                0x00002628        0x6 c:/nxp/mcuxpressoide_11.4.0_6224/ide/plugins/com.nxp.mcuxpresso.tools.win32_11.4.0.202103011116/tools/bin/../lib/gcc/arm-none-eabi/10.2.1/../../../../arm-none-eabi/lib/thumb/v7e-m+fp/hard\libcr_nohost_nf.a(__sys_flen.o)
                0x00002628                __sys_flen
 .text.__sys_istty
                0x0000262e        0x6 c:/nxp/mcuxpressoide_11.4.0_6224/ide/plugins/com.nxp.mcuxpresso.tools.win32_11.4.0.202103011116/tools/bin/../lib/gcc/arm-none-eabi/10.2.1/../../../../arm-none-eabi/lib/thumb/v7e-m+fp/hard\libcr_nohost_nf.a(__sys_istty.o)
                0x0000262e                __sys_istty
 .text.__sys_remove
                0x00002634        0x6 c:/nxp/mcuxpressoide_11.4.0_6224/ide/plugins/com.nxp.mcuxpresso.tools.win32_11.4.0.202103011116/tools/bin/../lib/gcc/arm-none-eabi/10.2.1/../../../../arm-none-eabi/lib/thumb/v7e-m+fp/hard\libcr_nohost_nf.a(__sys_remove.o)
                0x00002634                __sys_remove
 .text.__sys_seek
                0x0000263a        0x6 c:/nxp/mcuxpressoide_11.4.0_6224/ide/plugins/com.nxp.mcuxpresso.tools.win32_11.4.0.202103011116/tools/bin/../lib/gcc/arm-none-eabi/10.2.1/../../../../arm-none-eabi/lib/thumb/v7e-m+fp/hard\libcr_nohost_nf.a(__sys_seek.o)
                0x0000263a                __sys_seek
 .text.__sys_tmpnam
                0x00002640        0x6 c:/nxp/mcuxpressoide_11.4.0_6224/ide/plugins/com.nxp.mcuxpresso.tools.win32_11.4.0.202103011116/tools/bin/../lib/gcc/arm-none-eabi/10.2.1/../../../../arm-none-eabi/lib/thumb/v7e-m+fp/hard\libcr_nohost_nf.a(__sys_tmpnam.o)
                0x00002640                __sys_tmpnam
 .text.__sys_write
                0x00002646        0x4 c:/nxp/mcuxpressoide_11.4.0_6224/ide/plugins/com.nxp.mcuxpresso.tools.win32_11.4.0.202103011116/tools/bin/../lib/gcc/arm-none-eabi/10.2.1/../../../../arm-none-eabi/lib/thumb/v7e-m+fp/hard\libcr_nohost_nf.a(__sys_write.o)
                0x00002646                __sys_write
 *(SORT_BY_ALIGNMENT(.rodata) SORT_BY_ALIGNMENT(.rodata.*) SORT_BY_ALIGNMENT(.constdata) SORT_BY_ALIGNMENT(.constdata.*))
 *fill*         0x0000264a        0x2 ff
 .rodata.__assertion_failed.str1.4
                0x0000264c       0x14 ./utilities/fsl_assert.o
 .rodata.main.str1.4
                0x00002660        0xf ./source/hello_world.o
 *fill*         0x0000266f        0x1 ff
 .rodata.CLOCK_GetMcgExtClkFreq.str1.4
                0x00002670       0x4e ./drivers/fsl_clock.o
 *fill*         0x000026be        0x2 ff
 .rodata.CLOCK_GetPll0Freq.str1.4
                0x000026c0       0x1e ./drivers/fsl_clock.o
 *fill*         0x000026de        0x2 ff
 .rodata.CLOCK_EnablePll0.str1.4
                0x000026e0       0x1b ./drivers/fsl_clock.o
 *fill*         0x000026fb        0x1 ff
 .rodata.CLOCK_SetPbeMode.str1.4
                0x000026fc       0x1b ./drivers/fsl_clock.o
 *fill*         0x00002717        0x1 ff
 .rodata.CLOCK_BootToPeeMode.str1.4
                0x00002718       0x1b ./drivers/fsl_clock.o
 *fill*         0x00002733        0x1 ff
 .rodata.fllFactorTable.1
                0x00002734       0x10 ./drivers/fsl_clock.o
 .rodata.s_uartBases
                0x00002744       0x18 ./drivers/fsl_uart.o
 .rodata.s_uartClock
                0x0000275c       0x18 ./drivers/fsl_uart.o
 .rodata.UART_GetInstance.str1.4
                0x00002774       0x2c ./drivers/fsl_uart.o
 .rodata.UART_Init.str1.4
                0x000027a0      0x104 ./drivers/fsl_uart.o
 .rodata.UART_GetDefaultConfig.str1.4
                0x000028a4       0x21 ./drivers/fsl_uart.o
 *fill*         0x000028c5        0x3 ff
 .rodata.UART_ReadBlocking.str1.4
                0x000028c8       0x1f ./drivers/fsl_uart.o
 *fill*         0x000028e7        0x1 ff
 .rodata.s_UartAdapterBase
                0x000028e8       0x18 ./component/uart/fsl_adapter_uart.o
 .rodata.HAL_UartInit.str1.4
                0x00002900       0xe6 ./component/uart/fsl_adapter_uart.o
 *fill*         0x000029e6        0x2 ff
 .rodata.HAL_UartReceiveBlocking.str1.4
                0x000029e8       0x65 ./component/uart/fsl_adapter_uart.o
 *fill*         0x00002a4d        0x3 ff
 .rodata.HAL_UartSendBlocking.str1.4
                0x00002a50       0x65 ./component/uart/fsl_adapter_uart.o
 *fill*         0x00002ab5        0x3 ff
 .rodata.mcgConfig_BOARD_BootClockRUN
                0x00002ab8        0xb ./board/clock_config.o
                0x00002ab8                mcgConfig_BOARD_BootClockRUN
 *fill*         0x00002ac3        0x1 ff
 .rodata.simConfig_BOARD_BootClockRUN
                0x00002ac4        0x8 ./board/clock_config.o
                0x00002ac4                simConfig_BOARD_BootClockRUN
 .rodata.oscConfig_BOARD_BootClockRUN
                0x00002acc        0x8 ./board/clock_config.o
                0x00002acc                oscConfig_BOARD_BootClockRUN
 .rodata.__num_Ciob_streams
                0x00002ad4        0x4 c:/nxp/mcuxpressoide_11.4.0_6224/ide/plugins/com.nxp.mcuxpresso.tools.win32_11.4.0.202103011116/tools/bin/../lib/gcc/arm-none-eabi/10.2.1/../../../../arm-none-eabi/lib/thumb/v7e-m+fp/hard\libcr_nohost_nf.a(__ciob.o)
                0x00002ad4                __num_Ciob_streams
 .rodata._initio.str1.1
                0x00002ad8        0x4 c:/nxp/mcuxpressoide_11.4.0_6224/ide/plugins/com.nxp.mcuxpresso.tools.win32_11.4.0.202103011116/tools/bin/../lib/gcc/arm-none-eabi/10.2.1/../../../../arm-none-eabi/lib/thumb/v7e-m+fp/hard\libcr_c.a(initio.o)
                0x00002ae0                . = ALIGN (0x8)
 *fill*         0x00002adc        0x4 ff

.glue_7         0x00002ae0        0x0
 .glue_7        0x00002ae0        0x0 linker stubs

.glue_7t        0x00002ae0        0x0
 .glue_7t       0x00002ae0        0x0 linker stubs

.vfp11_veneer   0x00002ae0        0x0
 .vfp11_veneer  0x00002ae0        0x0 linker stubs

.v4_bx          0x00002ae0        0x0
 .v4_bx         0x00002ae0        0x0 linker stubs

.iplt           0x00002ae0        0x0
 .iplt          0x00002ae0        0x0 ./utilities/fsl_assert.o

.rel.dyn        0x00002ae0        0x0
 .rel.iplt      0x00002ae0        0x0 ./utilities/fsl_assert.o

.ARM.extab
 *(SORT_BY_ALIGNMENT(.ARM.extab*) SORT_BY_ALIGNMENT(.gnu.linkonce.armextab.*))

.ARM.exidx      0x00002ae0        0x0
                0x00002ae0                __exidx_start = .
 *(SORT_BY_ALIGNMENT(.ARM.exidx*) SORT_BY_ALIGNMENT(.gnu.linkonce.armexidx.*))
                0x00002ae0                __exidx_end = .
                0x00002ae0                _etext = .

.m_usb_data
 *(SORT_BY_ALIGNMENT(m_usb_bdt))

.data_RAM2      0x1fff0000        0x0 load address 0x00002ae0
 FILL mask 0xff
                [!provide]                PROVIDE (__start_data_RAM2 = .)
                [!provide]                PROVIDE (__start_data_SRAM_LOWER = .)
 *(SORT_BY_ALIGNMENT(.ramfunc.$RAM2))
 *(SORT_BY_ALIGNMENT(.ramfunc.$SRAM_LOWER))
 *(SORT_BY_ALIGNMENT(.data.$RAM2))
 *(SORT_BY_ALIGNMENT(.data.$SRAM_LOWER))
 *(SORT_BY_ALIGNMENT(.data.$RAM2.*))
 *(SORT_BY_ALIGNMENT(.data.$SRAM_LOWER.*))
                0x1fff0000                . = ALIGN (0x8)
                [!provide]                PROVIDE (__end_data_RAM2 = .)
                [!provide]                PROVIDE (__end_data_SRAM_LOWER = .)

.data_RAM3      0x14000000        0x0 load address 0x00002ae0
 FILL mask 0xff
                [!provide]                PROVIDE (__start_data_RAM3 = .)
                [!provide]                PROVIDE (__start_data_FLEX_RAM = .)
 *(SORT_BY_ALIGNMENT(.ramfunc.$RAM3))
 *(SORT_BY_ALIGNMENT(.ramfunc.$FLEX_RAM))
 *(SORT_BY_ALIGNMENT(.data.$RAM3))
 *(SORT_BY_ALIGNMENT(.data.$FLEX_RAM))
 *(SORT_BY_ALIGNMENT(.data.$RAM3.*))
 *(SORT_BY_ALIGNMENT(.data.$FLEX_RAM.*))
                0x14000000                . = ALIGN (0x8)
                [!provide]                PROVIDE (__end_data_RAM3 = .)
                [!provide]                PROVIDE (__end_data_FLEX_RAM = .)

.uninit_RESERVED
                0x20000000        0x0
                0x20000000                _start_uninit_RESERVED = .
 *(SORT_BY_ALIGNMENT(.bss.$RESERVED*))
                0x20000000                . = ALIGN (0x8)
                0x20000000                _end_uninit_RESERVED = .

.data           0x20000000       0x10 load address 0x00002ae0
 FILL mask 0xff
                0x20000000                _data = .
                [!provide]                PROVIDE (__start_data_RAM = .)
                [!provide]                PROVIDE (__start_data_SRAM_UPPER = .)
 *(SORT_BY_ALIGNMENT(vtable))
 *(SORT_BY_ALIGNMENT(.ramfunc*))
 *(SORT_BY_ALIGNMENT(CodeQuickAccess))
 *(SORT_BY_ALIGNMENT(DataQuickAccess))
 *(SORT_BY_ALIGNMENT(RamFunction))
 *(SORT_BY_ALIGNMENT(.data*))
 .data.s_slowIrcFreq
                0x20000000        0x4 ./drivers/fsl_clock.o
 .data.s_fastIrcFreq
                0x20000004        0x4 ./drivers/fsl_clock.o
 .data.SystemCoreClock
                0x20000008        0x4 ./device/system_MK64F12.o
                0x20000008                SystemCoreClock
                0x20000010                . = ALIGN (0x8)
 *fill*         0x2000000c        0x4 ff
                0x20000010                _edata = .
                [!provide]                PROVIDE (__end_data_RAM = .)
                [!provide]                PROVIDE (__end_data_SRAM_UPPER = .)

.igot.plt       0x20000010        0x0 load address 0x00002af0
 .igot.plt      0x20000010        0x0 ./utilities/fsl_assert.o

.bss_RAM2       0x1fff0000        0x0
                [!provide]                PROVIDE (__start_bss_RAM2 = .)
                [!provide]                PROVIDE (__start_bss_SRAM_LOWER = .)
 *(SORT_BY_ALIGNMENT(.bss.$RAM2))
 *(SORT_BY_ALIGNMENT(.bss.$SRAM_LOWER))
 *(SORT_BY_ALIGNMENT(.bss.$RAM2.*))
 *(SORT_BY_ALIGNMENT(.bss.$SRAM_LOWER.*))
                0x1fff0000                . = ALIGN ((. != 0x0)?0x8:0x1)
                [!provide]                PROVIDE (__end_bss_RAM2 = .)
                [!provide]                PROVIDE (__end_bss_SRAM_LOWER = .)

.bss_RAM3       0x14000000        0x0
                [!provide]                PROVIDE (__start_bss_RAM3 = .)
                [!provide]                PROVIDE (__start_bss_FLEX_RAM = .)
 *(SORT_BY_ALIGNMENT(.bss.$RAM3))
 *(SORT_BY_ALIGNMENT(.bss.$FLEX_RAM))
 *(SORT_BY_ALIGNMENT(.bss.$RAM3.*))
 *(SORT_BY_ALIGNMENT(.bss.$FLEX_RAM.*))
                0x14000000                . = ALIGN ((. != 0x0)?0x8:0x1)
                [!provide]                PROVIDE (__end_bss_RAM3 = .)
                [!provide]                PROVIDE (__end_bss_FLEX_RAM = .)

.bss            0x20000010       0xf0
                0x20000010                _bss = .
                [!provide]                PROVIDE (__start_bss_RAM = .)
                [!provide]                PROVIDE (__start_bss_SRAM_UPPER = .)
 *(SORT_BY_ALIGNMENT(.bss*))
 .bss.s_debugConsole
                0x20000010       0x14 ./utilities/fsl_debug_console.o
 .bss.g_xtal0Freq
                0x20000024        0x4 ./drivers/fsl_clock.o
                0x20000024                g_xtal0Freq
 .bss.g_xtal32Freq
                0x20000028        0x4 ./drivers/fsl_clock.o
                0x20000028                g_xtal32Freq
 .bss.s_uartHandle
                0x2000002c       0x18 ./drivers/fsl_uart.o
                0x2000002c                s_uartHandle
 .bss.s_uartIsr
                0x20000044        0x4 ./drivers/fsl_uart.o
                0x20000044                s_uartIsr
 .bss.errno     0x20000048        0x4 c:/nxp/mcuxpressoide_11.4.0_6224/ide/plugins/com.nxp.mcuxpresso.tools.win32_11.4.0.202103011116/tools/bin/../lib/gcc/arm-none-eabi/10.2.1/../../../../arm-none-eabi/lib/thumb/v7e-m+fp/hard\libcr_c.a(errno.o)
                0x20000048                errno
 .bss.__Ciob    0x2000004c       0xb4 c:/nxp/mcuxpressoide_11.4.0_6224/ide/plugins/com.nxp.mcuxpresso.tools.win32_11.4.0.202103011116/tools/bin/../lib/gcc/arm-none-eabi/10.2.1/../../../../arm-none-eabi/lib/thumb/v7e-m+fp/hard\libcr_nohost_nf.a(__ciob.o)
                0x2000004c                __Ciob
 *(SORT_BY_ALIGNMENT(COMMON))
                0x20000100                . = ALIGN (0x8)
                0x20000100                _ebss = .
                [!provide]                PROVIDE (__end_bss_RAM = .)
                [!provide]                PROVIDE (__end_bss_SRAM_UPPER = .)
                [!provide]                PROVIDE (end = .)

.noinit_RAM2    0x1fff0000        0x0
                [!provide]                PROVIDE (__start_noinit_RAM2 = .)
                [!provide]                PROVIDE (__start_noinit_SRAM_LOWER = .)
 *(SORT_BY_ALIGNMENT(.noinit.$RAM2))
 *(SORT_BY_ALIGNMENT(.noinit.$SRAM_LOWER))
 *(SORT_BY_ALIGNMENT(.noinit.$RAM2.*))
 *(SORT_BY_ALIGNMENT(.noinit.$SRAM_LOWER.*))
                0x1fff0000                . = ALIGN (0x8)
                [!provide]                PROVIDE (__end_noinit_RAM2 = .)
                [!provide]                PROVIDE (__end_noinit_SRAM_LOWER = .)

.noinit_RAM3    0x14000000        0x0
                [!provide]                PROVIDE (__start_noinit_RAM3 = .)
                [!provide]                PROVIDE (__start_noinit_FLEX_RAM = .)
 *(SORT_BY_ALIGNMENT(.noinit.$RAM3))
 *(SORT_BY_ALIGNMENT(.noinit.$FLEX_RAM))
 *(SORT_BY_ALIGNMENT(.noinit.$RAM3.*))
 *(SORT_BY_ALIGNMENT(.noinit.$FLEX_RAM.*))
                0x14000000                . = ALIGN (0x8)
                [!provide]                PROVIDE (__end_noinit_RAM3 = .)
                [!provide]                PROVIDE (__end_noinit_FLEX_RAM = .)

.noinit         0x20000100        0x0
                0x20000100                _noinit = .
                [!provide]                PROVIDE (__start_noinit_RAM = .)
                [!provide]                PROVIDE (__start_noinit_SRAM_UPPER = .)
 *(SORT_BY_ALIGNMENT(.noinit*))
                0x20000100                . = ALIGN (0x8)
                0x20000100                _end_noinit = .
                [!provide]                PROVIDE (__end_noinit_RAM = .)
                [!provide]                PROVIDE (__end_noinit_SRAM_UPPER = .)
                0x00001000                _HeapSize = 0x1000

.heap           0x20000100     0x1000
                0x20000100                _pvHeapStart = .
                0x20001100                . = (. + _HeapSize)
 *fill*         0x20000100     0x1000 
                0x20001100                . = ALIGN (0x8)
                0x20001100                _pvHeapLimit = .
                0x00001000                _StackSize = 0x1000

.heap2stackfill
                0x20001100     0x1000
                0x20002100                . = (. + _StackSize)
 *fill*         0x20001100     0x1000 

.stack          0x2002f000        0x0
                0x2002f000                _vStackBase = .
                0x2002f000                . = ALIGN (0x8)
                0x20030000                _vStackTop = (. + _StackSize)
                0x00000000                _image_start = LOADADDR (.text)
                0x00002af0                _image_end = (LOADADDR (.data) + SIZEOF (.data))
                0x00002af0                _image_size = (_image_end - _image_start)
OUTPUT(MK64F12_HelloWorld.axf elf32-littlearm)
LOAD linker stubs

.debug_info     0x00000000     0x7b90
 .debug_info    0x00000000       0xa3 ./utilities/fsl_assert.o
 .debug_info    0x000000a3      0xc17 ./utilities/fsl_debug_console.o
 .debug_info    0x00000cba      0x93a ./startup/startup_mk64f12.o
 .debug_info    0x000015f4       0xa0 ./source/hello_world.o
 .debug_info    0x00001694       0x3c ./source/semihost_hardfault.o
 .debug_info    0x000016d0     0x21ab ./drivers/fsl_clock.o
 .debug_info    0x0000387b     0x1f78 ./drivers/fsl_uart.o
 .debug_info    0x000057f3      0x649 ./device/system_MK64F12.o
 .debug_info    0x00005e3c      0xa66 ./component/uart/fsl_adapter_uart.o
 .debug_info    0x000068a2       0xbd ./board/board.o
 .debug_info    0x0000695f      0xbc7 ./board/clock_config.o
 .debug_info    0x00007526      0x66a ./board/pin_mux.o

.debug_abbrev   0x00000000     0x1356
 .debug_abbrev  0x00000000       0x66 ./utilities/fsl_assert.o
 .debug_abbrev  0x00000066      0x224 ./utilities/fsl_debug_console.o
 .debug_abbrev  0x0000028a      0x185 ./startup/startup_mk64f12.o
 .debug_abbrev  0x0000040f       0x5c ./source/hello_world.o
 .debug_abbrev  0x0000046b       0x31 ./source/semihost_hardfault.o
 .debug_abbrev  0x0000049c      0x359 ./drivers/fsl_clock.o
 .debug_abbrev  0x000007f5      0x42e ./drivers/fsl_uart.o
 .debug_abbrev  0x00000c23      0x148 ./device/system_MK64F12.o
 .debug_abbrev  0x00000d6b      0x1c9 ./component/uart/fsl_adapter_uart.o
 .debug_abbrev  0x00000f34       0x85 ./board/board.o
 .debug_abbrev  0x00000fb9      0x214 ./board/clock_config.o
 .debug_abbrev  0x000011cd      0x189 ./board/pin_mux.o

.debug_aranges  0x00000000      0x8e0
 .debug_aranges
                0x00000000       0x20 ./utilities/fsl_assert.o
 .debug_aranges
                0x00000020       0x70 ./utilities/fsl_debug_console.o
 .debug_aranges
                0x00000090      0x330 ./startup/startup_mk64f12.o
 .debug_aranges
                0x000003c0       0x20 ./source/hello_world.o
 .debug_aranges
                0x000003e0       0x20 ./source/semihost_hardfault.o
 .debug_aranges
                0x00000400      0x1f8 ./drivers/fsl_clock.o
 .debug_aranges
                0x000005f8      0x1b8 ./drivers/fsl_uart.o
 .debug_aranges
                0x000007b0       0x30 ./device/system_MK64F12.o
 .debug_aranges
                0x000007e0       0x50 ./component/uart/fsl_adapter_uart.o
 .debug_aranges
                0x00000830       0x20 ./board/board.o
 .debug_aranges
                0x00000850       0x58 ./board/clock_config.o
 .debug_aranges
                0x000008a8       0x38 ./board/pin_mux.o

.debug_ranges   0x00000000      0x820
 .debug_ranges  0x00000000       0x10 ./utilities/fsl_assert.o
 .debug_ranges  0x00000010       0x60 ./utilities/fsl_debug_console.o
 .debug_ranges  0x00000070      0x320 ./startup/startup_mk64f12.o
 .debug_ranges  0x00000390       0x10 ./source/hello_world.o
 .debug_ranges  0x000003a0       0x10 ./source/semihost_hardfault.o
 .debug_ranges  0x000003b0      0x1e8 ./drivers/fsl_clock.o
 .debug_ranges  0x00000598      0x1a8 ./drivers/fsl_uart.o
 .debug_ranges  0x00000740       0x20 ./device/system_MK64F12.o
 .debug_ranges  0x00000760       0x40 ./component/uart/fsl_adapter_uart.o
 .debug_ranges  0x000007a0       0x10 ./board/board.o
 .debug_ranges  0x000007b0       0x48 ./board/clock_config.o
 .debug_ranges  0x000007f8       0x28 ./board/pin_mux.o

.debug_macro    0x00000000    0x13533
 .debug_macro   0x00000000      0x115 ./utilities/fsl_assert.o
 .debug_macro   0x00000115      0xac6 ./utilities/fsl_assert.o
 .debug_macro   0x00000bdb       0x10 ./utilities/fsl_assert.o
 .debug_macro   0x00000beb       0x1c ./utilities/fsl_assert.o
 .debug_macro   0x00000c07       0x22 ./utilities/fsl_assert.o
 .debug_macro   0x00000c29      0x12e ./utilities/fsl_assert.o
 .debug_macro   0x00000d57      0x5b3 ./utilities/fsl_assert.o
 .debug_macro   0x0000130a       0x22 ./utilities/fsl_assert.o
 .debug_macro   0x0000132c       0x10 ./utilities/fsl_assert.o
 .debug_macro   0x0000133c       0x58 ./utilities/fsl_assert.o
 .debug_macro   0x00001394       0x1c ./utilities/fsl_assert.o
 .debug_macro   0x000013b0       0x22 ./utilities/fsl_assert.o
 .debug_macro   0x000013d2       0xfb ./utilities/fsl_assert.o
 .debug_macro   0x000014cd      0xeeb ./utilities/fsl_assert.o
 .debug_macro   0x000023b8       0x40 ./utilities/fsl_assert.o
 .debug_macro   0x000023f8     0xec5f ./utilities/fsl_assert.o
 .debug_macro   0x00011057     0x12e8 ./utilities/fsl_assert.o
 .debug_macro   0x0001233f       0x7a ./utilities/fsl_assert.o
 .debug_macro   0x000123b9       0xa1 ./utilities/fsl_assert.o
 .debug_macro   0x0001245a      0x174 ./utilities/fsl_assert.o
 .debug_macro   0x000125ce       0x34 ./utilities/fsl_assert.o
 .debug_macro   0x00012602      0x13b ./utilities/fsl_debug_console.o
 .debug_macro   0x0001273d       0x16 ./utilities/fsl_debug_console.o
 .debug_macro   0x00012753       0x10 ./utilities/fsl_debug_console.o
 .debug_macro   0x00012763       0x28 ./utilities/fsl_debug_console.o
 .debug_macro   0x0001278b       0xc4 ./utilities/fsl_debug_console.o
 .debug_macro   0x0001284f       0x16 ./utilities/fsl_debug_console.o
 .debug_macro   0x00012865       0x2e ./utilities/fsl_debug_console.o
 .debug_macro   0x00012893       0x40 ./utilities/fsl_debug_console.o
 .debug_macro   0x000128d3       0x29 ./startup/startup_mk64f12.o
 .debug_macro   0x000128fc      0x158 ./source/hello_world.o
 .debug_macro   0x00012a54       0x34 ./source/hello_world.o
 .debug_macro   0x00012a88       0x1c ./source/hello_world.o
 .debug_macro   0x00012aa4       0x16 ./source/hello_world.o
 .debug_macro   0x00012aba       0x16 ./source/hello_world.o
 .debug_macro   0x00012ad0      0x1ab ./source/hello_world.o
 .debug_macro   0x00012c7b       0x11 ./source/semihost_hardfault.o
 .debug_macro   0x00012c8c      0x1d8 ./drivers/fsl_clock.o
 .debug_macro   0x00012e64      0x127 ./drivers/fsl_uart.o
 .debug_macro   0x00012f8b       0x10 ./drivers/fsl_uart.o
 .debug_macro   0x00012f9b       0x98 ./device/system_MK64F12.o
 .debug_macro   0x00013033      0x11e ./component/uart/fsl_adapter_uart.o
 .debug_macro   0x00013151       0x16 ./component/uart/fsl_adapter_uart.o
 .debug_macro   0x00013167      0x145 ./board/board.o
 .debug_macro   0x000132ac       0x16 ./board/board.o
 .debug_macro   0x000132c2      0x153 ./board/clock_config.o
 .debug_macro   0x00013415      0x11e ./board/pin_mux.o

.debug_line     0x00000000     0x6553
 .debug_line    0x00000000      0x460 ./utilities/fsl_assert.o
 .debug_line    0x00000460      0xd5d ./utilities/fsl_debug_console.o
 .debug_line    0x000011bd      0x911 ./startup/startup_mk64f12.o
 .debug_line    0x00001ace      0x5e8 ./source/hello_world.o
 .debug_line    0x000020b6       0x59 ./source/semihost_hardfault.o
 .debug_line    0x0000210f     0x156c ./drivers/fsl_clock.o
 .debug_line    0x0000367b     0x1548 ./drivers/fsl_uart.o
 .debug_line    0x00004bc3      0x432 ./device/system_MK64F12.o
 .debug_line    0x00004ff5      0x605 ./component/uart/fsl_adapter_uart.o
 .debug_line    0x000055fa      0x527 ./board/board.o
 .debug_line    0x00005b21      0x54a ./board/clock_config.o
 .debug_line    0x0000606b      0x4e8 ./board/pin_mux.o

.debug_str      0x00000000    0x801ad
 .debug_str     0x00000000    0x79c47 ./utilities/fsl_assert.o
                              0x79cd2 (size before relaxing)
 .debug_str     0x00079c47     0x1614 ./utilities/fsl_debug_console.o
                              0x7b344 (size before relaxing)
 .debug_str     0x0007b25b      0x7e0 ./startup/startup_mk64f12.o
                               0x36c5 (size before relaxing)
 .debug_str     0x0007ba3b      0xdd0 ./source/hello_world.o
                              0x7aa6a (size before relaxing)
 .debug_str     0x0007c80b       0x1f ./source/semihost_hardfault.o
                               0x2e6a (size before relaxing)
 .debug_str     0x0007c82a     0x1e39 ./drivers/fsl_clock.o
                              0x7c3b8 (size before relaxing)
 .debug_str     0x0007e663     0x1358 ./drivers/fsl_uart.o
                              0x7bcf2 (size before relaxing)
 .debug_str     0x0007f9bb      0x127 ./device/system_MK64F12.o
                              0x784aa (size before relaxing)
 .debug_str     0x0007fae2       0xe9 ./component/uart/fsl_adapter_uart.o
                              0x7ac54 (size before relaxing)
 .debug_str     0x0007fbcb       0x37 ./board/board.o
                              0x7a9c8 (size before relaxing)
 .debug_str     0x0007fc02      0x3b7 ./board/clock_config.o
                              0x7ad1f (size before relaxing)
 .debug_str     0x0007ffb9      0x1f4 ./board/pin_mux.o
                              0x7a290 (size before relaxing)

.comment        0x00000000       0x4d
 .comment       0x00000000       0x4d ./utilities/fsl_assert.o
                                 0x4e (size before relaxing)
 .comment       0x0000004d       0x4e ./utilities/fsl_debug_console.o
 .comment       0x0000004d       0x4e ./startup/startup_mk64f12.o
 .comment       0x0000004d       0x4e ./source/hello_world.o
 .comment       0x0000004d       0x4e ./source/semihost_hardfault.o
 .comment       0x0000004d       0x4e ./drivers/fsl_clock.o
 .comment       0x0000004d       0x4e ./drivers/fsl_uart.o
 .comment       0x0000004d       0x4e ./device/system_MK64F12.o
 .comment       0x0000004d       0x4e ./component/uart/fsl_adapter_uart.o
 .comment       0x0000004d       0x4e ./board/board.o
 .comment       0x0000004d       0x4e ./board/clock_config.o
 .comment       0x0000004d       0x4e ./board/pin_mux.o
 .comment       0x0000004d       0x4e c:/nxp/mcuxpressoide_11.4.0_6224/ide/plugins/com.nxp.mcuxpresso.tools.win32_11.4.0.202103011116/tools/bin/../lib/gcc/arm-none-eabi/10.2.1/../../../../arm-none-eabi/lib/thumb/v7e-m+fp/hard\libcr_nohost_nf.a(_cr__main.o)
 .comment       0x0000004d       0x4e c:/nxp/mcuxpressoide_11.4.0_6224/ide/plugins/com.nxp.mcuxpresso.tools.win32_11.4.0.202103011116/tools/bin/../lib/gcc/arm-none-eabi/10.2.1/../../../../arm-none-eabi/lib/thumb/v7e-m+fp/hard\libcr_c.a(memset.o)
 .comment       0x0000004d       0x4e c:/nxp/mcuxpressoide_11.4.0_6224/ide/plugins/com.nxp.mcuxpresso.tools.win32_11.4.0.202103011116/tools/bin/../lib/gcc/arm-none-eabi/10.2.1/../../../../arm-none-eabi/lib/thumb/v7e-m+fp/hard\libcr_c.a(alloc.o)
 .comment       0x0000004d       0x4e c:/nxp/mcuxpressoide_11.4.0_6224/ide/plugins/com.nxp.mcuxpresso.tools.win32_11.4.0.202103011116/tools/bin/../lib/gcc/arm-none-eabi/10.2.1/../../../../arm-none-eabi/lib/thumb/v7e-m+fp/hard\libcr_c.a(initio.o)
 .comment       0x0000004d       0x4e c:/nxp/mcuxpressoide_11.4.0_6224/ide/plugins/com.nxp.mcuxpresso.tools.win32_11.4.0.202103011116/tools/bin/../lib/gcc/arm-none-eabi/10.2.1/../../../../arm-none-eabi/lib/thumb/v7e-m+fp/hard\libcr_c.a(setvbuf.o)
 .comment       0x0000004d       0x4e c:/nxp/mcuxpressoide_11.4.0_6224/ide/plugins/com.nxp.mcuxpresso.tools.win32_11.4.0.202103011116/tools/bin/../lib/gcc/arm-none-eabi/10.2.1/../../../../arm-none-eabi/lib/thumb/v7e-m+fp/hard\libcr_c.a(strlen.o)
 .comment       0x0000004d       0x4e c:/nxp/mcuxpressoide_11.4.0_6224/ide/plugins/com.nxp.mcuxpresso.tools.win32_11.4.0.202103011116/tools/bin/../lib/gcc/arm-none-eabi/10.2.1/../../../../arm-none-eabi/lib/thumb/v7e-m+fp/hard\libcr_c.a(_fdopen.o)
 .comment       0x0000004d       0x4e c:/nxp/mcuxpressoide_11.4.0_6224/ide/plugins/com.nxp.mcuxpresso.tools.win32_11.4.0.202103011116/tools/bin/../lib/gcc/arm-none-eabi/10.2.1/../../../../arm-none-eabi/lib/thumb/v7e-m+fp/hard\libcr_c.a(errno.o)
 .comment       0x0000004d       0x4e c:/nxp/mcuxpressoide_11.4.0_6224/ide/plugins/com.nxp.mcuxpresso.tools.win32_11.4.0.202103011116/tools/bin/../lib/gcc/arm-none-eabi/10.2.1/../../../../arm-none-eabi/lib/thumb/v7e-m+fp/hard\libcr_c.a(fclose.o)
 .comment       0x0000004d       0x4e c:/nxp/mcuxpressoide_11.4.0_6224/ide/plugins/com.nxp.mcuxpresso.tools.win32_11.4.0.202103011116/tools/bin/../lib/gcc/arm-none-eabi/10.2.1/../../../../arm-none-eabi/lib/thumb/v7e-m+fp/hard\libcr_c.a(fflush.o)
 .comment       0x0000004d       0x4e c:/nxp/mcuxpressoide_11.4.0_6224/ide/plugins/com.nxp.mcuxpresso.tools.win32_11.4.0.202103011116/tools/bin/../lib/gcc/arm-none-eabi/10.2.1/../../../../arm-none-eabi/lib/thumb/v7e-m+fp/hard\libcr_c.a(fseek.o)
 .comment       0x0000004d       0x4e c:/nxp/mcuxpressoide_11.4.0_6224/ide/plugins/com.nxp.mcuxpresso.tools.win32_11.4.0.202103011116/tools/bin/../lib/gcc/arm-none-eabi/10.2.1/../../../../arm-none-eabi/lib/thumb/v7e-m+fp/hard\libcr_c.a(ftell.o)
 .comment       0x0000004d       0x4e c:/nxp/mcuxpressoide_11.4.0_6224/ide/plugins/com.nxp.mcuxpresso.tools.win32_11.4.0.202103011116/tools/bin/../lib/gcc/arm-none-eabi/10.2.1/../../../../arm-none-eabi/lib/thumb/v7e-m+fp/hard\libcr_c.a(remove.o)
 .comment       0x0000004d       0x4e c:/nxp/mcuxpressoide_11.4.0_6224/ide/plugins/com.nxp.mcuxpresso.tools.win32_11.4.0.202103011116/tools/bin/../lib/gcc/arm-none-eabi/10.2.1/../../../../arm-none-eabi/lib/thumb/v7e-m+fp/hard\libcr_c.a(_do_fflush.o)
 .comment       0x0000004d       0x4e c:/nxp/mcuxpressoide_11.4.0_6224/ide/plugins/com.nxp.mcuxpresso.tools.win32_11.4.0.202103011116/tools/bin/../lib/gcc/arm-none-eabi/10.2.1/../../../../arm-none-eabi/lib/thumb/v7e-m+fp/hard\libcr_c.a(_fflush.o)
 .comment       0x0000004d       0x4e c:/nxp/mcuxpressoide_11.4.0_6224/ide/plugins/com.nxp.mcuxpresso.tools.win32_11.4.0.202103011116/tools/bin/../lib/gcc/arm-none-eabi/10.2.1/../../../../arm-none-eabi/lib/thumb/v7e-m+fp/hard\libcr_c.a(_writebuf.o)
 .comment       0x0000004d       0x4e c:/nxp/mcuxpressoide_11.4.0_6224/ide/plugins/com.nxp.mcuxpresso.tools.win32_11.4.0.202103011116/tools/bin/../lib/gcc/arm-none-eabi/10.2.1/../../../../arm-none-eabi/lib/thumb/v7e-m+fp/hard\libcr_c.a(_deferredlazyseek.o)
 .comment       0x0000004d       0x4e c:/nxp/mcuxpressoide_11.4.0_6224/ide/plugins/com.nxp.mcuxpresso.tools.win32_11.4.0.202103011116/tools/bin/../lib/gcc/arm-none-eabi/10.2.1/../../../../arm-none-eabi/lib/thumb/v7e-m+fp/hard\libcr_nohost_nf.a(__ciob.o)
 .comment       0x0000004d       0x4e c:/nxp/mcuxpressoide_11.4.0_6224/ide/plugins/com.nxp.mcuxpresso.tools.win32_11.4.0.202103011116/tools/bin/../lib/gcc/arm-none-eabi/10.2.1/../../../../arm-none-eabi/lib/thumb/v7e-m+fp/hard\libcr_nohost_nf.a(__sys_close.o)
 .comment       0x0000004d       0x4e c:/nxp/mcuxpressoide_11.4.0_6224/ide/plugins/com.nxp.mcuxpresso.tools.win32_11.4.0.202103011116/tools/bin/../lib/gcc/arm-none-eabi/10.2.1/../../../../arm-none-eabi/lib/thumb/v7e-m+fp/hard\libcr_nohost_nf.a(__sys_flen.o)
 .comment       0x0000004d       0x4e c:/nxp/mcuxpressoide_11.4.0_6224/ide/plugins/com.nxp.mcuxpresso.tools.win32_11.4.0.202103011116/tools/bin/../lib/gcc/arm-none-eabi/10.2.1/../../../../arm-none-eabi/lib/thumb/v7e-m+fp/hard\libcr_nohost_nf.a(__sys_istty.o)
 .comment       0x0000004d       0x4e c:/nxp/mcuxpressoide_11.4.0_6224/ide/plugins/com.nxp.mcuxpresso.tools.win32_11.4.0.202103011116/tools/bin/../lib/gcc/arm-none-eabi/10.2.1/../../../../arm-none-eabi/lib/thumb/v7e-m+fp/hard\libcr_nohost_nf.a(__sys_remove.o)
 .comment       0x0000004d       0x4e c:/nxp/mcuxpressoide_11.4.0_6224/ide/plugins/com.nxp.mcuxpresso.tools.win32_11.4.0.202103011116/tools/bin/../lib/gcc/arm-none-eabi/10.2.1/../../../../arm-none-eabi/lib/thumb/v7e-m+fp/hard\libcr_nohost_nf.a(__sys_seek.o)
 .comment       0x0000004d       0x4e c:/nxp/mcuxpressoide_11.4.0_6224/ide/plugins/com.nxp.mcuxpresso.tools.win32_11.4.0.202103011116/tools/bin/../lib/gcc/arm-none-eabi/10.2.1/../../../../arm-none-eabi/lib/thumb/v7e-m+fp/hard\libcr_nohost_nf.a(__sys_tmpnam.o)
 .comment       0x0000004d       0x4e c:/nxp/mcuxpressoide_11.4.0_6224/ide/plugins/com.nxp.mcuxpresso.tools.win32_11.4.0.202103011116/tools/bin/../lib/gcc/arm-none-eabi/10.2.1/../../../../arm-none-eabi/lib/thumb/v7e-m+fp/hard\libcr_nohost_nf.a(__sys_write.o)

.ARM.attributes
                0x00000000       0x32
 .ARM.attributes
                0x00000000       0x34 ./utilities/fsl_assert.o
 .ARM.attributes
                0x00000034       0x34 ./utilities/fsl_debug_console.o
 .ARM.attributes
                0x00000068       0x34 ./startup/startup_mk64f12.o
 .ARM.attributes
                0x0000009c       0x34 ./source/hello_world.o
 .ARM.attributes
                0x000000d0       0x34 ./source/semihost_hardfault.o
 .ARM.attributes
                0x00000104       0x34 ./drivers/fsl_clock.o
 .ARM.attributes
                0x00000138       0x34 ./drivers/fsl_uart.o
 .ARM.attributes
                0x0000016c       0x34 ./device/system_MK64F12.o
 .ARM.attributes
                0x000001a0       0x34 ./component/uart/fsl_adapter_uart.o
 .ARM.attributes
                0x000001d4       0x34 ./board/board.o
 .ARM.attributes
                0x00000208       0x34 ./board/clock_config.o
 .ARM.attributes
                0x0000023c       0x34 ./board/pin_mux.o
 .ARM.attributes
                0x00000270       0x34 c:/nxp/mcuxpressoide_11.4.0_6224/ide/plugins/com.nxp.mcuxpresso.tools.win32_11.4.0.202103011116/tools/bin/../lib/gcc/arm-none-eabi/10.2.1/../../../../arm-none-eabi/lib/thumb/v7e-m+fp/hard\libcr_nohost_nf.a(_cr__main.o)
 .ARM.attributes
                0x000002a4       0x34 c:/nxp/mcuxpressoide_11.4.0_6224/ide/plugins/com.nxp.mcuxpresso.tools.win32_11.4.0.202103011116/tools/bin/../lib/gcc/arm-none-eabi/10.2.1/../../../../arm-none-eabi/lib/thumb/v7e-m+fp/hard\libcr_c.a(memset.o)
 .ARM.attributes
                0x000002d8       0x34 c:/nxp/mcuxpressoide_11.4.0_6224/ide/plugins/com.nxp.mcuxpresso.tools.win32_11.4.0.202103011116/tools/bin/../lib/gcc/arm-none-eabi/10.2.1/../../../../arm-none-eabi/lib/thumb/v7e-m+fp/hard\libcr_c.a(alloc.o)
 .ARM.attributes
                0x0000030c       0x34 c:/nxp/mcuxpressoide_11.4.0_6224/ide/plugins/com.nxp.mcuxpresso.tools.win32_11.4.0.202103011116/tools/bin/../lib/gcc/arm-none-eabi/10.2.1/../../../../arm-none-eabi/lib/thumb/v7e-m+fp/hard\libcr_c.a(initio.o)
 .ARM.attributes
                0x00000340       0x34 c:/nxp/mcuxpressoide_11.4.0_6224/ide/plugins/com.nxp.mcuxpresso.tools.win32_11.4.0.202103011116/tools/bin/../lib/gcc/arm-none-eabi/10.2.1/../../../../arm-none-eabi/lib/thumb/v7e-m+fp/hard\libcr_c.a(setvbuf.o)
 .ARM.attributes
                0x00000374       0x34 c:/nxp/mcuxpressoide_11.4.0_6224/ide/plugins/com.nxp.mcuxpresso.tools.win32_11.4.0.202103011116/tools/bin/../lib/gcc/arm-none-eabi/10.2.1/../../../../arm-none-eabi/lib/thumb/v7e-m+fp/hard\libcr_c.a(strlen.o)
 .ARM.attributes
                0x000003a8       0x34 c:/nxp/mcuxpressoide_11.4.0_6224/ide/plugins/com.nxp.mcuxpresso.tools.win32_11.4.0.202103011116/tools/bin/../lib/gcc/arm-none-eabi/10.2.1/../../../../arm-none-eabi/lib/thumb/v7e-m+fp/hard\libcr_c.a(_fdopen.o)
 .ARM.attributes
                0x000003dc       0x39 c:/nxp/mcuxpressoide_11.4.0_6224/ide/plugins/com.nxp.mcuxpresso.tools.win32_11.4.0.202103011116/tools/bin/../lib/gcc/arm-none-eabi/10.2.1/../../../../arm-none-eabi/lib/thumb/v7e-m+fp/hard\libcr_c.a(errno.o)
 .ARM.attributes
                0x00000415       0x34 c:/nxp/mcuxpressoide_11.4.0_6224/ide/plugins/com.nxp.mcuxpresso.tools.win32_11.4.0.202103011116/tools/bin/../lib/gcc/arm-none-eabi/10.2.1/../../../../arm-none-eabi/lib/thumb/v7e-m+fp/hard\libcr_c.a(fclose.o)
 .ARM.attributes
                0x00000449       0x34 c:/nxp/mcuxpressoide_11.4.0_6224/ide/plugins/com.nxp.mcuxpresso.tools.win32_11.4.0.202103011116/tools/bin/../lib/gcc/arm-none-eabi/10.2.1/../../../../arm-none-eabi/lib/thumb/v7e-m+fp/hard\libcr_c.a(fflush.o)
 .ARM.attributes
                0x0000047d       0x34 c:/nxp/mcuxpressoide_11.4.0_6224/ide/plugins/com.nxp.mcuxpresso.tools.win32_11.4.0.202103011116/tools/bin/../lib/gcc/arm-none-eabi/10.2.1/../../../../arm-none-eabi/lib/thumb/v7e-m+fp/hard\libcr_c.a(fseek.o)
 .ARM.attributes
                0x000004b1       0x34 c:/nxp/mcuxpressoide_11.4.0_6224/ide/plugins/com.nxp.mcuxpresso.tools.win32_11.4.0.202103011116/tools/bin/../lib/gcc/arm-none-eabi/10.2.1/../../../../arm-none-eabi/lib/thumb/v7e-m+fp/hard\libcr_c.a(ftell.o)
 .ARM.attributes
                0x000004e5       0x34 c:/nxp/mcuxpressoide_11.4.0_6224/ide/plugins/com.nxp.mcuxpresso.tools.win32_11.4.0.202103011116/tools/bin/../lib/gcc/arm-none-eabi/10.2.1/../../../../arm-none-eabi/lib/thumb/v7e-m+fp/hard\libcr_c.a(remove.o)
 .ARM.attributes
                0x00000519       0x34 c:/nxp/mcuxpressoide_11.4.0_6224/ide/plugins/com.nxp.mcuxpresso.tools.win32_11.4.0.202103011116/tools/bin/../lib/gcc/arm-none-eabi/10.2.1/../../../../arm-none-eabi/lib/thumb/v7e-m+fp/hard\libcr_c.a(_do_fflush.o)
 .ARM.attributes
                0x0000054d       0x34 c:/nxp/mcuxpressoide_11.4.0_6224/ide/plugins/com.nxp.mcuxpresso.tools.win32_11.4.0.202103011116/tools/bin/../lib/gcc/arm-none-eabi/10.2.1/../../../../arm-none-eabi/lib/thumb/v7e-m+fp/hard\libcr_c.a(_fflush.o)
 .ARM.attributes
                0x00000581       0x34 c:/nxp/mcuxpressoide_11.4.0_6224/ide/plugins/com.nxp.mcuxpresso.tools.win32_11.4.0.202103011116/tools/bin/../lib/gcc/arm-none-eabi/10.2.1/../../../../arm-none-eabi/lib/thumb/v7e-m+fp/hard\libcr_c.a(_writebuf.o)
 .ARM.attributes
                0x000005b5       0x34 c:/nxp/mcuxpressoide_11.4.0_6224/ide/plugins/com.nxp.mcuxpresso.tools.win32_11.4.0.202103011116/tools/bin/../lib/gcc/arm-none-eabi/10.2.1/../../../../arm-none-eabi/lib/thumb/v7e-m+fp/hard\libcr_c.a(_deferredlazyseek.o)
 .ARM.attributes
                0x000005e9       0x20 c:/nxp/mcuxpressoide_11.4.0_6224/ide/plugins/com.nxp.mcuxpresso.tools.win32_11.4.0.202103011116/tools/bin/../lib/gcc/arm-none-eabi/10.2.1/thumb/v7e-m+fp/hard\libcr_eabihelpers.a(memcpy.o)
 .ARM.attributes
                0x00000609       0x39 c:/nxp/mcuxpressoide_11.4.0_6224/ide/plugins/com.nxp.mcuxpresso.tools.win32_11.4.0.202103011116/tools/bin/../lib/gcc/arm-none-eabi/10.2.1/../../../../arm-none-eabi/lib/thumb/v7e-m+fp/hard\libcr_nohost_nf.a(__ciob.o)
 .ARM.attributes
                0x00000642       0x34 c:/nxp/mcuxpressoide_11.4.0_6224/ide/plugins/com.nxp.mcuxpresso.tools.win32_11.4.0.202103011116/tools/bin/../lib/gcc/arm-none-eabi/10.2.1/../../../../arm-none-eabi/lib/thumb/v7e-m+fp/hard\libcr_nohost_nf.a(__sys_close.o)
 .ARM.attributes
                0x00000676       0x34 c:/nxp/mcuxpressoide_11.4.0_6224/ide/plugins/com.nxp.mcuxpresso.tools.win32_11.4.0.202103011116/tools/bin/../lib/gcc/arm-none-eabi/10.2.1/../../../../arm-none-eabi/lib/thumb/v7e-m+fp/hard\libcr_nohost_nf.a(__sys_flen.o)
 .ARM.attributes
                0x000006aa       0x34 c:/nxp/mcuxpressoide_11.4.0_6224/ide/plugins/com.nxp.mcuxpresso.tools.win32_11.4.0.202103011116/tools/bin/../lib/gcc/arm-none-eabi/10.2.1/../../../../arm-none-eabi/lib/thumb/v7e-m+fp/hard\libcr_nohost_nf.a(__sys_istty.o)
 .ARM.attributes
                0x000006de       0x34 c:/nxp/mcuxpressoide_11.4.0_6224/ide/plugins/com.nxp.mcuxpresso.tools.win32_11.4.0.202103011116/tools/bin/../lib/gcc/arm-none-eabi/10.2.1/../../../../arm-none-eabi/lib/thumb/v7e-m+fp/hard\libcr_nohost_nf.a(__sys_remove.o)
 .ARM.attributes
                0x00000712       0x34 c:/nxp/mcuxpressoide_11.4.0_6224/ide/plugins/com.nxp.mcuxpresso.tools.win32_11.4.0.202103011116/tools/bin/../lib/gcc/arm-none-eabi/10.2.1/../../../../arm-none-eabi/lib/thumb/v7e-m+fp/hard\libcr_nohost_nf.a(__sys_seek.o)
 .ARM.attributes
                0x00000746       0x34 c:/nxp/mcuxpressoide_11.4.0_6224/ide/plugins/com.nxp.mcuxpresso.tools.win32_11.4.0.202103011116/tools/bin/../lib/gcc/arm-none-eabi/10.2.1/../../../../arm-none-eabi/lib/thumb/v7e-m+fp/hard\libcr_nohost_nf.a(__sys_tmpnam.o)
 .ARM.attributes
                0x0000077a       0x34 c:/nxp/mcuxpressoide_11.4.0_6224/ide/plugins/com.nxp.mcuxpresso.tools.win32_11.4.0.202103011116/tools/bin/../lib/gcc/arm-none-eabi/10.2.1/../../../../arm-none-eabi/lib/thumb/v7e-m+fp/hard\libcr_nohost_nf.a(__sys_write.o)

.debug_frame    0x00000000     0x1ea0
 .debug_frame   0x00000000       0x30 ./utilities/fsl_assert.o
 .debug_frame   0x00000030      0x1d4 ./utilities/fsl_debug_console.o
 .debug_frame   0x00000204      0x8fc ./startup/startup_mk64f12.o
 .debug_frame   0x00000b00       0x30 ./source/hello_world.o
 .debug_frame   0x00000b30       0x20 ./source/semihost_hardfault.o
 .debug_frame   0x00000b50      0x890 ./drivers/fsl_clock.o
 .debug_frame   0x000013e0      0x74c ./drivers/fsl_uart.o
 .debug_frame   0x00001b2c       0x74 ./device/system_MK64F12.o
 .debug_frame   0x00001ba0      0x110 ./component/uart/fsl_adapter_uart.o
 .debug_frame   0x00001cb0       0x34 ./board/board.o
 .debug_frame   0x00001ce4      0x124 ./board/clock_config.o
 .debug_frame   0x00001e08       0x98 ./board/pin_mux.o

Cross Reference Table

Symbol                                            File
ADC0_DriverIRQHandler                             ./startup/startup_mk64f12.o
ADC0_IRQHandler                                   ./startup/startup_mk64f12.o
ADC1_DriverIRQHandler                             ./startup/startup_mk64f12.o
ADC1_IRQHandler                                   ./startup/startup_mk64f12.o
BOARD_BootClockRUN                                ./board/clock_config.o
BOARD_BootClockVLPR                               ./board/clock_config.o
BOARD_InitBootClocks                              ./board/clock_config.o
                                                  ./source/hello_world.o
BOARD_InitBootPins                                ./board/pin_mux.o
                                                  ./source/hello_world.o
BOARD_InitDebugConsole                            ./board/board.o
                                                  ./source/hello_world.o
BOARD_InitPins                                    ./board/pin_mux.o
BusFault_Handler                                  ./startup/startup_mk64f12.o
CAN0_Bus_Off_IRQHandler                           ./startup/startup_mk64f12.o
CAN0_DriverIRQHandler                             ./startup/startup_mk64f12.o
CAN0_Error_IRQHandler                             ./startup/startup_mk64f12.o
CAN0_ORed_Message_buffer_IRQHandler               ./startup/startup_mk64f12.o
CAN0_Rx_Warning_IRQHandler                        ./startup/startup_mk64f12.o
CAN0_Tx_Warning_IRQHandler                        ./startup/startup_mk64f12.o
CAN0_Wake_Up_IRQHandler                           ./startup/startup_mk64f12.o
CLOCK_BootToBlpeMode                              ./drivers/fsl_clock.o
CLOCK_BootToBlpiMode                              ./drivers/fsl_clock.o
                                                  ./board/clock_config.o
CLOCK_BootToFeeMode                               ./drivers/fsl_clock.o
CLOCK_BootToFeiMode                               ./drivers/fsl_clock.o
CLOCK_BootToPeeMode                               ./drivers/fsl_clock.o
                                                  ./board/clock_config.o
CLOCK_CalcPllDiv                                  ./drivers/fsl_clock.o
CLOCK_ClearStatusFlags                            ./drivers/fsl_clock.o
CLOCK_DeinitOsc0                                  ./drivers/fsl_clock.o
CLOCK_EnablePll0                                  ./drivers/fsl_clock.o
CLOCK_EnableUsbfs0Clock                           ./drivers/fsl_clock.o
CLOCK_ExternalModeToFbeModeQuick                  ./drivers/fsl_clock.o
CLOCK_GetBusClkFreq                               ./drivers/fsl_clock.o
CLOCK_GetCoreSysClkFreq                           ./drivers/fsl_clock.o
                                                  ./board/board.o
CLOCK_GetEr32kClkFreq                             ./drivers/fsl_clock.o
CLOCK_GetFixedFreqClkFreq                         ./drivers/fsl_clock.o
CLOCK_GetFlashClkFreq                             ./drivers/fsl_clock.o
CLOCK_GetFlexBusClkFreq                           ./drivers/fsl_clock.o
CLOCK_GetFllFreq                                  ./drivers/fsl_clock.o
CLOCK_GetFreq                                     ./drivers/fsl_clock.o
CLOCK_GetInternalRefClkFreq                       ./drivers/fsl_clock.o
CLOCK_GetMode                                     ./drivers/fsl_clock.o
CLOCK_GetOsc0ErClkFreq                            ./drivers/fsl_clock.o
CLOCK_GetOutClkFreq                               ./drivers/fsl_clock.o
CLOCK_GetPlatClkFreq                              ./drivers/fsl_clock.o
CLOCK_GetPll0Freq                                 ./drivers/fsl_clock.o
CLOCK_GetPllFllSelClkFreq                         ./drivers/fsl_clock.o
CLOCK_GetStatusFlags                              ./drivers/fsl_clock.o
CLOCK_InitOsc0                                    ./drivers/fsl_clock.o
                                                  ./board/clock_config.o
CLOCK_InternalModeToFbiModeQuick                  ./drivers/fsl_clock.o
CLOCK_SetBlpeMode                                 ./drivers/fsl_clock.o
CLOCK_SetBlpiMode                                 ./drivers/fsl_clock.o
CLOCK_SetExternalRefClkConfig                     ./drivers/fsl_clock.o
CLOCK_SetFastIrcFreq                              ./drivers/fsl_clock.o
CLOCK_SetFbeMode                                  ./drivers/fsl_clock.o
CLOCK_SetFbiMode                                  ./drivers/fsl_clock.o
CLOCK_SetFeeMode                                  ./drivers/fsl_clock.o
CLOCK_SetFeiMode                                  ./drivers/fsl_clock.o
CLOCK_SetInternalRefClkConfig                     ./drivers/fsl_clock.o
                                                  ./board/clock_config.o
CLOCK_SetMcgConfig                                ./drivers/fsl_clock.o
CLOCK_SetOsc0MonitorMode                          ./drivers/fsl_clock.o
CLOCK_SetPbeMode                                  ./drivers/fsl_clock.o
CLOCK_SetPeeMode                                  ./drivers/fsl_clock.o
CLOCK_SetPll0MonitorMode                          ./drivers/fsl_clock.o
CLOCK_SetRtcOscMonitorMode                        ./drivers/fsl_clock.o
CLOCK_SetSimConfig                                ./drivers/fsl_clock.o
                                                  ./board/clock_config.o
CLOCK_SetSlowIrcFreq                              ./drivers/fsl_clock.o
CLOCK_TrimInternalRefClk                          ./drivers/fsl_clock.o
CMP0_DriverIRQHandler                             ./startup/startup_mk64f12.o
CMP0_IRQHandler                                   ./startup/startup_mk64f12.o
CMP1_DriverIRQHandler                             ./startup/startup_mk64f12.o
CMP1_IRQHandler                                   ./startup/startup_mk64f12.o
CMP2_DriverIRQHandler                             ./startup/startup_mk64f12.o
CMP2_IRQHandler                                   ./startup/startup_mk64f12.o
CMT_DriverIRQHandler                              ./startup/startup_mk64f12.o
CMT_IRQHandler                                    ./startup/startup_mk64f12.o
DAC0_DriverIRQHandler                             ./startup/startup_mk64f12.o
DAC0_IRQHandler                                   ./startup/startup_mk64f12.o
DAC1_DriverIRQHandler                             ./startup/startup_mk64f12.o
DAC1_IRQHandler                                   ./startup/startup_mk64f12.o
DMA0_DriverIRQHandler                             ./startup/startup_mk64f12.o
DMA0_IRQHandler                                   ./startup/startup_mk64f12.o
DMA10_DriverIRQHandler                            ./startup/startup_mk64f12.o
DMA10_IRQHandler                                  ./startup/startup_mk64f12.o
DMA11_DriverIRQHandler                            ./startup/startup_mk64f12.o
DMA11_IRQHandler                                  ./startup/startup_mk64f12.o
DMA12_DriverIRQHandler                            ./startup/startup_mk64f12.o
DMA12_IRQHandler                                  ./startup/startup_mk64f12.o
DMA13_DriverIRQHandler                            ./startup/startup_mk64f12.o
DMA13_IRQHandler                                  ./startup/startup_mk64f12.o
DMA14_DriverIRQHandler                            ./startup/startup_mk64f12.o
DMA14_IRQHandler                                  ./startup/startup_mk64f12.o
DMA15_DriverIRQHandler                            ./startup/startup_mk64f12.o
DMA15_IRQHandler                                  ./startup/startup_mk64f12.o
DMA1_DriverIRQHandler                             ./startup/startup_mk64f12.o
DMA1_IRQHandler                                   ./startup/startup_mk64f12.o
DMA2_DriverIRQHandler                             ./startup/startup_mk64f12.o
DMA2_IRQHandler                                   ./startup/startup_mk64f12.o
DMA3_DriverIRQHandler                             ./startup/startup_mk64f12.o
DMA3_IRQHandler                                   ./startup/startup_mk64f12.o
DMA4_DriverIRQHandler                             ./startup/startup_mk64f12.o
DMA4_IRQHandler                                   ./startup/startup_mk64f12.o
DMA5_DriverIRQHandler                             ./startup/startup_mk64f12.o
DMA5_IRQHandler                                   ./startup/startup_mk64f12.o
DMA6_DriverIRQHandler                             ./startup/startup_mk64f12.o
DMA6_IRQHandler                                   ./startup/startup_mk64f12.o
DMA7_DriverIRQHandler                             ./startup/startup_mk64f12.o
DMA7_IRQHandler                                   ./startup/startup_mk64f12.o
DMA8_DriverIRQHandler                             ./startup/startup_mk64f12.o
DMA8_IRQHandler                                   ./startup/startup_mk64f12.o
DMA9_DriverIRQHandler                             ./startup/startup_mk64f12.o
DMA9_IRQHandler                                   ./startup/startup_mk64f12.o
DMA_Error_DriverIRQHandler                        ./startup/startup_mk64f12.o
DMA_Error_IRQHandler                              ./startup/startup_mk64f12.o
DbgConsole_Deinit                                 ./utilities/fsl_debug_console.o
DbgConsole_Getchar                                ./utilities/fsl_debug_console.o
                                                  ./source/hello_world.o
DbgConsole_Init                                   ./utilities/fsl_debug_console.o
                                                  ./board/board.o
DbgConsole_Printf                                 ./utilities/fsl_debug_console.o
                                                  ./source/hello_world.o
                                                  ./utilities/fsl_assert.o
DbgConsole_Putchar                                ./utilities/fsl_debug_console.o
                                                  ./source/hello_world.o
DbgConsole_Scanf                                  ./utilities/fsl_debug_console.o
DebugMon_Handler                                  ./startup/startup_mk64f12.o
ENET_1588_Timer_DriverIRQHandler                  ./startup/startup_mk64f12.o
ENET_1588_Timer_IRQHandler                        ./startup/startup_mk64f12.o
ENET_Error_DriverIRQHandler                       ./startup/startup_mk64f12.o
ENET_Error_IRQHandler                             ./startup/startup_mk64f12.o
ENET_Receive_DriverIRQHandler                     ./startup/startup_mk64f12.o
ENET_Receive_IRQHandler                           ./startup/startup_mk64f12.o
ENET_Transmit_DriverIRQHandler                    ./startup/startup_mk64f12.o
ENET_Transmit_IRQHandler                          ./startup/startup_mk64f12.o
FLASH_Erase                                       ./drivers/fsl_ftfx_flash.o
FLASH_EraseAll                                    ./drivers/fsl_ftfx_flash.o
FLASH_EraseSectorNonBlocking                      ./drivers/fsl_ftfx_flash.o
FLASH_GetCommandState                             ./drivers/fsl_ftfx_flash.o
FLASH_GetProperty                                 ./drivers/fsl_ftfx_flash.o
FLASH_GetSecurityState                            ./drivers/fsl_ftfx_flash.o
FLASH_Init                                        ./drivers/fsl_ftfx_flash.o
FLASH_IsProtected                                 ./drivers/fsl_ftfx_flash.o
FLASH_PflashGetProtection                         ./drivers/fsl_ftfx_flash.o
FLASH_PflashSetProtection                         ./drivers/fsl_ftfx_flash.o
FLASH_Program                                     ./drivers/fsl_ftfx_flash.o
FLASH_ProgramOnce                                 ./drivers/fsl_ftfx_flash.o
FLASH_ProgramSection                              ./drivers/fsl_ftfx_flash.o
FLASH_ReadOnce                                    ./drivers/fsl_ftfx_flash.o
FLASH_ReadResource                                ./drivers/fsl_ftfx_flash.o
FLASH_SecurityBypass                              ./drivers/fsl_ftfx_flash.o
FLASH_Swap                                        ./drivers/fsl_ftfx_flash.o
FLASH_VerifyErase                                 ./drivers/fsl_ftfx_flash.o
FLASH_VerifyEraseAll                              ./drivers/fsl_ftfx_flash.o
FLASH_VerifyProgram                               ./drivers/fsl_ftfx_flash.o
FTFE_DriverIRQHandler                             ./startup/startup_mk64f12.o
FTFE_IRQHandler                                   ./startup/startup_mk64f12.o
FTFx_API_Init                                     ./drivers/fsl_ftfx_controller.o
                                                  ./drivers/fsl_ftfx_flash.o
FTFx_CACHE_ClearCachePrefetchSpeculation          ./drivers/fsl_ftfx_cache.o
FTFx_CACHE_Init                                   ./drivers/fsl_ftfx_cache.o
FTFx_CACHE_PflashGetPrefetchSpeculation           ./drivers/fsl_ftfx_cache.o
FTFx_CACHE_PflashSetPrefetchSpeculation           ./drivers/fsl_ftfx_cache.o
FTFx_CMD_Erase                                    ./drivers/fsl_ftfx_controller.o
                                                  ./drivers/fsl_ftfx_flash.o
FTFx_CMD_EraseAll                                 ./drivers/fsl_ftfx_controller.o
                                                  ./drivers/fsl_ftfx_flash.o
FTFx_CMD_EraseAllExecuteOnlySegments              ./drivers/fsl_ftfx_controller.o
FTFx_CMD_EraseSectorNonBlocking                   ./drivers/fsl_ftfx_controller.o
                                                  ./drivers/fsl_ftfx_flash.o
FTFx_CMD_Program                                  ./drivers/fsl_ftfx_controller.o
                                                  ./drivers/fsl_ftfx_flash.o
FTFx_CMD_ProgramOnce                              ./drivers/fsl_ftfx_controller.o
                                                  ./drivers/fsl_ftfx_flash.o
FTFx_CMD_ProgramSection                           ./drivers/fsl_ftfx_controller.o
                                                  ./drivers/fsl_ftfx_flash.o
FTFx_CMD_ReadOnce                                 ./drivers/fsl_ftfx_controller.o
                                                  ./drivers/fsl_ftfx_flash.o
FTFx_CMD_ReadResource                             ./drivers/fsl_ftfx_controller.o
                                                  ./drivers/fsl_ftfx_flash.o
FTFx_CMD_SecurityBypass                           ./drivers/fsl_ftfx_controller.o
                                                  ./drivers/fsl_ftfx_flash.o
FTFx_CMD_SwapControl                              ./drivers/fsl_ftfx_controller.o
                                                  ./drivers/fsl_ftfx_flash.o
FTFx_CMD_VerifyErase                              ./drivers/fsl_ftfx_controller.o
                                                  ./drivers/fsl_ftfx_flash.o
FTFx_CMD_VerifyEraseAll                           ./drivers/fsl_ftfx_controller.o
                                                  ./drivers/fsl_ftfx_flash.o
FTFx_CMD_VerifyEraseAllExecuteOnlySegments        ./drivers/fsl_ftfx_controller.o
FTFx_CMD_VerifyProgram                            ./drivers/fsl_ftfx_controller.o
                                                  ./drivers/fsl_ftfx_flash.o
FTFx_REG_GetSecurityState                         ./drivers/fsl_ftfx_controller.o
                                                  ./drivers/fsl_ftfx_flash.o
FTM0_DriverIRQHandler                             ./startup/startup_mk64f12.o
FTM0_IRQHandler                                   ./startup/startup_mk64f12.o
FTM1_DriverIRQHandler                             ./startup/startup_mk64f12.o
FTM1_IRQHandler                                   ./startup/startup_mk64f12.o
FTM2_DriverIRQHandler                             ./startup/startup_mk64f12.o
FTM2_IRQHandler                                   ./startup/startup_mk64f12.o
FTM3_DriverIRQHandler                             ./startup/startup_mk64f12.o
FTM3_IRQHandler                                   ./startup/startup_mk64f12.o
Flash_Config                                      ./startup/startup_mk64f12.o
GPIO_PinInit                                      ./drivers/fsl_gpio.o
GPIO_PortClearInterruptFlags                      ./drivers/fsl_gpio.o
GPIO_PortGetInterruptFlags                        ./drivers/fsl_gpio.o
HAL_UartDeinit                                    ./component/uart/fsl_adapter_uart.o
                                                  ./utilities/fsl_debug_console.o