C:\Users\SANTIAGO RUA PEREZ\OneDrive\Documents\Docencia\UdeM\2021\2021-02\Sistemas Embebidos\03_Software\K64FRDM_Workspace\MK64F12_UART_Arduino\CMSIS/core_cm4.h:1679:22:__NVIC_EnableIRQ	16	static
C:\Users\SANTIAGO RUA PEREZ\OneDrive\Documents\Docencia\UdeM\2021\2021-02\Sistemas Embebidos\03_Software\K64FRDM_Workspace\MK64F12_UART_Arduino\drivers/fsl_common_arm.h:488:24:EnableIRQ	24	static
C:\Users\SANTIAGO RUA PEREZ\OneDrive\Documents\Docencia\UdeM\2021\2021-02\Sistemas Embebidos\03_Software\K64FRDM_Workspace\MK64F12_UART_Arduino\drivers/fsl_pit.h:159:20:PIT_EnableInterrupts	24	static
C:\Users\SANTIAGO RUA PEREZ\OneDrive\Documents\Docencia\UdeM\2021\2021-02\Sistemas Embebidos\03_Software\K64FRDM_Workspace\MK64F12_UART_Arduino\drivers/fsl_pit.h:246:20:PIT_SetTimerPeriod	24	static
C:\Users\SANTIAGO RUA PEREZ\OneDrive\Documents\Docencia\UdeM\2021\2021-02\Sistemas Embebidos\03_Software\K64FRDM_Workspace\MK64F12_UART_Arduino\drivers/fsl_pit.h:288:20:PIT_StartTimer	16	static
../board/peripherals.c:104:13:UART1_init	8	static
../board/peripherals.c:147:13:PIT_init	8	static
../board/peripherals.c:163:6:BOARD_InitPeripherals	8	static
../board/peripherals.c:173:6:BOARD_InitBootPeripherals	8	static
