C:\Users\SANTIAGO RUA PEREZ\OneDrive\Documents\Docencia\UdeM\2021\2021-02\Sistemas Embebidos\03_Software\K64FRDM_Workspace\MK64F12_STH3X\CMSIS/core_cm4.h:1679:22:__NVIC_EnableIRQ	16	static
C:\Users\SANTIAGO RUA PEREZ\OneDrive\Documents\Docencia\UdeM\2021\2021-02\Sistemas Embebidos\03_Software\K64FRDM_Workspace\MK64F12_STH3X\drivers/fsl_common_arm.h:488:24:EnableIRQ	24	static
C:\Users\SANTIAGO RUA PEREZ\OneDrive\Documents\Docencia\UdeM\2021\2021-02\Sistemas Embebidos\03_Software\K64FRDM_Workspace\MK64F12_STH3X\drivers/fsl_pit.h:159:20:PIT_EnableInterrupts	24	static
C:\Users\SANTIAGO RUA PEREZ\OneDrive\Documents\Docencia\UdeM\2021\2021-02\Sistemas Embebidos\03_Software\K64FRDM_Workspace\MK64F12_STH3X\drivers/fsl_pit.h:246:20:PIT_SetTimerPeriod	24	static
C:\Users\SANTIAGO RUA PEREZ\OneDrive\Documents\Docencia\UdeM\2021\2021-02\Sistemas Embebidos\03_Software\K64FRDM_Workspace\MK64F12_STH3X\drivers/fsl_pit.h:288:20:PIT_StartTimer	16	static
../board/peripherals.c:97:13:I2C0_init	8	static
../board/peripherals.c:141:13:PIT_init	8	static
../board/peripherals.c:157:6:BOARD_InitPeripherals	8	static
../board/peripherals.c:167:6:BOARD_InitBootPeripherals	8	static
