C:\Users\SANTIAGO RUA PEREZ\OneDrive\Documents\Docencia\UdeM\2021\2021-02\Sistemas Embebidos\03_Software\K64FRDM_Workspace\MK64F12_UART_Arduino_Interrupt\drivers/fsl_pit.h:207:24:PIT_GetStatusFlags	16	static
C:\Users\SANTIAGO RUA PEREZ\OneDrive\Documents\Docencia\UdeM\2021\2021-02\Sistemas Embebidos\03_Software\K64FRDM_Workspace\MK64F12_UART_Arduino_Interrupt\drivers/fsl_pit.h:220:20:PIT_ClearStatusFlags	24	static
C:\Users\SANTIAGO RUA PEREZ\OneDrive\Documents\Docencia\UdeM\2021\2021-02\Sistemas Embebidos\03_Software\K64FRDM_Workspace\MK64F12_UART_Arduino_Interrupt\drivers/fsl_uart.h:653:20:UART_WriteByte	16	static
C:\Users\SANTIAGO RUA PEREZ\OneDrive\Documents\Docencia\UdeM\2021\2021-02\Sistemas Embebidos\03_Software\K64FRDM_Workspace\MK64F12_UART_Arduino_Interrupt\drivers/fsl_uart.h:667:23:UART_ReadByte	16	static
../source/MK64F12_UART_Arduino_Interrupt.c:36:5:main	8	static
../source/MK64F12_UART_Arduino_Interrupt.c:72:6:Q_Init	24	static
../source/MK64F12_UART_Arduino_Interrupt.c:80:5:Q_Empty	16	static
../source/MK64F12_UART_Arduino_Interrupt.c:83:5:Q_Full	16	static
../source/MK64F12_UART_Arduino_Interrupt.c:86:5:Q_Enqueue	16	static
../source/MK64F12_UART_Arduino_Interrupt.c:96:15:Q_Dequeue	24	static
../source/MK64F12_UART_Arduino_Interrupt.c:109:6:PIT0_IRQHandler	16	static
../source/MK64F12_UART_Arduino_Interrupt.c:128:6:UART1_RX_TX_IRQHandler	16	static
